Java HotSpot(TM) 64-Bit Server VM (25.131-b11) for linux-amd64 JRE (1.8.0_131-b11), built on Mar 15 2017 01:23:40 by "java_re" with gcc 4.3.0 20080428 (Red Hat 4.3.0-8)
Memory: 4k page, physical 16310668k(9142192k free), swap 10468348k(10468348k free)
CommandLine flags: -XX:InitialHeapSize=260970688 -XX:MaxHeapSize=4175531008 -XX:+PrintAdaptiveSizePolicy -XX:+PrintCompilation -XX:+PrintGC -XX:+PrintGCApplicationConcurrentTime -XX:+PrintGCApplicationStoppedTime -XX:+PrintGCDateStamps -XX:+PrintGCTimeStamps -XX:+PrintInlining -XX:+PrintTenuringDistribution -XX:+UnlockDiagnosticVMOptions -XX:+UseCompressedClassPointers -XX:+UseCompressedOops -XX:+UseParallelGC 
2018-08-15T23:20:07.724+0530: 0.313: Application time: 0.2653980 seconds
2018-08-15T23:20:07.729+0530: 0.317: [GC (Allocation Failure) AdaptiveSizePolicy::update_averages:  survived: 10457104  promoted: 163840  overflow: true
AdaptiveSizeStart: 0.323 collection: 1 

Desired survivor size 10485760 bytes, new threshold 7 (max 15)
PSAdaptiveSizePolicy::compute_eden_space_size: costs minor_time: 0.018066 major_cost: 0.000000 mutator_cost: 0.981934 throughput_goal: 0.990000 live_space: 278892544 free_space: 132120576 old_eden_size: 66060288 desired_eden_size: 132120576
AdaptiveSizePolicy::survivor space sizes: collection: 1 (10485760, 10485760) -> (10485760, 10485760) 
AdaptiveSizeStop: collection: 1 
 64512K->10372K(245760K), 0.0059120 secs]
2018-08-15T23:20:07.735+0530: 0.323: Total time for which application threads were stopped: 0.0104430 seconds, Stopping threads took: 0.0043138 seconds
2018-08-15T23:20:07.746+0530: 0.335: Application time: 0.0116141 seconds
2018-08-15T23:20:07.747+0530: 0.335: [GC (Allocation Failure) AdaptiveSizePolicy::update_averages:  survived: 10138992  promoted: 0  overflow: false
AdaptiveSizeStart: 0.344 collection: 2 

Desired survivor size 10485760 bytes, new threshold 7 (max 15)
PSAdaptiveSizePolicy::compute_eden_space_size: costs minor_time: 0.218720 major_cost: 0.000000 mutator_cost: 0.781280 throughput_goal: 0.990000 live_space: 278733504 free_space: 198180864 old_eden_size: 132120576 desired_eden_size: 132120576
AdaptiveSizePolicy::survivor space sizes: collection: 2 (10485760, 10485760) -> (10485760, 10485760) 
AdaptiveSizeStop: collection: 2 
 74884K->10061K(310272K), 0.0088800 secs]
2018-08-15T23:20:07.756+0530: 0.344: Total time for which application threads were stopped: 0.0091732 seconds, Stopping threads took: 0.0001971 seconds
2018-08-15T23:20:07.788+0530: 0.376: Application time: 0.0322603 seconds
2018-08-15T23:20:07.788+0530: 0.376: [GC (Allocation Failure) AdaptiveSizePolicy::update_averages:  survived: 9742128  promoted: 0  overflow: false
AdaptiveSizeStart: 0.383 collection: 3 

Desired survivor size 10485760 bytes, new threshold 7 (max 15)
PSAdaptiveSizePolicy::compute_eden_space_size: costs minor_time: 0.199424 major_cost: 0.000000 mutator_cost: 0.800576 throughput_goal: 0.990000 live_space: 278550048 free_space: 198180864 old_eden_size: 132120576 desired_eden_size: 264241152
AdaptiveSizePolicy::survivor space sizes: collection: 3 (10485760, 10485760) -> (10485760, 10485760) 
AdaptiveSizeStop: collection: 3 
 139085K->9673K(310272K), 0.0063876 secs]
2018-08-15T23:20:07.794+0530: 0.383: Total time for which application threads were stopped: 0.0065377 seconds, Stopping threads took: 0.0000189 seconds
2018-08-15T23:20:07.815+0530: 0.403: Application time: 0.0202417 seconds
2018-08-15T23:20:07.815+0530: 0.403: [GC (Allocation Failure) AdaptiveSizePolicy::update_averages:  survived: 9808144  promoted: 8192  overflow: false
AdaptiveSizeStart: 0.411 collection: 4 

Desired survivor size 10485760 bytes, new threshold 7 (max 15)
PSAdaptiveSizePolicy::compute_eden_space_size: costs minor_time: 0.215408 major_cost: 0.000000 mutator_cost: 0.784592 throughput_goal: 0.990000 live_space: 278473440 free_space: 330301440 old_eden_size: 264241152 desired_eden_size: 264241152
AdaptiveSizePolicy::survivor space sizes: collection: 4 (10485760, 10485760) -> (10485760, 10485760) 
AdaptiveSizeStop: collection: 4 
 138697K->9746K(439296K), 0.0075042 secs]
2018-08-15T23:20:07.823+0530: 0.411: Total time for which application threads were stopped: 0.0078143 seconds, Stopping threads took: 0.0001648 seconds
2018-08-15T23:20:07.891+0530: 0.479: Application time: 0.0681035 seconds
2018-08-15T23:20:07.891+0530: 0.480: [GC (Allocation Failure) AdaptiveSizePolicy::update_averages:  survived: 10106072  promoted: 8192  overflow: false
AdaptiveSizeStart: 0.491 collection: 5 
  avg_survived_padded_avg: 10659214.000000  avg_promoted_padded_avg: 74031.101562  avg_pretenured_padded_avg: 0.000000  tenuring_thresh: 6  target_size: 11010048

Desired survivor size 11010048 bytes, new threshold 6 (max 15)
PSAdaptiveSizePolicy::compute_eden_space_size: costs minor_time: 0.196747 major_cost: 0.000000 mutator_cost: 0.803253 throughput_goal: 0.990000 live_space: 278487040 free_space: 330301440 old_eden_size: 264241152 desired_eden_size: 528482304
AdaptiveSizePolicy::survivor space sizes: collection: 5 (10485760, 10485760) -> (10485760, 11010048) 
AdaptiveSizeStop: collection: 5 
 267794K->10045K(439296K), 0.0115205 secs]
2018-08-15T23:20:07.903+0530: 0.491: Total time for which application threads were stopped: 0.0120151 seconds, Stopping threads took: 0.0003528 seconds
2018-08-15T23:20:07.963+0530: 0.551: Application time: 0.0600775 seconds
2018-08-15T23:20:07.963+0530: 0.551: [GC (Allocation Failure) AdaptiveSizePolicy::update_averages:  survived: 10994880  promoted: 81920  overflow: true
AdaptiveSizeStart: 0.556 collection: 6 
  avg_survived_padded_avg: 11126110.000000  avg_promoted_padded_avg: 93724.140625  avg_pretenured_padded_avg: 0.000000  tenuring_thresh: 5  target_size: 11534336

Desired survivor size 11534336 bytes, new threshold 5 (max 15)
PSAdaptiveSizePolicy::compute_eden_space_size: costs minor_time: 0.163223 major_cost: 0.000000 mutator_cost: 0.836777 throughput_goal: 0.990000 live_space: 278637984 free_space: 594542592 old_eden_size: 528482304 desired_eden_size: 528482304
AdaptiveSizePolicy::survivor space sizes: collection: 6 (11010048, 10485760) -> (11010048, 11534336) 
AdaptiveSizeStop: collection: 6 
 268093K->10993K(697344K), 0.0041617 secs]
2018-08-15T23:20:07.967+0530: 0.556: Total time for which application threads were stopped: 0.0044498 seconds, Stopping threads took: 0.0001673 seconds
2018-08-15T23:20:08.102+0530: 0.690: Application time: 0.1344568 seconds
2018-08-15T23:20:08.102+0530: 0.690: [GC (Allocation Failure) AdaptiveSizePolicy::update_averages:  survived: 1097736  promoted: 9938400  overflow: false
AdaptiveSizeStart: 0.705 collection: 7 
  avg_survived_padded_avg: 13025514.000000  avg_promoted_padded_avg: 5046008.000000  avg_pretenured_padded_avg: 0.000000  tenuring_thresh: 4  target_size: 13107200

Desired survivor size 13107200 bytes, new threshold 4 (max 15)
PSAdaptiveSizePolicy::compute_eden_space_size: costs minor_time: 0.147731 major_cost: 0.000000 mutator_cost: 0.852269 throughput_goal: 0.990000 live_space: 277363296 free_space: 594542592 old_eden_size: 528482304 desired_eden_size: 1055916032
AdaptiveSizePolicy::survivor space sizes: collection: 7 (11534336, 11010048) -> (11534336, 13107200) 
AdaptiveSizeStop: collection: 7 
 526577K->11033K(697856K), 0.0156522 secs]
2018-08-15T23:20:08.117+0530: 0.706: Total time for which application threads were stopped: 0.0158146 seconds, Stopping threads took: 0.0000486 seconds
2018-08-15T23:20:08.500+0530: 1.088: Application time: 0.3820837 seconds
2018-08-15T23:20:08.500+0530: 1.088: [GC (Allocation Failure) AdaptiveSizePolicy::update_averages:  survived: 2009696  promoted: 8192  overflow: false
AdaptiveSizeStart: 1.089 collection: 8 
  avg_survived_padded_avg: 13906397.000000  avg_promoted_padded_avg: 4891520.500000  avg_pretenured_padded_avg: 0.000000  tenuring_thresh: 3  target_size: 14155776

Desired survivor size 14155776 bytes, new threshold 3 (max 15)
PSAdaptiveSizePolicy::compute_eden_space_size: costs minor_time: 0.111317 major_cost: 0.000000 mutator_cost: 0.888683 throughput_goal: 0.990000 live_space: 276533120 free_space: 1121976320 old_eden_size: 1055916032 desired_eden_size: 1055916032
AdaptiveSizePolicy::survivor space sizes: collection: 8 (13107200, 11534336) -> (13107200, 14155776) 
AdaptiveSizeStop: collection: 8 
 526617K->11932K(1213952K), 0.0008681 secs]
2018-08-15T23:20:08.501+0530: 1.089: Total time for which application threads were stopped: 0.0010028 seconds, Stopping threads took: 0.0000194 seconds
2018-08-15T23:20:09.372+0530: 1.961: Application time: 0.8718222 seconds
2018-08-15T23:20:09.372+0530: 1.961: [GC (Allocation Failure) AdaptiveSizePolicy::update_averages:  survived: 4496608  promoted: 0  overflow: false
AdaptiveSizeStart: 1.962 collection: 9 
  avg_survived_padded_avg: 13938016.000000  avg_promoted_padded_avg: 4753104.000000  avg_pretenured_padded_avg: 0.000000  tenuring_thresh: 2  target_size: 14155776

Desired survivor size 14155776 bytes, new threshold 2 (max 15)
PSAdaptiveSizePolicy::compute_eden_space_size limits: desired_eden_size: 1688207360 old_eden_size: 1055916032 eden_limit: 1365245952 cur_eden: 1054867456 max_eden_size: 1365245952 avg_young_live: 7701559
PSAdaptiveSizePolicy::compute_eden_space_size: costs minor_time: 0.083825 major_cost: 0.000000 mutator_cost: 0.916175 throughput_goal: 0.990000 live_space: 276137024 free_space: 1121976320 old_eden_size: 1055916032 desired_eden_size: 1365245952
AdaptiveSizePolicy::survivor space sizes: collection: 9 (14155776, 13107200) -> (14155776, 14155776) 
AdaptiveSizeStop: collection: 9 
 1042076K->14360K(1214976K), 0.0014592 secs]
2018-08-15T23:20:09.374+0530: 1.962: Total time for which application threads were stopped: 0.0015784 seconds, Stopping threads took: 0.0000147 seconds
2018-08-15T23:20:10.084+0530: 2.673: Application time: 0.7103498 seconds
2018-08-15T23:20:10.084+0530: 2.673: [GC (Allocation Failure) AdaptiveSizePolicy::update_averages:  survived: 6131320  promoted: 763592  overflow: false
AdaptiveSizeStart: 2.674 collection: 10 
  avg_survived_padded_avg: 13588726.000000  avg_promoted_padded_avg: 4450360.500000  avg_pretenured_padded_avg: 0.000000  tenuring_thresh: 1  target_size: 13631488

Desired survivor size 13631488 bytes, new threshold 1 (max 15)
PSAdaptiveSizePolicy::compute_eden_space_size limits: desired_eden_size: 1688207360 old_eden_size: 1365245952 eden_limit: 1364197376 cur_eden: 1054867456 max_eden_size: 1364197376 avg_young_live: 7544535
PSAdaptiveSizePolicy::compute_eden_space_size: costs minor_time: 0.063388 major_cost: 0.000000 mutator_cost: 0.936612 throughput_goal: 0.990000 live_space: 275980000 free_space: 1431306240 old_eden_size: 1365245952 desired_eden_size: 1364197376
AdaptiveSizePolicy::survivor space sizes: collection: 10 (13107200, 14155776) -> (13107200, 13631488) 
AdaptiveSizeStop: collection: 10 
 1044504K->16702K(1516032K), 0.0015549 secs]
2018-08-15T23:20:10.086+0530: 2.674: Total time for which application threads were stopped: 0.0017004 seconds, Stopping threads took: 0.0000155 seconds
2018-08-15T23:20:11.105+0530: 3.693: Application time: 1.0187360 seconds
2018-08-15T23:20:11.105+0530: 3.693: [GC (Allocation Failure) AdaptiveSizePolicy::update_averages:  survived: 4546792  promoted: 3850712  overflow: false
AdaptiveSizeStart: 3.695 collection: 11 
  avg_survived_padded_avg: 13500596.000000  avg_promoted_padded_avg: 5137331.000000  avg_pretenured_padded_avg: 0.000000  tenuring_thresh: 1  target_size: 13631488

Desired survivor size 13631488 bytes, new threshold 1 (max 15)
PSAdaptiveSizePolicy::compute_eden_space_size limits: desired_eden_size: 2183135232 old_eden_size: 1364197376 eden_limit: 1365770240 cur_eden: 1364197376 max_eden_size: 1365770240 avg_young_live: 7244760
PSAdaptiveSizePolicy::compute_eden_space_size: costs minor_time: 0.048013 major_cost: 0.000000 mutator_cost: 0.951987 throughput_goal: 0.990000 live_space: 275680224 free_space: 1430257664 old_eden_size: 1364197376 desired_eden_size: 1365770240
AdaptiveSizePolicy::survivor space sizes: collection: 11 (13631488, 13107200) -> (13631488, 13631488) 
AdaptiveSizeStop: collection: 11 
 1348926K->18915K(1516544K), 0.0020159 secs]
2018-08-15T23:20:11.107+0530: 3.695: Total time for which application threads were stopped: 0.0021547 seconds, Stopping threads took: 0.0000142 seconds
2018-08-15T23:20:11.466+0530: 4.055: Application time: 0.3595736 seconds
2018-08-15T23:20:11.467+0530: 4.055: Total time for which application threads were stopped: 0.0001073 seconds, Stopping threads took: 0.0000420 seconds
2018-08-15T23:20:12.081+0530: 4.669: Application time: 0.6141291 seconds
2018-08-15T23:20:12.081+0530: 4.669: [GC (Allocation Failure) AdaptiveSizePolicy::update_averages:  survived: 9010864  promoted: 0  overflow: false
AdaptiveSizeStart: 4.671 collection: 12 
  avg_survived_padded_avg: 13522465.000000  avg_promoted_padded_avg: 5001239.000000  avg_pretenured_padded_avg: 0.000000  tenuring_thresh: 1  target_size: 13631488

Desired survivor size 13631488 bytes, new threshold 1 (max 15)
PSAdaptiveSizePolicy::compute_eden_space_size limits: desired_eden_size: 2183135232 old_eden_size: 1365770240 eden_limit: 1365245952 cur_eden: 1364197376 max_eden_size: 1365245952 avg_young_live: 7421370
PSAdaptiveSizePolicy::compute_eden_space_size: costs minor_time: 0.036546 major_cost: 0.000000 mutator_cost: 0.963454 throughput_goal: 0.990000 live_space: 275856832 free_space: 1431830528 old_eden_size: 1365770240 desired_eden_size: 1365245952
AdaptiveSizePolicy::survivor space sizes: collection: 12 (13631488, 13631488) -> (13631488, 13631488) 
AdaptiveSizeStop: collection: 12 
 1351139K->23275K(1517568K), 0.0021827 secs]
2018-08-15T23:20:12.083+0530: 4.672: Total time for which application threads were stopped: 0.0023202 seconds, Stopping threads took: 0.0000134 seconds
2018-08-15T23:20:13.126+0530: 5.714: Application time: 1.0427384 seconds
2018-08-15T23:20:13.126+0530: 5.714: [GC (Allocation Failure) AdaptiveSizePolicy::update_averages:  survived: 5973696  promoted: 5919768  overflow: false
AdaptiveSizeStart: 5.718 collection: 13 
  avg_survived_padded_avg: 13163866.000000  avg_promoted_padded_avg: 6360724.000000  avg_pretenured_padded_avg: 0.000000  tenuring_thresh: 1  target_size: 13631488

Desired survivor size 13631488 bytes, new threshold 1 (max 15)
PSAdaptiveSizePolicy::compute_eden_space_size limits: desired_eden_size: 2184708096 old_eden_size: 1365245952 eden_limit: 1365245952 cur_eden: 1365245952 max_eden_size: 1365245952 avg_young_live: 7276603
PSAdaptiveSizePolicy::compute_eden_space_size: costs minor_time: 0.028177 major_cost: 0.000000 mutator_cost: 0.971823 throughput_goal: 0.990000 live_space: 275712064 free_space: 1431306240 old_eden_size: 1365245952 desired_eden_size: 1365245952
AdaptiveSizeStop: collection: 13 
 1356523K->26090K(1517568K), 0.0032736 secs]
2018-08-15T23:20:13.129+0530: 5.718: Total time for which application threads were stopped: 0.0033965 seconds, Stopping threads took: 0.0000137 seconds
2018-08-15T23:20:14.180+0530: 6.768: Application time: 1.0503654 seconds
2018-08-15T23:20:14.180+0530: 6.768: [GC (Allocation Failure) AdaptiveSizePolicy::update_averages:  survived: 6346000  promoted: 1978712  overflow: false
AdaptiveSizeStart: 6.771 collection: 14 
  avg_survived_padded_avg: 12738206.000000  avg_promoted_padded_avg: 5999307.000000  avg_pretenured_padded_avg: 0.000000  tenuring_thresh: 1  target_size: 13107200

Desired survivor size 13107200 bytes, new threshold 1 (max 15)
PSAdaptiveSizePolicy::compute_eden_space_size limits: desired_eden_size: 2184708096 old_eden_size: 1365245952 eden_limit: 1365245952 cur_eden: 1365245952 max_eden_size: 1365245952 avg_young_live: 7183542
PSAdaptiveSizePolicy::compute_eden_space_size: costs minor_time: 0.021719 major_cost: 0.000000 mutator_cost: 0.978281 throughput_goal: 0.990000 live_space: 275619008 free_space: 1431306240 old_eden_size: 1365245952 desired_eden_size: 1365245952
AdaptiveSizePolicy::survivor space sizes: collection: 14 (12582912, 13631488) -> (12582912, 13107200) 
AdaptiveSizeStop: collection: 14 
 1359338K->28386K(1516544K), 0.0025543 secs]
2018-08-15T23:20:14.182+0530: 6.771: Total time for which application threads were stopped: 0.0026865 seconds, Stopping threads took: 0.0000143 seconds
2018-08-15T23:20:15.230+0530: 7.818: Application time: 1.0476991 seconds
2018-08-15T23:20:15.230+0530: 7.818: [GC (Allocation Failure) AdaptiveSizePolicy::update_averages:  survived: 5235400  promoted: 2963984  overflow: false
AdaptiveSizeStart: 7.821 collection: 15 
  avg_survived_padded_avg: 12518302.000000  avg_promoted_padded_avg: 6030904.000000  avg_pretenured_padded_avg: 0.000000  tenuring_thresh: 1  target_size: 12582912

Desired survivor size 12582912 bytes, new threshold 1 (max 15)
PSAdaptiveSizePolicy::compute_eden_space_size limits: desired_eden_size: 2184708096 old_eden_size: 1365245952 eden_limit: 1366818816 cur_eden: 1365245952 max_eden_size: 1366818816 avg_young_live: 6988728
PSAdaptiveSizePolicy::compute_eden_space_size: costs minor_time: 0.016884 major_cost: 0.000000 mutator_cost: 0.983116 throughput_goal: 0.990000 live_space: 275424192 free_space: 1431306240 old_eden_size: 1365245952 desired_eden_size: 1366818816
AdaptiveSizePolicy::survivor space sizes: collection: 15 (13107200, 12582912) -> (13107200, 12582912) 
AdaptiveSizeStop: collection: 15 
 1361634K->30196K(1517056K), 0.0025954 secs]
2018-08-15T23:20:15.233+0530: 7.821: Total time for which application threads were stopped: 0.0027040 seconds, Stopping threads took: 0.0000139 seconds
2018-08-15T23:20:16.281+0530: 8.869: Application time: 1.0479944 seconds
2018-08-15T23:20:16.281+0530: 8.869: [GC (Allocation Failure) AdaptiveSizePolicy::update_averages:  survived: 5324248  promoted: 1978712  overflow: false
AdaptiveSizeStart: 8.872 collection: 16 
  avg_survived_padded_avg: 12252247.000000  avg_promoted_padded_avg: 5661277.500000  avg_pretenured_padded_avg: 0.000000  tenuring_thresh: 1  target_size: 12582912

Desired survivor size 12582912 bytes, new threshold 1 (max 15)
PSAdaptiveSizePolicy::compute_eden_space_size limits: desired_eden_size: 2184708096 old_eden_size: 1366818816 eden_limit: 1366818816 cur_eden: 1365245952 max_eden_size: 1366818816 avg_young_live: 6822280
PSAdaptiveSizePolicy::compute_eden_space_size: costs minor_time: 0.013308 major_cost: 0.000000 mutator_cost: 0.986692 throughput_goal: 0.990000 live_space: 275257728 free_space: 1432879104 old_eden_size: 1366818816 desired_eden_size: 1366818816
AdaptiveSizePolicy::survivor space sizes: collection: 16 (12582912, 13107200) -> (12582912, 12582912) 
AdaptiveSizeStop: collection: 16 
 1363444K->32215K(1518080K), 0.0027701 secs]
2018-08-15T23:20:16.284+0530: 8.872: Total time for which application threads were stopped: 0.0028746 seconds, Stopping threads took: 0.0000132 seconds
2018-08-15T23:20:17.243+0530: 9.831: Application time: 0.9594135 seconds
2018-08-15T23:20:17.243+0530: 9.831: [GC (Allocation Failure) AdaptiveSizePolicy::update_averages:  survived: 11962872  promoted: 3941032  overflow: false
AdaptiveSizeStart: 9.834 collection: 17 
  avg_survived_padded_avg: 13607723.000000  avg_promoted_padded_avg: 6051113.000000  avg_pretenured_padded_avg: 0.000000  tenuring_thresh: 1  target_size: 13631488

Desired survivor size 13631488 bytes, new threshold 1 (max 15)
PSAdaptiveSizePolicy::compute_eden_space_size limits: desired_eden_size: 1913651200 old_eden_size: 1366818816 eden_limit: 1367343104 cur_eden: 1366818816 max_eden_size: 1367343104 avg_young_live: 7336340
PSAdaptiveSizePolicy::compute_eden_space_size: costs minor_time: 0.010749 major_cost: 0.000000 mutator_cost: 0.989251 throughput_goal: 0.990000 live_space: 275771808 free_space: 1432879104 old_eden_size: 1366818816 desired_eden_size: 1367343104
AdaptiveSizePolicy::survivor space sizes: collection: 17 (12582912, 12582912) -> (12058624, 13631488) 
AdaptiveSizeStop: collection: 17 
 1366999K->42546K(1517568K), 0.0030278 secs]
2018-08-15T23:20:17.246+0530: 9.835: Total time for which application threads were stopped: 0.0031480 seconds, Stopping threads took: 0.0000131 seconds
2018-08-15T23:20:18.084+0530: 10.673: Application time: 0.8380125 seconds
2018-08-15T23:20:18.084+0530: 10.673: [GC (Allocation Failure) AdaptiveSizePolicy::update_averages:  survived: 4478440  promoted: 9860784  overflow: false
AdaptiveSizeStart: 10.677 collection: 18 
  avg_survived_padded_avg: 13469619.000000  avg_promoted_padded_avg: 8536087.000000  avg_pretenured_padded_avg: 0.000000  tenuring_thresh: 1  target_size: 13631488

Desired survivor size 13631488 bytes, new threshold 1 (max 15)
PSAdaptiveSizePolicy::compute_eden_space_size: costs minor_time: 0.009251 major_cost: 0.000000 mutator_cost: 0.990749 throughput_goal: 0.990000 live_space: 275486016 free_space: 1433403392 old_eden_size: 1367343104 desired_eden_size: 1301807104
AdaptiveSizePolicy::survivor space sizes: collection: 18 (4718592, 12058624) -> (4718592, 13631488) 
AdaptiveSizeStop: collection: 18 
 1377330K->44867K(1446912K), 0.0042047 secs]
2018-08-15T23:20:18.088+0530: 10.677: Total time for which application threads were stopped: 0.0043599 seconds, Stopping threads took: 0.0000149 seconds
2018-08-15T23:20:18.888+0530: 11.476: Application time: 0.7992155 seconds
2018-08-15T23:20:18.888+0530: 11.476: [GC (Allocation Failure) AdaptiveSizePolicy::update_averages:  survived: 5337416  promoted: 1321880  overflow: false
AdaptiveSizeStart: 11.479 collection: 19 
  avg_survived_padded_avg: 13121817.000000  avg_promoted_padded_avg: 8226564.000000  avg_pretenured_padded_avg: 0.000000  tenuring_thresh: 1  target_size: 13631488

Desired survivor size 13631488 bytes, new threshold 1 (max 15)
PSAdaptiveSizePolicy::compute_eden_space_size: costs minor_time: 0.007648 major_cost: 0.000000 mutator_cost: 0.992352 throughput_goal: 0.990000 live_space: 275314688 free_space: 1367867392 old_eden_size: 1301807104 desired_eden_size: 1239941120
AdaptiveSizePolicy::survivor space sizes: collection: 19 (13631488, 524288) -> (5767168, 13631488) 
AdaptiveSizeStop: collection: 19 
 1316163K->46997K(1387520K), 0.0025101 secs]
2018-08-15T23:20:18.890+0530: 11.479: Total time for which application threads were stopped: 0.0026333 seconds, Stopping threads took: 0.0000169 seconds
2018-08-15T23:20:19.640+0530: 12.229: Application time: 0.7497914 seconds
2018-08-15T23:20:19.640+0530: 12.229: [GC (Allocation Failure) AdaptiveSizePolicy::update_averages:  survived: 3861864  promoted: 2635568  overflow: false
AdaptiveSizeStart: 12.231 collection: 20 
  avg_survived_padded_avg: 13013097.000000  avg_promoted_padded_avg: 7683477.000000  avg_pretenured_padded_avg: 0.000000  tenuring_thresh: 1  target_size: 13107200

Desired survivor size 13107200 bytes, new threshold 1 (max 15)
PSAdaptiveSizePolicy::compute_eden_space_size: costs minor_time: 0.006356 major_cost: 0.000000 mutator_cost: 0.993644 throughput_goal: 0.990000 live_space: 275012960 free_space: 1306001408 old_eden_size: 1239941120 desired_eden_size: 1181220864
AdaptiveSizePolicy::survivor space sizes: collection: 20 (4194304, 5767168) -> (4194304, 13107200) 
AdaptiveSizeStop: collection: 20 
 1257877K->48130K(1328640K), 0.0022122 secs]
2018-08-15T23:20:19.642+0530: 12.231: Total time for which application threads were stopped: 0.0023237 seconds, Stopping threads took: 0.0000133 seconds
2018-08-15T23:20:19.783+0530: 12.372: Application time: 0.1407700 seconds
2018-08-15T23:20:19.783+0530: 12.372: Total time for which application threads were stopped: 0.0001848 seconds, Stopping threads took: 0.0000422 seconds
2018-08-15T23:20:19.841+0530: 12.429: Application time: 0.0572963 seconds
2018-08-15T23:20:19.841+0530: 12.429: Total time for which application threads were stopped: 0.0000949 seconds, Stopping threads took: 0.0000423 seconds
2018-08-15T23:20:19.841+0530: 12.430: Application time: 0.0002926 seconds
2018-08-15T23:20:19.841+0530: 12.430: Total time for which application threads were stopped: 0.0000486 seconds, Stopping threads took: 0.0000299 seconds
2018-08-15T23:20:19.842+0530: 12.431: Application time: 0.0012261 seconds
2018-08-15T23:20:19.843+0530: 12.431: Total time for which application threads were stopped: 0.0001454 seconds, Stopping threads took: 0.0000244 seconds
2018-08-15T23:20:19.844+0530: 12.433: Application time: 0.0015369 seconds
2018-08-15T23:20:19.844+0530: 12.433: Total time for which application threads were stopped: 0.0001027 seconds, Stopping threads took: 0.0000208 seconds
2018-08-15T23:20:19.868+0530: 12.456: Application time: 0.0238370 seconds
2018-08-15T23:20:19.868+0530: 12.457: Total time for which application threads were stopped: 0.0000640 seconds, Stopping threads took: 0.0000347 seconds
2018-08-15T23:20:19.869+0530: 12.457: Application time: 0.0008691 seconds
2018-08-15T23:20:19.869+0530: 12.457: Total time for which application threads were stopped: 0.0000728 seconds, Stopping threads took: 0.0000314 seconds
2018-08-15T23:20:19.873+0530: 12.461: Application time: 0.0036630 seconds
2018-08-15T23:20:19.873+0530: 12.461: Total time for which application threads were stopped: 0.0000593 seconds, Stopping threads took: 0.0000324 seconds
2018-08-15T23:20:19.873+0530: 12.461: Application time: 0.0002055 seconds
2018-08-15T23:20:19.873+0530: 12.461: Total time for which application threads were stopped: 0.0000333 seconds, Stopping threads took: 0.0000183 seconds
2018-08-15T23:20:19.873+0530: 12.462: Application time: 0.0001098 seconds
2018-08-15T23:20:19.873+0530: 12.462: Total time for which application threads were stopped: 0.0000265 seconds, Stopping threads took: 0.0000149 seconds
2018-08-15T23:20:19.874+0530: 12.463: Application time: 0.0010409 seconds
2018-08-15T23:20:19.874+0530: 12.463: Total time for which application threads were stopped: 0.0000389 seconds, Stopping threads took: 0.0000222 seconds
2018-08-15T23:20:19.874+0530: 12.463: Application time: 0.0000752 seconds
2018-08-15T23:20:19.874+0530: 12.463: Total time for which application threads were stopped: 0.0000314 seconds, Stopping threads took: 0.0000168 seconds
2018-08-15T23:20:19.874+0530: 12.463: Application time: 0.0000247 seconds
2018-08-15T23:20:19.874+0530: 12.463: Total time for which application threads were stopped: 0.0000250 seconds, Stopping threads took: 0.0000138 seconds
2018-08-15T23:20:19.874+0530: 12.463: Application time: 0.0000722 seconds
2018-08-15T23:20:19.874+0530: 12.463: Total time for which application threads were stopped: 0.0000275 seconds, Stopping threads took: 0.0000139 seconds
2018-08-15T23:20:19.874+0530: 12.463: Application time: 0.0000244 seconds
2018-08-15T23:20:19.875+0530: 12.463: Total time for which application threads were stopped: 0.0000273 seconds, Stopping threads took: 0.0000159 seconds
2018-08-15T23:20:19.875+0530: 12.463: Application time: 0.0000175 seconds
2018-08-15T23:20:19.875+0530: 12.463: Total time for which application threads were stopped: 0.0000246 seconds, Stopping threads took: 0.0000141 seconds
2018-08-15T23:20:19.875+0530: 12.463: Application time: 0.0002267 seconds
2018-08-15T23:20:19.875+0530: 12.463: Total time for which application threads were stopped: 0.0000317 seconds, Stopping threads took: 0.0000203 seconds
2018-08-15T23:20:19.875+0530: 12.463: Application time: 0.0000177 seconds
2018-08-15T23:20:19.875+0530: 12.463: Total time for which application threads were stopped: 0.0000480 seconds, Stopping threads took: 0.0000130 seconds
2018-08-15T23:20:19.875+0530: 12.463: Application time: 0.0000648 seconds
2018-08-15T23:20:19.875+0530: 12.463: Total time for which application threads were stopped: 0.0000280 seconds, Stopping threads took: 0.0000162 seconds
2018-08-15T23:20:19.875+0530: 12.463: Application time: 0.0000285 seconds
2018-08-15T23:20:19.875+0530: 12.463: Total time for which application threads were stopped: 0.0000228 seconds, Stopping threads took: 0.0000132 seconds
2018-08-15T23:20:19.875+0530: 12.464: Application time: 0.0002688 seconds
2018-08-15T23:20:19.875+0530: 12.464: Total time for which application threads were stopped: 0.0000266 seconds, Stopping threads took: 0.0000148 seconds
2018-08-15T23:20:19.875+0530: 12.464: Application time: 0.0000563 seconds
2018-08-15T23:20:19.875+0530: 12.464: Total time for which application threads were stopped: 0.0000221 seconds, Stopping threads took: 0.0000124 seconds
2018-08-15T23:20:19.875+0530: 12.464: Application time: 0.0000449 seconds
2018-08-15T23:20:19.875+0530: 12.464: Total time for which application threads were stopped: 0.0000235 seconds, Stopping threads took: 0.0000139 seconds
2018-08-15T23:20:19.876+0530: 12.464: Application time: 0.0000181 seconds
2018-08-15T23:20:19.876+0530: 12.464: Total time for which application threads were stopped: 0.0000233 seconds, Stopping threads took: 0.0000138 seconds
2018-08-15T23:20:19.877+0530: 12.465: Application time: 0.0014399 seconds
2018-08-15T23:20:19.877+0530: 12.465: Total time for which application threads were stopped: 0.0000352 seconds, Stopping threads took: 0.0000218 seconds
2018-08-15T23:20:19.877+0530: 12.466: Application time: 0.0001199 seconds
2018-08-15T23:20:19.877+0530: 12.466: Total time for which application threads were stopped: 0.0000343 seconds, Stopping threads took: 0.0000202 seconds
2018-08-15T23:20:19.878+0530: 12.466: Application time: 0.0004751 seconds
2018-08-15T23:20:19.878+0530: 12.466: Total time for which application threads were stopped: 0.0000508 seconds, Stopping threads took: 0.0000282 seconds
2018-08-15T23:20:19.879+0530: 12.467: Application time: 0.0010934 seconds
2018-08-15T23:20:19.879+0530: 12.467: Total time for which application threads were stopped: 0.0000603 seconds, Stopping threads took: 0.0000428 seconds
2018-08-15T23:20:19.879+0530: 12.467: Application time: 0.0000246 seconds
2018-08-15T23:20:19.879+0530: 12.467: Total time for which application threads were stopped: 0.0000428 seconds, Stopping threads took: 0.0000285 seconds
2018-08-15T23:20:19.879+0530: 12.467: Application time: 0.0000611 seconds
2018-08-15T23:20:19.879+0530: 12.467: Total time for which application threads were stopped: 0.0000443 seconds, Stopping threads took: 0.0000303 seconds
2018-08-15T23:20:19.879+0530: 12.467: Application time: 0.0000213 seconds
2018-08-15T23:20:19.879+0530: 12.468: Total time for which application threads were stopped: 0.0000357 seconds, Stopping threads took: 0.0000219 seconds
2018-08-15T23:20:19.886+0530: 12.475: Application time: 0.0072393 seconds
2018-08-15T23:20:19.886+0530: 12.475: Total time for which application threads were stopped: 0.0000877 seconds, Stopping threads took: 0.0000604 seconds
2018-08-15T23:20:19.887+0530: 12.475: Application time: 0.0001032 seconds
2018-08-15T23:20:19.887+0530: 12.475: Total time for which application threads were stopped: 0.0000966 seconds, Stopping threads took: 0.0000621 seconds
2018-08-15T23:20:19.887+0530: 12.475: Application time: 0.0002618 seconds
2018-08-15T23:20:19.887+0530: 12.475: Total time for which application threads were stopped: 0.0001076 seconds, Stopping threads took: 0.0000843 seconds
2018-08-15T23:20:19.895+0530: 12.484: Application time: 0.0083796 seconds
2018-08-15T23:20:19.895+0530: 12.484: Total time for which application threads were stopped: 0.0000558 seconds, Stopping threads took: 0.0000319 seconds
2018-08-15T23:20:19.897+0530: 12.485: Application time: 0.0013002 seconds
2018-08-15T23:20:19.897+0530: 12.485: Total time for which application threads were stopped: 0.0000706 seconds, Stopping threads took: 0.0000234 seconds
2018-08-15T23:20:19.899+0530: 12.487: Application time: 0.0018386 seconds
2018-08-15T23:20:19.899+0530: 12.487: Total time for which application threads were stopped: 0.0000755 seconds, Stopping threads took: 0.0000368 seconds
2018-08-15T23:20:19.899+0530: 12.487: Application time: 0.0002613 seconds
2018-08-15T23:20:19.899+0530: 12.487: Total time for which application threads were stopped: 0.0000528 seconds, Stopping threads took: 0.0000226 seconds
2018-08-15T23:20:19.899+0530: 12.488: Application time: 0.0001011 seconds
2018-08-15T23:20:19.899+0530: 12.488: Total time for which application threads were stopped: 0.0000324 seconds, Stopping threads took: 0.0000188 seconds
2018-08-15T23:20:19.899+0530: 12.488: Application time: 0.0001105 seconds
2018-08-15T23:20:19.899+0530: 12.488: Total time for which application threads were stopped: 0.0000289 seconds, Stopping threads took: 0.0000154 seconds
2018-08-15T23:20:19.900+0530: 12.488: Application time: 0.0001920 seconds
2018-08-15T23:20:19.900+0530: 12.488: Total time for which application threads were stopped: 0.0000455 seconds, Stopping threads took: 0.0000158 seconds
2018-08-15T23:20:19.902+0530: 12.490: Application time: 0.0023786 seconds
2018-08-15T23:20:19.902+0530: 12.490: Total time for which application threads were stopped: 0.0000863 seconds, Stopping threads took: 0.0000645 seconds
2018-08-15T23:20:19.914+0530: 12.502: Application time: 0.0118556 seconds
2018-08-15T23:20:19.914+0530: 12.502: Total time for which application threads were stopped: 0.0001251 seconds, Stopping threads took: 0.0000446 seconds
2018-08-15T23:20:19.926+0530: 12.515: Application time: 0.0121117 seconds
2018-08-15T23:20:19.927+0530: 12.516: Total time for which application threads were stopped: 0.0012262 seconds, Stopping threads took: 0.0011968 seconds
2018-08-15T23:20:19.928+0530: 12.516: Application time: 0.0004321 seconds
2018-08-15T23:20:19.928+0530: 12.517: Total time for which application threads were stopped: 0.0003229 seconds, Stopping threads took: 0.0003049 seconds
2018-08-15T23:20:19.935+0530: 12.523: Application time: 0.0064987 seconds
2018-08-15T23:20:19.935+0530: 12.523: Total time for which application threads were stopped: 0.0004018 seconds, Stopping threads took: 0.0003540 seconds
2018-08-15T23:20:19.935+0530: 12.524: Application time: 0.0000547 seconds
2018-08-15T23:20:19.935+0530: 12.524: Total time for which application threads were stopped: 0.0003344 seconds, Stopping threads took: 0.0002999 seconds
2018-08-15T23:20:19.936+0530: 12.525: Application time: 0.0010605 seconds
2018-08-15T23:20:19.937+0530: 12.525: Total time for which application threads were stopped: 0.0002786 seconds, Stopping threads took: 0.0002546 seconds
2018-08-15T23:20:19.939+0530: 12.527: Application time: 0.0018187 seconds
2018-08-15T23:20:19.939+0530: 12.527: Total time for which application threads were stopped: 0.0002243 seconds, Stopping threads took: 0.0001735 seconds
2018-08-15T23:20:19.958+0530: 12.546: Application time: 0.0187689 seconds
2018-08-15T23:20:19.958+0530: 12.546: Total time for which application threads were stopped: 0.0000629 seconds, Stopping threads took: 0.0000351 seconds
2018-08-15T23:20:20.330+0530: 12.918: Application time: 0.3719897 seconds
2018-08-15T23:20:20.330+0530: 12.918: [GC (Allocation Failure) AdaptiveSizePolicy::update_averages:  survived: 11683912  promoted: 24576  overflow: false
AdaptiveSizeStart: 12.922 collection: 21 
  avg_survived_padded_avg: 14256583.000000  avg_promoted_padded_avg: 7636966.000000  avg_pretenured_padded_avg: 0.000000  tenuring_thresh: 1  target_size: 14680064

Desired survivor size 14680064 bytes, new threshold 1 (max 15)
PSAdaptiveSizePolicy::compute_eden_space_size: costs minor_time: 0.006139 major_cost: 0.000000 mutator_cost: 0.993861 throughput_goal: 0.990000 live_space: 275523584 free_space: 1247281152 old_eden_size: 1181220864 desired_eden_size: 1125646336
AdaptiveSizePolicy::survivor space sizes: collection: 21 (13107200, 524288) -> (12058624, 10485760) 
AdaptiveSizeStop: collection: 21 
 1201666K->55792K(1282048K), 0.0039843 secs]
2018-08-15T23:20:20.334+0530: 12.922: Total time for which application threads were stopped: 0.0041217 seconds, Stopping threads took: 0.0000160 seconds
2018-08-15T23:20:20.334+0530: 12.922: Application time: 0.0002192 seconds
2018-08-15T23:20:20.334+0530: 12.922: Total time for which application threads were stopped: 0.0000593 seconds, Stopping threads took: 0.0000263 seconds
2018-08-15T23:20:20.334+0530: 12.923: Application time: 0.0000650 seconds
2018-08-15T23:20:20.334+0530: 12.923: Total time for which application threads were stopped: 0.0000304 seconds, Stopping threads took: 0.0000196 seconds
2018-08-15T23:20:20.334+0530: 12.923: Application time: 0.0001180 seconds
2018-08-15T23:20:20.334+0530: 12.923: Total time for which application threads were stopped: 0.0000335 seconds, Stopping threads took: 0.0000209 seconds
2018-08-15T23:20:20.334+0530: 12.923: Application time: 0.0000659 seconds
2018-08-15T23:20:20.334+0530: 12.923: Total time for which application threads were stopped: 0.0000297 seconds, Stopping threads took: 0.0000189 seconds
2018-08-15T23:20:20.334+0530: 12.923: Application time: 0.0000170 seconds
2018-08-15T23:20:20.334+0530: 12.923: Total time for which application threads were stopped: 0.0000126 seconds, Stopping threads took: 0.0000037 seconds
2018-08-15T23:20:20.974+0530: 13.562: Application time: 0.6394290 seconds
2018-08-15T23:20:20.974+0530: 13.562: Total time for which application threads were stopped: 0.0000708 seconds, Stopping threads took: 0.0000382 seconds
2018-08-15T23:20:20.974+0530: 13.563: Application time: 0.0004053 seconds
2018-08-15T23:20:20.974+0530: 13.563: Total time for which application threads were stopped: 0.0000626 seconds, Stopping threads took: 0.0000323 seconds
2018-08-15T23:20:20.975+0530: 13.563: Application time: 0.0002210 seconds
2018-08-15T23:20:20.975+0530: 13.563: Total time for which application threads were stopped: 0.0000443 seconds, Stopping threads took: 0.0000215 seconds
2018-08-15T23:20:20.975+0530: 13.563: Application time: 0.0003660 seconds
2018-08-15T23:20:20.975+0530: 13.564: Total time for which application threads were stopped: 0.0000552 seconds, Stopping threads took: 0.0000186 seconds
2018-08-15T23:20:20.980+0530: 13.569: Application time: 0.0051189 seconds
2018-08-15T23:20:20.980+0530: 13.569: Total time for which application threads were stopped: 0.0000903 seconds, Stopping threads took: 0.0000419 seconds
2018-08-15T23:20:21.002+0530: 13.591: Application time: 0.0221581 seconds
2018-08-15T23:20:21.003+0530: 13.591: [GC (Allocation Failure) AdaptiveSizePolicy::update_averages:  survived: 4794400  promoted: 9148672  overflow: false
AdaptiveSizeStart: 13.595 collection: 22 
  avg_survived_padded_avg: 13931770.000000  avg_promoted_padded_avg: 9604202.000000  avg_pretenured_padded_avg: 0.000000  tenuring_thresh: 1  target_size: 14155776

Desired survivor size 14155776 bytes, new threshold 1 (max 15)
PSAdaptiveSizePolicy::compute_eden_space_size: costs minor_time: 0.005985 major_cost: 0.000000 mutator_cost: 0.994015 throughput_goal: 0.990000 live_space: 275294208 free_space: 1191706624 old_eden_size: 1125646336 desired_eden_size: 1072693248
AdaptiveSizePolicy::survivor space sizes: collection: 22 (5242880, 12058624) -> (5242880, 14155776) 
AdaptiveSizeStop: collection: 22 
 1155056K->57999K(1223680K), 0.0039511 secs]
2018-08-15T23:20:21.007+0530: 13.595: Total time for which application threads were stopped: 0.0040829 seconds, Stopping threads took: 0.0000172 seconds
2018-08-15T23:20:21.666+0530: 14.255: Application time: 0.6598432 seconds
2018-08-15T23:20:21.666+0530: 14.255: [GC (Allocation Failure) AdaptiveSizePolicy::update_averages:  survived: 4583304  promoted: 1371064  overflow: false
AdaptiveSizeStart: 14.258 collection: 23 
  avg_survived_padded_avg: 13613182.000000  avg_promoted_padded_avg: 9246384.000000  avg_pretenured_padded_avg: 0.000000  tenuring_thresh: 1  target_size: 13631488

Desired survivor size 13631488 bytes, new threshold 1 (max 15)
PSAdaptiveSizePolicy::compute_eden_space_size: costs minor_time: 0.005554 major_cost: 0.000000 mutator_cost: 0.994446 throughput_goal: 0.990000 live_space: 275066688 free_space: 1138753536 old_eden_size: 1072693248 desired_eden_size: 1022361600
AdaptiveSizePolicy::survivor space sizes: collection: 23 (14155776, 524288) -> (4718592, 13631488) 
AdaptiveSizeStop: collection: 23 
 1105551K->59131K(1174016K), 0.0030118 secs]
2018-08-15T23:20:21.670+0530: 14.258: Total time for which application threads were stopped: 0.0031646 seconds, Stopping threads took: 0.0000176 seconds
2018-08-15T23:20:21.974+0530: 14.562: Application time: 0.3041796 seconds
2018-08-15T23:20:21.974+0530: 14.562: Total time for which application threads were stopped: 0.0001230 seconds, Stopping threads took: 0.0000398 seconds
2018-08-15T23:20:21.974+0530: 14.563: Application time: 0.0001832 seconds
2018-08-15T23:20:21.974+0530: 14.563: Total time for which application threads were stopped: 0.0000670 seconds, Stopping threads took: 0.0000255 seconds
2018-08-15T23:20:21.974+0530: 14.563: Application time: 0.0000828 seconds
2018-08-15T23:20:21.974+0530: 14.563: Total time for which application threads were stopped: 0.0000433 seconds, Stopping threads took: 0.0000232 seconds
2018-08-15T23:20:21.974+0530: 14.563: Application time: 0.0000160 seconds
2018-08-15T23:20:21.974+0530: 14.563: Total time for which application threads were stopped: 0.0000327 seconds, Stopping threads took: 0.0000165 seconds
2018-08-15T23:20:21.974+0530: 14.563: Application time: 0.0001160 seconds
2018-08-15T23:20:21.974+0530: 14.563: Total time for which application threads were stopped: 0.0000451 seconds, Stopping threads took: 0.0000165 seconds
2018-08-15T23:20:22.293+0530: 14.882: Application time: 0.3186023 seconds
2018-08-15T23:20:22.293+0530: 14.882: [GC (Allocation Failure) AdaptiveSizePolicy::update_averages:  survived: 3991896  promoted: 1978736  overflow: false
AdaptiveSizeStart: 14.884 collection: 24 
  avg_survived_padded_avg: 13365368.000000  avg_promoted_padded_avg: 8774494.000000  avg_pretenured_padded_avg: 0.000000  tenuring_thresh: 1  target_size: 13631488

Desired survivor size 13631488 bytes, new threshold 1 (max 15)
PSAdaptiveSizePolicy::compute_eden_space_size: costs minor_time: 0.005182 major_cost: 0.000000 mutator_cost: 0.994818 throughput_goal: 0.990000 live_space: 274802752 free_space: 1088421888 old_eden_size: 1022361600 desired_eden_size: 974651392
AdaptiveSizePolicy::survivor space sizes: collection: 24 (4194304, 4718592) -> (4194304, 13631488) 
AdaptiveSizeStop: collection: 24 
 1057531K->60486K(1126912K), 0.0028592 secs]
2018-08-15T23:20:22.296+0530: 14.885: Total time for which application threads were stopped: 0.0029832 seconds, Stopping threads took: 0.0000171 seconds
2018-08-15T23:20:22.888+0530: 15.477: Application time: 0.5924190 seconds
2018-08-15T23:20:22.889+0530: 15.477: [GC (Allocation Failure) AdaptiveSizePolicy::update_averages:  survived: 3317024  promoted: 1330080  overflow: false
AdaptiveSizeStart: 15.479 collection: 25 
  avg_survived_padded_avg: 13185632.000000  avg_promoted_padded_avg: 8434577.000000  avg_pretenured_padded_avg: 0.000000  tenuring_thresh: 1  target_size: 13631488

Desired survivor size 13631488 bytes, new threshold 1 (max 15)
PSAdaptiveSizePolicy::compute_eden_space_size: costs minor_time: 0.004863 major_cost: 0.000000 mutator_cost: 0.995137 throughput_goal: 0.990000 live_space: 274497728 free_space: 1040711680 old_eden_size: 974651392 desired_eden_size: 929038336
AdaptiveSizePolicy::survivor space sizes: collection: 25 (13631488, 524288) -> (3670016, 13631488) 
AdaptiveSizeStop: collection: 25 
 1012294K->61126K(1081856K), 0.0024919 secs]
2018-08-15T23:20:22.891+0530: 15.480: Total time for which application threads were stopped: 0.0026353 seconds, Stopping threads took: 0.0000166 seconds
2018-08-15T23:20:22.977+0530: 15.565: Application time: 0.0854374 seconds
2018-08-15T23:20:22.977+0530: 15.565: Total time for which application threads were stopped: 0.0001041 seconds, Stopping threads took: 0.0000657 seconds
2018-08-15T23:20:23.453+0530: 16.041: Application time: 0.4763307 seconds
2018-08-15T23:20:23.453+0530: 16.042: [GC (Allocation Failure) AdaptiveSizePolicy::update_averages:  survived: 10624928  promoted: 0  overflow: false
AdaptiveSizeStart: 16.045 collection: 26 
  avg_survived_padded_avg: 14160108.000000  avg_promoted_padded_avg: 8166727.000000  avg_pretenured_padded_avg: 0.000000  tenuring_thresh: 1  target_size: 14680064

Desired survivor size 14680064 bytes, new threshold 1 (max 15)
PSAdaptiveSizePolicy::compute_eden_space_size: costs minor_time: 0.004982 major_cost: 0.000000 mutator_cost: 0.995018 throughput_goal: 0.990000 live_space: 274953984 free_space: 995098624 old_eden_size: 929038336 desired_eden_size: 886046720
AdaptiveSizePolicy::survivor space sizes: collection: 26 (11010048, 3670016) -> (11010048, 14680064) 
AdaptiveSizeStop: collection: 26 
 968390K->68263K(1047040K), 0.0032489 secs]
2018-08-15T23:20:23.456+0530: 16.045: Total time for which application threads were stopped: 0.0033997 seconds, Stopping threads took: 0.0000177 seconds
2018-08-15T23:20:23.974+0530: 16.563: Application time: 0.5177425 seconds
2018-08-15T23:20:23.974+0530: 16.563: Total time for which application threads were stopped: 0.0001040 seconds, Stopping threads took: 0.0000461 seconds
2018-08-15T23:20:24.001+0530: 16.590: Application time: 0.0271277 seconds
2018-08-15T23:20:24.001+0530: 16.590: [GC (Allocation Failure) AdaptiveSizePolicy::update_averages:  survived: 4510296  promoted: 7906672  overflow: false
AdaptiveSizeStart: 16.593 collection: 27 
  avg_survived_padded_avg: 13738585.000000  avg_promoted_padded_avg: 9624649.000000  avg_pretenured_padded_avg: 0.000000  tenuring_thresh: 1  target_size: 14155776

Desired survivor size 14155776 bytes, new threshold 1 (max 15)
PSAdaptiveSizePolicy::compute_eden_space_size: costs minor_time: 0.005193 major_cost: 0.000000 mutator_cost: 0.994807 throughput_goal: 0.990000 live_space: 274753152 free_space: 952107008 old_eden_size: 886046720 desired_eden_size: 845152256
AdaptiveSizePolicy::survivor space sizes: collection: 27 (14680064, 524288) -> (4718592, 14155776) 
AdaptiveSizeStop: collection: 27 
 933543K->70013K(1000960K), 0.0035690 secs]
2018-08-15T23:20:24.005+0530: 16.594: Total time for which application threads were stopped: 0.0037211 seconds, Stopping threads took: 0.0000166 seconds
2018-08-15T23:20:24.534+0530: 17.122: Application time: 0.5284738 seconds
2018-08-15T23:20:24.534+0530: 17.122: [GC (Allocation Failure) AdaptiveSizePolicy::update_averages:  survived: 4696464  promoted: 1338264  overflow: false
AdaptiveSizeStart: 17.125 collection: 28 
  avg_survived_padded_avg: 13273222.000000  avg_promoted_padded_avg: 9233947.000000  avg_pretenured_padded_avg: 0.000000  tenuring_thresh: 1  target_size: 13631488

Desired survivor size 13631488 bytes, new threshold 1 (max 15)
PSAdaptiveSizePolicy::compute_eden_space_size: costs minor_time: 0.005034 major_cost: 0.000000 mutator_cost: 0.994966 throughput_goal: 0.990000 live_space: 274591040 free_space: 911212544 old_eden_size: 845152256 desired_eden_size: 806354944
AdaptiveSizePolicy::survivor space sizes: collection: 28 (4718592, 4718592) -> (4718592, 13631488) 
AdaptiveSizeStop: collection: 28 
 895357K->71501K(963072K), 0.0027730 secs]
2018-08-15T23:20:24.536+0530: 17.125: Total time for which application threads were stopped: 0.0028917 seconds, Stopping threads took: 0.0000169 seconds
2018-08-15T23:20:24.974+0530: 17.562: Application time: 0.4375338 seconds
2018-08-15T23:20:24.974+0530: 17.563: Total time for which application threads were stopped: 0.0000960 seconds, Stopping threads took: 0.0000356 seconds
2018-08-15T23:20:25.031+0530: 17.620: Application time: 0.0573683 seconds
2018-08-15T23:20:25.032+0530: 17.620: [GC (Allocation Failure) AdaptiveSizePolicy::update_averages:  survived: 3707408  promoted: 1978736  overflow: false
AdaptiveSizeStart: 17.623 collection: 29 
  avg_survived_padded_avg: 12978648.000000  avg_promoted_padded_avg: 8729640.000000  avg_pretenured_padded_avg: 0.000000  tenuring_thresh: 1  target_size: 13107200

Desired survivor size 13107200 bytes, new threshold 1 (max 15)
PSAdaptiveSizePolicy::compute_eden_space_size: costs minor_time: 0.005417 major_cost: 0.000000 mutator_cost: 0.994583 throughput_goal: 0.990000 live_space: 274346208 free_space: 872415232 old_eden_size: 806354944 desired_eden_size: 769130496
AdaptiveSizePolicy::survivor space sizes: collection: 29 (13631488, 524288) -> (4194304, 13107200) 
AdaptiveSizeStop: collection: 29 
 858957K->72468K(926208K), 0.0034687 secs]
2018-08-15T23:20:25.035+0530: 17.623: Total time for which application threads were stopped: 0.0035828 seconds, Stopping threads took: 0.0000178 seconds
2018-08-15T23:20:25.512+0530: 18.100: Application time: 0.4765776 seconds
2018-08-15T23:20:25.512+0530: 18.100: [GC (Allocation Failure) AdaptiveSizePolicy::update_averages:  survived: 3334080  promoted: 1346464  overflow: false
AdaptiveSizeStart: 18.102 collection: 30 
  avg_survived_padded_avg: 12710797.000000  avg_promoted_padded_avg: 8361129.500000  avg_pretenured_padded_avg: 0.000000  tenuring_thresh: 1  target_size: 13107200

Desired survivor size 13107200 bytes, new threshold 1 (max 15)
PSAdaptiveSizePolicy::compute_eden_space_size: costs minor_time: 0.005053 major_cost: 0.000000 mutator_cost: 0.994947 throughput_goal: 0.990000 live_space: 274088544 free_space: 835190784 old_eden_size: 769130496 desired_eden_size: 734003200
AdaptiveSizePolicy::survivor space sizes: collection: 30 (3670016, 4194304) -> (3670016, 13107200) 
AdaptiveSizeStop: collection: 30 
 823572K->73418K(891392K), 0.0022582 secs]
2018-08-15T23:20:25.514+0530: 18.102: Total time for which application threads were stopped: 0.0023742 seconds, Stopping threads took: 0.0000175 seconds
2018-08-15T23:20:25.951+0530: 18.540: Application time: 0.4374796 seconds
2018-08-15T23:20:25.952+0530: 18.540: [GC (Allocation Failure) AdaptiveSizePolicy::update_averages:  survived: 7608280  promoted: 0  overflow: false
AdaptiveSizeStart: 18.542 collection: 31 
  avg_survived_padded_avg: 12727634.000000  avg_promoted_padded_avg: 8103214.000000  avg_pretenured_padded_avg: 0.000000  tenuring_thresh: 1  target_size: 13107200

Desired survivor size 13107200 bytes, new threshold 1 (max 15)
PSAdaptiveSizePolicy::compute_eden_space_size: costs minor_time: 0.005044 major_cost: 0.000000 mutator_cost: 0.994956 throughput_goal: 0.990000 live_space: 274284064 free_space: 800063488 old_eden_size: 734003200 desired_eden_size: 700448768
AdaptiveSizePolicy::survivor space sizes: collection: 31 (13107200, 524288) -> (7864320, 13107200) 
AdaptiveSizeStop: collection: 31 
 790218K->77592K(862720K), 0.0023831 secs]
2018-08-15T23:20:25.954+0530: 18.542: Total time for which application threads were stopped: 0.0025294 seconds, Stopping threads took: 0.0000186 seconds
2018-08-15T23:20:25.978+0530: 18.567: Application time: 0.0243805 seconds
2018-08-15T23:20:25.979+0530: 18.567: Total time for which application threads were stopped: 0.0001144 seconds, Stopping threads took: 0.0000414 seconds
2018-08-15T23:20:26.393+0530: 18.981: Application time: 0.4144437 seconds
2018-08-15T23:20:26.393+0530: 18.981: [GC (Allocation Failure) AdaptiveSizePolicy::update_averages:  survived: 2564040  promoted: 5919752  overflow: false
AdaptiveSizeStart: 18.985 collection: 32 
  avg_survived_padded_avg: 12598839.000000  avg_promoted_padded_avg: 8856467.000000  avg_pretenured_padded_avg: 0.000000  tenuring_thresh: 1  target_size: 13107200

Desired survivor size 13107200 bytes, new threshold 1 (max 15)
PSAdaptiveSizePolicy::compute_eden_space_size: costs minor_time: 0.005557 major_cost: 0.000000 mutator_cost: 0.994443 throughput_goal: 0.990000 live_space: 273955616 free_space: 766509056 old_eden_size: 700448768 desired_eden_size: 668467200
AdaptiveSizePolicy::survivor space sizes: collection: 32 (2621440, 7864320) -> (2621440, 13107200) 
AdaptiveSizeStop: collection: 32 
 761624K->78447K(826368K), 0.0034790 secs]
2018-08-15T23:20:26.397+0530: 18.985: Total time for which application threads were stopped: 0.0036009 seconds, Stopping threads took: 0.0000167 seconds
2018-08-15T23:20:26.802+0530: 19.390: Application time: 0.4052137 seconds
2018-08-15T23:20:26.802+0530: 19.390: [GC (Allocation Failure) AdaptiveSizePolicy::update_averages:  survived: 4339888  promoted: 24576  overflow: false
AdaptiveSizeStart: 19.392 collection: 33 
  avg_survived_padded_avg: 12092274.000000  avg_promoted_padded_avg: 8690536.000000  avg_pretenured_padded_avg: 0.000000  tenuring_thresh: 1  target_size: 12582912

Desired survivor size 12582912 bytes, new threshold 1 (max 15)
PSAdaptiveSizePolicy::compute_eden_space_size: costs minor_time: 0.005271 major_cost: 0.000000 mutator_cost: 0.994729 throughput_goal: 0.990000 live_space: 273837600 free_space: 734527488 old_eden_size: 668467200 desired_eden_size: 638058496
AdaptiveSizePolicy::survivor space sizes: collection: 33 (13107200, 524288) -> (4718592, 12582912) 
AdaptiveSizeStop: collection: 33 
 731247K->80206K(798720K), 0.0019438 secs]
2018-08-15T23:20:26.804+0530: 19.392: Total time for which application threads were stopped: 0.0020588 seconds, Stopping threads took: 0.0000170 seconds
2018-08-15T23:20:26.977+0530: 19.566: Application time: 0.1734784 seconds
2018-08-15T23:20:26.977+0530: 19.566: Total time for which application threads were stopped: 0.0001273 seconds, Stopping threads took: 0.0000763 seconds
2018-08-15T23:20:27.198+0530: 19.787: Application time: 0.2208890 seconds
2018-08-15T23:20:27.198+0530: 19.787: [GC (Allocation Failure) AdaptiveSizePolicy::update_averages:  survived: 4080832  promoted: 1330064  overflow: false
AdaptiveSizeStart: 19.789 collection: 34 
  avg_survived_padded_avg: 11648472.000000  avg_promoted_padded_avg: 8247540.500000  avg_pretenured_padded_avg: 0.000000  tenuring_thresh: 1  target_size: 12058624

Desired survivor size 12058624 bytes, new threshold 1 (max 15)
PSAdaptiveSizePolicy::compute_eden_space_size: costs minor_time: 0.005327 major_cost: 0.000000 mutator_cost: 0.994673 throughput_goal: 0.990000 live_space: 273705440 free_space: 704118784 old_eden_size: 638058496 desired_eden_size: 609222656
AdaptiveSizePolicy::survivor space sizes: collection: 34 (4194304, 4718592) -> (4194304, 12058624) 
AdaptiveSizeStop: collection: 34 
 703310K->81251K(770048K), 0.0024712 secs]
2018-08-15T23:20:27.201+0530: 19.789: Total time for which application threads were stopped: 0.0025798 seconds, Stopping threads took: 0.0000167 seconds
2018-08-15T23:20:27.577+0530: 20.166: Application time: 0.3764275 seconds
2018-08-15T23:20:27.577+0530: 20.166: [GC (Allocation Failure) AdaptiveSizePolicy::update_averages:  survived: 2280584  promoted: 2441216  overflow: false
AdaptiveSizeStart: 20.168 collection: 35 
  avg_survived_padded_avg: 11519358.000000  avg_promoted_padded_avg: 7703173.000000  avg_pretenured_padded_avg: 0.000000  tenuring_thresh: 1  target_size: 11534336

Desired survivor size 11534336 bytes, new threshold 1 (max 15)
PSAdaptiveSizePolicy::compute_eden_space_size: costs minor_time: 0.005127 major_cost: 0.000000 mutator_cost: 0.994873 throughput_goal: 0.990000 live_space: 273406528 free_space: 675282944 old_eden_size: 609222656 desired_eden_size: 581959680
AdaptiveSizePolicy::survivor space sizes: collection: 35 (12058624, 524288) -> (2621440, 11534336) 
AdaptiveSizeStop: collection: 35 
 676195K->81877K(741888K), 0.0018993 secs]
2018-08-15T23:20:27.579+0530: 20.168: Total time for which application threads were stopped: 0.0020194 seconds, Stopping threads took: 0.0000179 seconds
2018-08-15T23:20:27.933+0530: 20.522: Application time: 0.3539898 seconds
2018-08-15T23:20:27.933+0530: 20.522: [GC (Allocation Failure) AdaptiveSizePolicy::update_averages:  survived: 3787952  promoted: 0  overflow: false
AdaptiveSizeStart: 20.524 collection: 36 
  avg_survived_padded_avg: 11066134.000000  avg_promoted_padded_avg: 7471140.000000  avg_pretenured_padded_avg: 0.000000  tenuring_thresh: 1  target_size: 11534336

Desired survivor size 11534336 bytes, new threshold 1 (max 15)
PSAdaptiveSizePolicy::compute_eden_space_size: costs minor_time: 0.005039 major_cost: 0.000000 mutator_cost: 0.994961 throughput_goal: 0.990000 live_space: 273288192 free_space: 648019968 old_eden_size: 581959680 desired_eden_size: 556269568
AdaptiveSizePolicy::survivor space sizes: collection: 36 (4194304, 2621440) -> (4194304, 11534336) 
AdaptiveSizeStop: collection: 36 
 650197K->83349K(718336K), 0.0019769 secs]
2018-08-15T23:20:27.935+0530: 20.524: Total time for which application threads were stopped: 0.0021004 seconds, Stopping threads took: 0.0000161 seconds
2018-08-15T23:20:27.975+0530: 20.563: Application time: 0.0392319 seconds
2018-08-15T23:20:27.975+0530: 20.563: Total time for which application threads were stopped: 0.0000860 seconds, Stopping threads took: 0.0000429 seconds
2018-08-15T23:20:28.282+0530: 20.870: Application time: 0.3068980 seconds
2018-08-15T23:20:28.282+0530: 20.870: [GC (Allocation Failure) AdaptiveSizePolicy::update_averages:  survived: 2905592  promoted: 1330072  overflow: false
AdaptiveSizeStart: 20.872 collection: 37 
  avg_survived_padded_avg: 10776242.000000  avg_promoted_padded_avg: 7061754.000000  avg_pretenured_padded_avg: 0.000000  tenuring_thresh: 1  target_size: 11010048

Desired survivor size 11010048 bytes, new threshold 1 (max 15)
PSAdaptiveSizePolicy::compute_eden_space_size: costs minor_time: 0.005083 major_cost: 0.000000 mutator_cost: 0.994917 throughput_goal: 0.990000 live_space: 273093472 free_space: 622329856 old_eden_size: 556269568 desired_eden_size: 531628032
AdaptiveSizePolicy::survivor space sizes: collection: 37 (11534336, 524288) -> (3145728, 11010048) 
AdaptiveSizeStop: collection: 37 
 626581K->83787K(693248K), 0.0019803 secs]
2018-08-15T23:20:28.284+0530: 20.872: Total time for which application threads were stopped: 0.0020963 seconds, Stopping threads took: 0.0000176 seconds
2018-08-15T23:20:28.615+0530: 21.203: Application time: 0.3312572 seconds
2018-08-15T23:20:28.615+0530: 21.204: [GC (Allocation Failure) AdaptiveSizePolicy::update_averages:  survived: 2329184  promoted: 1784376  overflow: false
AdaptiveSizeStart: 21.205 collection: 38 
  avg_survived_padded_avg: 10560714.000000  avg_promoted_padded_avg: 6595604.000000  avg_pretenured_padded_avg: 0.000000  tenuring_thresh: 1  target_size: 11010048

Desired survivor size 11010048 bytes, new threshold 1 (max 15)
PSAdaptiveSizePolicy::compute_eden_space_size: costs minor_time: 0.005165 major_cost: 0.000000 mutator_cost: 0.994835 throughput_goal: 0.990000 live_space: 272860608 free_space: 597688320 old_eden_size: 531628032 desired_eden_size: 508035072
AdaptiveSizePolicy::survivor space sizes: collection: 38 (2621440, 3145728) -> (2621440, 11010048) 
AdaptiveSizeStop: collection: 38 
 602955K->84966K(669696K), 0.0021093 secs]
2018-08-15T23:20:28.617+0530: 21.206: Total time for which application threads were stopped: 0.0022310 seconds, Stopping threads took: 0.0000170 seconds
2018-08-15T23:20:28.915+0530: 21.504: Application time: 0.2981692 seconds
2018-08-15T23:20:28.916+0530: 21.504: [GC (Allocation Failure) AdaptiveSizePolicy::update_averages:  survived: 7486648  promoted: 0  overflow: false
AdaptiveSizeStart: 21.507 collection: 39 
  avg_survived_padded_avg: 11079564.000000  avg_promoted_padded_avg: 6396637.000000  avg_pretenured_padded_avg: 0.000000  tenuring_thresh: 1  target_size: 11534336

Desired survivor size 11534336 bytes, new threshold 1 (max 15)
PSAdaptiveSizePolicy::compute_eden_space_size: costs minor_time: 0.006269 major_cost: 0.000000 mutator_cost: 0.993731 throughput_goal: 0.990000 live_space: 273166752 free_space: 574095360 old_eden_size: 508035072 desired_eden_size: 486014976
AdaptiveSizePolicy::survivor space sizes: collection: 39 (11010048, 524288) -> (7864320, 11534336) 
AdaptiveSizeStop: collection: 39 
 581094K->90003K(653312K), 0.0030213 secs]
2018-08-15T23:20:28.919+0530: 21.507: Total time for which application threads were stopped: 0.0031124 seconds, Stopping threads took: 0.0000180 seconds
2018-08-15T23:20:28.975+0530: 21.563: Application time: 0.0562408 seconds
2018-08-15T23:20:28.975+0530: 21.563: Total time for which application threads were stopped: 0.0000896 seconds, Stopping threads took: 0.0000357 seconds
2018-08-15T23:20:29.221+0530: 21.809: Application time: 0.2457190 seconds
2018-08-15T23:20:29.221+0530: 21.809: [GC (Allocation Failure) AdaptiveSizePolicy::update_averages:  survived: 2393776  promoted: 6365880  overflow: false
AdaptiveSizeStart: 21.812 collection: 40 
  avg_survived_padded_avg: 10842430.000000  avg_promoted_padded_avg: 7628860.000000  avg_pretenured_padded_avg: 0.000000  tenuring_thresh: 1  target_size: 11010048

Desired survivor size 11010048 bytes, new threshold 1 (max 15)
PSAdaptiveSizePolicy::compute_eden_space_size: costs minor_time: 0.006901 major_cost: 0.000000 mutator_cost: 0.993099 throughput_goal: 0.990000 live_space: 272932992 free_space: 552075264 old_eden_size: 486014976 desired_eden_size: 465043456
AdaptiveSizePolicy::survivor space sizes: collection: 40 (2621440, 7864320) -> (2621440, 11010048) 
AdaptiveSizeStop: collection: 40 
 564627K->91246K(627712K), 0.0030031 secs]
2018-08-15T23:20:29.224+0530: 21.812: Total time for which application threads were stopped: 0.0031302 seconds, Stopping threads took: 0.0000192 seconds
2018-08-15T23:20:29.506+0530: 22.094: Application time: 0.2817731 seconds
2018-08-15T23:20:29.506+0530: 22.094: [GC (Allocation Failure) AdaptiveSizePolicy::update_averages:  survived: 3504384  promoted: 24576  overflow: false
AdaptiveSizeStart: 22.096 collection: 41 
  avg_survived_padded_avg: 10377061.000000  avg_promoted_padded_avg: 7468815.000000  avg_pretenured_padded_avg: 0.000000  tenuring_thresh: 1  target_size: 10485760

Desired survivor size 10485760 bytes, new threshold 1 (max 15)
PSAdaptiveSizePolicy::compute_eden_space_size: costs minor_time: 0.006590 major_cost: 0.000000 mutator_cost: 0.993410 throughput_goal: 0.990000 live_space: 272833696 free_space: 531103744 old_eden_size: 465043456 desired_eden_size: 445120512
AdaptiveSizePolicy::survivor space sizes: collection: 41 (11010048, 524288) -> (3670016, 10485760) 
AdaptiveSizeStop: collection: 41 
 545390K->92355K(609280K), 0.0017508 secs]
2018-08-15T23:20:29.507+0530: 22.096: Total time for which application threads were stopped: 0.0018680 seconds, Stopping threads took: 0.0000184 seconds
2018-08-15T23:20:29.780+0530: 22.368: Application time: 0.2724500 seconds
2018-08-15T23:20:29.780+0530: 22.368: [GC (Allocation Failure) AdaptiveSizePolicy::update_averages:  survived: 2353576  promoted: 2416664  overflow: false
AdaptiveSizeStart: 22.370 collection: 42 
  avg_survived_padded_avg: 10127023.000000  avg_promoted_padded_avg: 7069119.000000  avg_pretenured_padded_avg: 0.000000  tenuring_thresh: 1  target_size: 10485760

Desired survivor size 10485760 bytes, new threshold 1 (max 15)
PSAdaptiveSizePolicy::compute_eden_space_size: costs minor_time: 0.006590 major_cost: 0.000000 mutator_cost: 0.993410 throughput_goal: 0.990000 live_space: 272629216 free_space: 511180800 old_eden_size: 445120512 desired_eden_size: 426246144
AdaptiveSizePolicy::survivor space sizes: collection: 42 (2621440, 3670016) -> (2621440, 10485760) 
AdaptiveSizeStop: collection: 42 
 527043K->93591K(589824K), 0.0021295 secs]
2018-08-15T23:20:29.782+0530: 22.371: Total time for which application threads were stopped: 0.0022434 seconds, Stopping threads took: 0.0000176 seconds
2018-08-15T23:20:29.979+0530: 22.567: Application time: 0.1969034 seconds
2018-08-15T23:20:29.979+0530: 22.568: Total time for which application threads were stopped: 0.0001164 seconds, Stopping threads took: 0.0000726 seconds
2018-08-15T23:20:30.042+0530: 22.630: Application time: 0.0629474 seconds
2018-08-15T23:20:30.042+0530: 22.631: [GC (Allocation Failure) AdaptiveSizePolicy::update_averages:  survived: 3464184  promoted: 8192  overflow: false
AdaptiveSizeStart: 22.632 collection: 43 
  avg_survived_padded_avg: 9657955.000000  avg_promoted_padded_avg: 6918347.000000  avg_pretenured_padded_avg: 0.000000  tenuring_thresh: 1  target_size: 9961472

Desired survivor size 9961472 bytes, new threshold 1 (max 15)
PSAdaptiveSizePolicy::compute_eden_space_size: costs minor_time: 0.006499 major_cost: 0.000000 mutator_cost: 0.993501 throughput_goal: 0.990000 live_space: 272556256 free_space: 492306432 old_eden_size: 426246144 desired_eden_size: 407896064
AdaptiveSizePolicy::survivor space sizes: collection: 43 (10485760, 524288) -> (3670016, 9961472) 
AdaptiveSizeStop: collection: 43 
 509847K->94683K(572928K), 0.0017666 secs]
2018-08-15T23:20:30.044+0530: 22.632: Total time for which application threads were stopped: 0.0018563 seconds, Stopping threads took: 0.0000176 seconds
2018-08-15T23:20:30.298+0530: 22.886: Application time: 0.2537252 seconds
2018-08-15T23:20:30.298+0530: 22.886: [GC (Allocation Failure) AdaptiveSizePolicy::update_averages:  survived: 2077528  promoted: 2441240  overflow: false
AdaptiveSizeStart: 22.888 collection: 44 
  avg_survived_padded_avg: 9451804.000000  avg_promoted_padded_avg: 6627771.000000  avg_pretenured_padded_avg: 0.000000  tenuring_thresh: 1  target_size: 9961472

Desired survivor size 9961472 bytes, new threshold 1 (max 15)
PSAdaptiveSizePolicy::compute_eden_space_size: costs minor_time: 0.006610 major_cost: 0.000000 mutator_cost: 0.993390 throughput_goal: 0.990000 live_space: 272351936 free_space: 473956352 old_eden_size: 407896064 desired_eden_size: 390594560
AdaptiveSizePolicy::survivor space sizes: collection: 44 (2097152, 3670016) -> (2097152, 9961472) 
AdaptiveSizeStop: collection: 44 
 493019K->95713K(554496K), 0.0020532 secs]
2018-08-15T23:20:30.300+0530: 22.888: Total time for which application threads were stopped: 0.0021710 seconds, Stopping threads took: 0.0000189 seconds
2018-08-15T23:20:30.540+0530: 23.129: Application time: 0.2404072 seconds
2018-08-15T23:20:30.540+0530: 23.129: [GC (Allocation Failure) AdaptiveSizePolicy::update_averages:  survived: 1736912  promoted: 884016  overflow: false
AdaptiveSizeStart: 23.131 collection: 45 
  avg_survived_padded_avg: 9268983.000000  avg_promoted_padded_avg: 6332424.500000  avg_pretenured_padded_avg: 0.000000  tenuring_thresh: 1  target_size: 9437184

Desired survivor size 9437184 bytes, new threshold 1 (max 15)
PSAdaptiveSizePolicy::compute_eden_space_size: costs minor_time: 0.007249 major_cost: 0.000000 mutator_cost: 0.992751 throughput_goal: 0.990000 live_space: 272133984 free_space: 456654848 old_eden_size: 390594560 desired_eden_size: 374341632
AdaptiveSizePolicy::survivor space sizes: collection: 45 (9961472, 524288) -> (2097152, 9437184) 
AdaptiveSizeStop: collection: 45 
 477153K->96244K(538624K), 0.0023594 secs]
2018-08-15T23:20:30.543+0530: 23.131: Total time for which application threads were stopped: 0.0025213 seconds, Stopping threads took: 0.0000240 seconds
2018-08-15T23:20:30.768+0530: 23.356: Application time: 0.2248680 seconds
2018-08-15T23:20:30.768+0530: 23.356: [GC (Allocation Failure) AdaptiveSizePolicy::update_averages:  survived: 3423896  promoted: 0  overflow: false
AdaptiveSizeStart: 23.358 collection: 46 
  avg_survived_padded_avg: 8758790.000000  avg_promoted_padded_avg: 6151013.000000  avg_pretenured_padded_avg: 0.000000  tenuring_thresh: 1  target_size: 8912896

Desired survivor size 8912896 bytes, new threshold 1 (max 15)
PSAdaptiveSizePolicy::compute_eden_space_size: costs minor_time: 0.007071 major_cost: 0.000000 mutator_cost: 0.992929 throughput_goal: 0.990000 live_space: 272106528 free_space: 440401920 old_eden_size: 374341632 desired_eden_size: 358612992
AdaptiveSizePolicy::survivor space sizes: collection: 46 (3670016, 2097152) -> (3670016, 8912896) 
AdaptiveSizeStop: collection: 46 
 461812K->97891K(524800K), 0.0016969 secs]
2018-08-15T23:20:30.769+0530: 23.358: Total time for which application threads were stopped: 0.0018060 seconds, Stopping threads took: 0.0000184 seconds
2018-08-15T23:20:30.975+0530: 23.564: Application time: 0.2059166 seconds
2018-08-15T23:20:30.975+0530: 23.564: Total time for which application threads were stopped: 0.0000953 seconds, Stopping threads took: 0.0000530 seconds
2018-08-15T23:20:30.980+0530: 23.568: Application time: 0.0043954 seconds
2018-08-15T23:20:30.980+0530: 23.568: Total time for which application threads were stopped: 0.0001025 seconds, Stopping threads took: 0.0000414 seconds
2018-08-15T23:20:30.992+0530: 23.581: Application time: 0.0121507 seconds
2018-08-15T23:20:30.992+0530: 23.581: [GC (Allocation Failure) AdaptiveSizePolicy::update_averages:  survived: 2167392  promoted: 2197712  overflow: false
AdaptiveSizeStart: 23.582 collection: 47 
  avg_survived_padded_avg: 8505791.000000  avg_promoted_padded_avg: 5908236.000000  avg_pretenured_padded_avg: 0.000000  tenuring_thresh: 1  target_size: 8912896

Desired survivor size 8912896 bytes, new threshold 1 (max 15)
PSAdaptiveSizePolicy::compute_eden_space_size: costs minor_time: 0.007063 major_cost: 0.000000 mutator_cost: 0.992937 throughput_goal: 0.990000 live_space: 271956160 free_space: 424673280 old_eden_size: 358612992 desired_eden_size: 343932928
AdaptiveSizePolicy::survivor space sizes: collection: 47 (8912896, 524288) -> (2621440, 8912896) 
AdaptiveSizeStop: collection: 47 
 448099K->98811K(509440K), 0.0017497 secs]
2018-08-15T23:20:30.994+0530: 23.582: Total time for which application threads were stopped: 0.0018717 seconds, Stopping threads took: 0.0000166 seconds
2018-08-15T23:20:31.208+0530: 23.797: Application time: 0.2144192 seconds
2018-08-15T23:20:31.208+0530: 23.797: [GC (Allocation Failure) AdaptiveSizePolicy::update_averages:  survived: 2783000  promoted: 8192  overflow: false
AdaptiveSizeStart: 23.799 collection: 48 
  avg_survived_padded_avg: 8132824.000000  avg_promoted_padded_avg: 5772104.500000  avg_pretenured_padded_avg: 0.000000  tenuring_thresh: 1  target_size: 8388608

Desired survivor size 8388608 bytes, new threshold 1 (max 15)
PSAdaptiveSizePolicy::compute_eden_space_size: costs minor_time: 0.007843 major_cost: 0.000000 mutator_cost: 0.992157 throughput_goal: 0.990000 live_space: 271882368 free_space: 409993216 old_eden_size: 343932928 desired_eden_size: 329777152
AdaptiveSizePolicy::survivor space sizes: collection: 48 (3145728, 2621440) -> (3145728, 8388608) 
AdaptiveSizeStop: collection: 48 
 434683K->99420K(496128K), 0.0024307 secs]
2018-08-15T23:20:31.211+0530: 23.799: Total time for which application threads were stopped: 0.0025699 seconds, Stopping threads took: 0.0000178 seconds
2018-08-15T23:20:31.416+0530: 24.004: Application time: 0.2049257 seconds
2018-08-15T23:20:31.416+0530: 24.004: [GC (Allocation Failure) AdaptiveSizePolicy::update_averages:  survived: 1842672  promoted: 1759800  overflow: false
AdaptiveSizeStart: 24.006 collection: 49 
  avg_survived_padded_avg: 7937079.000000  avg_promoted_padded_avg: 5435322.500000  avg_pretenured_padded_avg: 0.000000  tenuring_thresh: 1  target_size: 8388608

Desired survivor size 8388608 bytes, new threshold 1 (max 15)
PSAdaptiveSizePolicy::compute_eden_space_size: costs minor_time: 0.007781 major_cost: 0.000000 mutator_cost: 0.992219 throughput_goal: 0.990000 live_space: 271721952 free_space: 395837440 old_eden_size: 329777152 desired_eden_size: 316145664
AdaptiveSizePolicy::survivor space sizes: collection: 49 (8388608, 524288) -> (2097152, 8388608) 
AdaptiveSizeStop: collection: 49 
 421468K->100220K(481792K), 0.0017210 secs]
2018-08-15T23:20:31.418+0530: 24.006: Total time for which application threads were stopped: 0.0018460 seconds, Stopping threads took: 0.0000181 seconds
2018-08-15T23:20:31.614+0530: 24.203: Application time: 0.1964918 seconds
2018-08-15T23:20:31.614+0530: 24.203: [GC (Allocation Failure) AdaptiveSizePolicy::update_averages:  survived: 1273648  promoted: 1102984  overflow: false
AdaptiveSizeStart: 24.204 collection: 50 
  avg_survived_padded_avg: 7814315.000000  avg_promoted_padded_avg: 5121425.500000  avg_pretenured_padded_avg: 0.000000  tenuring_thresh: 1  target_size: 7864320

Desired survivor size 7864320 bytes, new threshold 1 (max 15)
PSAdaptiveSizePolicy::compute_eden_space_size: costs minor_time: 0.007506 major_cost: 0.000000 mutator_cost: 0.992494 throughput_goal: 0.990000 live_space: 271520672 free_space: 382205952 old_eden_size: 316145664 desired_eden_size: 303562752
AdaptiveSizePolicy::survivor space sizes: collection: 50 (1572864, 2097152) -> (1572864, 7864320) 
AdaptiveSizeStop: collection: 50 
 408956K->100741K(468992K), 0.0015811 secs]
2018-08-15T23:20:31.616+0530: 24.204: Total time for which application threads were stopped: 0.0016853 seconds, Stopping threads took: 0.0000167 seconds
2018-08-15T23:20:31.780+0530: 24.369: Application time: 0.1644089 seconds
2018-08-15T23:20:31.780+0530: 24.369: [GC (Allocation Failure) AdaptiveSizePolicy::update_averages:  survived: 3973784  promoted: 7882032  overflow: false
AdaptiveSizeStart: 24.372 collection: 51 
  avg_survived_padded_avg: 7670077.500000  avg_promoted_padded_avg: 7120426.000000  avg_pretenured_padded_avg: 0.000000  tenuring_thresh: 1  target_size: 7864320

Desired survivor size 7864320 bytes, new threshold 1 (max 15)
PSAdaptiveSizePolicy::compute_eden_space_size: costs minor_time: 0.009737 major_cost: 0.000000 mutator_cost: 0.990263 throughput_goal: 0.990000 live_space: 271609536 free_space: 369623040 old_eden_size: 303562752 desired_eden_size: 291504128
AdaptiveSizePolicy::survivor space sizes: collection: 51 (7864320, 524288) -> (4194304, 7864320) 
AdaptiveSizeStop: collection: 51 
 392487K->111076K(459776K), 0.0028772 secs]
2018-08-15T23:20:31.783+0530: 24.372: Total time for which application threads were stopped: 0.0030233 seconds, Stopping threads took: 0.0000164 seconds
2018-08-15T23:20:31.936+0530: 24.525: Application time: 0.1530470 seconds
2018-08-15T23:20:31.936+0530: 24.525: [GC (Allocation Failure) AdaptiveSizePolicy::update_averages:  survived: 6553712  promoted: 35469056  overflow: false
AdaptiveSizeStart: 24.535 collection: 52 
  avg_survived_padded_avg: 8470855.000000  avg_promoted_padded_avg: 18954432.000000  avg_pretenured_padded_avg: 0.000000  tenuring_thresh: 1  target_size: 8912896

Desired survivor size 8912896 bytes, new threshold 1 (max 15)
PSAdaptiveSizePolicy::compute_eden_space_size: costs minor_time: 0.022445 major_cost: 0.000000 mutator_cost: 0.977555 throughput_goal: 0.990000 live_space: 271947488 free_space: 357564416 old_eden_size: 291504128 desired_eden_size: 352845824
AdaptiveSizePolicy::survivor space sizes: collection: 52 (6815744, 4194304) -> (6815744, 8912896) 
AdaptiveSizeStop: collection: 52 
 395748K->148233K(522240K), 0.0100125 secs]
2018-08-15T23:20:31.947+0530: 24.535: Total time for which application threads were stopped: 0.0101897 seconds, Stopping threads took: 0.0000177 seconds
2018-08-15T23:20:31.976+0530: 24.565: Application time: 0.0295751 seconds
2018-08-15T23:20:31.976+0530: 24.565: Total time for which application threads were stopped: 0.0001711 seconds, Stopping threads took: 0.0001264 seconds
2018-08-15T23:20:32.179+0530: 24.768: Application time: 0.2027548 seconds
2018-08-15T23:20:32.179+0530: 24.768: [GC (Allocation Failure) AdaptiveSizePolicy::update_averages:  survived: 2451496  promoted: 5262976  overflow: false
AdaptiveSizeStart: 24.770 collection: 53 
  avg_survived_padded_avg: 8155345.000000  avg_promoted_padded_avg: 17641700.000000  avg_pretenured_padded_avg: 0.000000  tenuring_thresh: 1  target_size: 8388608

Desired survivor size 8388608 bytes, new threshold 1 (max 15)
PSAdaptiveSizePolicy::compute_eden_space_size: costs minor_time: 0.019123 major_cost: 0.000000 mutator_cost: 0.980877 throughput_goal: 0.990000 live_space: 271841440 free_space: 418906112 old_eden_size: 352845824 desired_eden_size: 427294720
AdaptiveSizePolicy::survivor space sizes: collection: 53 (8912896, 524288) -> (2621440, 8388608) 
AdaptiveSizeStop: collection: 53 
 492809K->149366K(590848K), 0.0023964 secs]
2018-08-15T23:20:32.182+0530: 24.770: Total time for which application threads were stopped: 0.0025481 seconds, Stopping threads took: 0.0000170 seconds
2018-08-15T23:20:32.458+0530: 25.047: Application time: 0.2764178 seconds
2018-08-15T23:20:32.458+0530: 25.047: [GC (Allocation Failure) AdaptiveSizePolicy::update_averages:  survived: 2028744  promoted: 892184  overflow: false
AdaptiveSizeStart: 25.049 collection: 54 
  avg_survived_padded_avg: 7914610.500000  avg_promoted_padded_avg: 17197634.000000  avg_pretenured_padded_avg: 0.000000  tenuring_thresh: 1  target_size: 8388608

Desired survivor size 8388608 bytes, new threshold 1 (max 15)
PSAdaptiveSizePolicy::compute_eden_space_size: costs minor_time: 0.016462 major_cost: 0.000000 mutator_cost: 0.983538 throughput_goal: 0.990000 live_space: 271703712 free_space: 493355008 old_eden_size: 427294720 desired_eden_size: 517472256
AdaptiveSizePolicy::survivor space sizes: collection: 54 (2097152, 2621440) -> (2097152, 8388608) 
AdaptiveSizeStop: collection: 54 
 566646K->149825K(678400K), 0.0026177 secs]
2018-08-15T23:20:32.461+0530: 25.049: Total time for which application threads were stopped: 0.0027677 seconds, Stopping threads took: 0.0000184 seconds
2018-08-15T23:20:32.797+0530: 25.385: Application time: 0.3357310 seconds
2018-08-15T23:20:32.797+0530: 25.385: [GC (Allocation Failure) AdaptiveSizePolicy::update_averages:  survived: 1866664  promoted: 1321904  overflow: false
AdaptiveSizeStart: 25.387 collection: 55 
  avg_survived_padded_avg: 7688311.000000  avg_promoted_padded_avg: 16601834.000000  avg_pretenured_padded_avg: 0.000000  tenuring_thresh: 1  target_size: 7864320

Desired survivor size 7864320 bytes, new threshold 1 (max 15)
PSAdaptiveSizePolicy::compute_eden_space_size: costs minor_time: 0.013730 major_cost: 0.000000 mutator_cost: 0.986270 throughput_goal: 0.990000 live_space: 271563552 free_space: 583532544 old_eden_size: 517472256 desired_eden_size: 626524160
AdaptiveSizePolicy::survivor space sizes: collection: 55 (8388608, 524288) -> (2097152, 7864320) 
AdaptiveSizeStop: collection: 55 
 655169K->150957K(784896K), 0.0019798 secs]
2018-08-15T23:20:32.799+0530: 25.387: Total time for which application threads were stopped: 0.0020972 seconds, Stopping threads took: 0.0000183 seconds
2018-08-15T23:20:32.980+0530: 25.569: Application time: 0.1814418 seconds
2018-08-15T23:20:32.980+0530: 25.569: Total time for which application threads were stopped: 0.0000915 seconds, Stopping threads took: 0.0000503 seconds
2018-08-15T23:20:33.216+0530: 25.805: Application time: 0.2360558 seconds
2018-08-15T23:20:33.216+0530: 25.805: [GC (Allocation Failure) AdaptiveSizePolicy::update_averages:  survived: 2337280  promoted: 884000  overflow: false
AdaptiveSizeStart: 25.807 collection: 56 
  avg_survived_padded_avg: 7366787.000000  avg_promoted_padded_avg: 16040881.000000  avg_pretenured_padded_avg: 0.000000  tenuring_thresh: 1  target_size: 7864320

Desired survivor size 7864320 bytes, new threshold 1 (max 15)
PSAdaptiveSizePolicy::compute_eden_space_size: costs minor_time: 0.011309 major_cost: 0.000000 mutator_cost: 0.988691 throughput_goal: 0.990000 live_space: 271484480 free_space: 692584448 old_eden_size: 626524160 desired_eden_size: 758120448
AdaptiveSizePolicy::survivor space sizes: collection: 56 (2621440, 2097152) -> (2621440, 7864320) 
AdaptiveSizeStop: collection: 56 
 762797K->152280K(913920K), 0.0019222 secs]
2018-08-15T23:20:33.218+0530: 25.807: Total time for which application threads were stopped: 0.0020125 seconds, Stopping threads took: 0.0000166 seconds
2018-08-15T23:20:33.698+0530: 26.287: Application time: 0.4799448 seconds
2018-08-15T23:20:33.698+0530: 26.287: [GC (Allocation Failure) AdaptiveSizePolicy::update_averages:  survived: 6909920  promoted: 16384  overflow: false
AdaptiveSizeStart: 26.289 collection: 57 
  avg_survived_padded_avg: 8363491.500000  avg_promoted_padded_avg: 15582434.000000  avg_pretenured_padded_avg: 0.000000  tenuring_thresh: 1  target_size: 8388608

Desired survivor size 8388608 bytes, new threshold 1 (max 15)
PSAdaptiveSizePolicy::compute_eden_space_size: costs minor_time: 0.009710 major_cost: 0.000000 mutator_cost: 0.990290 throughput_goal: 0.990000 live_space: 271870560 free_space: 824180736 old_eden_size: 758120448 desired_eden_size: 723517440
AdaptiveSizePolicy::survivor space sizes: collection: 57 (7864320, 524288) -> (7340032, 6291456) 
AdaptiveSizeStop: collection: 57 
 892632K->156762K(884736K), 0.0024969 secs]
2018-08-15T23:20:33.701+0530: 26.289: Total time for which application threads were stopped: 0.0026200 seconds, Stopping threads took: 0.0000178 seconds
2018-08-15T23:20:33.976+0530: 26.564: Application time: 0.2750196 seconds
2018-08-15T23:20:33.976+0530: 26.564: Total time for which application threads were stopped: 0.0001118 seconds, Stopping threads took: 0.0000495 seconds
2018-08-15T23:20:34.177+0530: 26.765: Application time: 0.2007797 seconds
2018-08-15T23:20:34.177+0530: 26.765: [GC (Allocation Failure) AdaptiveSizePolicy::update_averages:  survived: 3618544  promoted: 4833240  overflow: false
AdaptiveSizeStart: 26.768 collection: 58 
  avg_survived_padded_avg: 7938478.000000  avg_promoted_padded_avg: 14778462.000000  avg_pretenured_padded_avg: 0.000000  tenuring_thresh: 1  target_size: 8388608

Desired survivor size 8388608 bytes, new threshold 1 (max 15)
PSAdaptiveSizePolicy::compute_eden_space_size: costs minor_time: 0.008918 major_cost: 0.000000 mutator_cost: 0.991082 throughput_goal: 0.990000 live_space: 271888896 free_space: 789577728 old_eden_size: 723517440 desired_eden_size: 690487296
AdaptiveSizePolicy::survivor space sizes: collection: 58 (3670016, 7340032) -> (3670016, 8388608) 
AdaptiveSizeStop: collection: 58 
 863322K->158267K(848896K), 0.0032936 secs]
2018-08-15T23:20:34.180+0530: 26.769: Total time for which application threads were stopped: 0.0034475 seconds, Stopping threads took: 0.0000182 seconds
2018-08-15T23:20:34.638+0530: 27.226: Application time: 0.4575152 seconds
2018-08-15T23:20:34.638+0530: 27.226: [GC (Allocation Failure) AdaptiveSizePolicy::update_averages:  survived: 2708960  promoted: 2222280  overflow: false
AdaptiveSizeStart: 27.228 collection: 59 
  avg_survived_padded_avg: 7616581.000000  avg_promoted_padded_avg: 13983950.000000  avg_pretenured_padded_avg: 0.000000  tenuring_thresh: 1  target_size: 7864320

Desired survivor size 7864320 bytes, new threshold 1 (max 15)
PSAdaptiveSizePolicy::compute_eden_space_size: costs minor_time: 0.007756 major_cost: 0.000000 mutator_cost: 0.992244 throughput_goal: 0.990000 live_space: 271814464 free_space: 756547584 old_eden_size: 690487296 desired_eden_size: 659030016
AdaptiveSizePolicy::survivor space sizes: collection: 59 (8388608, 524288) -> (3145728, 7864320) 
AdaptiveSizeStop: collection: 59 
 832571K->159549K(817664K), 0.0021255 secs]
2018-08-15T23:20:34.640+0530: 27.228: Total time for which application threads were stopped: 0.0022899 seconds, Stopping threads took: 0.0000175 seconds
2018-08-15T23:20:34.976+0530: 27.564: Application time: 0.3360171 seconds
2018-08-15T23:20:34.978+0530: 27.566: Total time for which application threads were stopped: 0.0019587 seconds, Stopping threads took: 0.0018910 seconds
2018-08-15T23:20:35.062+0530: 27.650: Application time: 0.0837867 seconds
2018-08-15T23:20:35.062+0530: 27.650: [GC (Allocation Failure) AdaptiveSizePolicy::update_averages:  survived: 6278392  promoted: 0  overflow: false
AdaptiveSizeStart: 27.653 collection: 60 
  avg_survived_padded_avg: 8265559.000000  avg_promoted_padded_avg: 13608020.000000  avg_pretenured_padded_avg: 0.000000  tenuring_thresh: 1  target_size: 8388608

Desired survivor size 8388608 bytes, new threshold 1 (max 15)
PSAdaptiveSizePolicy::compute_eden_space_size: costs minor_time: 0.007473 major_cost: 0.000000 mutator_cost: 0.992527 throughput_goal: 0.990000 live_space: 272104384 free_space: 725090304 old_eden_size: 659030016 desired_eden_size: 629145600
AdaptiveSizePolicy::survivor space sizes: collection: 60 (6291456, 3145728) -> (6291456, 8388608) 
AdaptiveSizeStop: collection: 60 
 803133K->163035K(791552K), 0.0029531 secs]
2018-08-15T23:20:35.065+0530: 27.653: Total time for which application threads were stopped: 0.0031470 seconds, Stopping threads took: 0.0000171 seconds
2018-08-15T23:20:35.479+0530: 28.067: Application time: 0.4139737 seconds
2018-08-15T23:20:35.479+0530: 28.067: [GC (Allocation Failure) AdaptiveSizePolicy::update_averages:  survived: 2840416  promoted: 5279344  overflow: false
AdaptiveSizeStart: 28.070 collection: 61 
  avg_survived_padded_avg: 7946781.000000  avg_promoted_padded_avg: 13287066.000000  avg_pretenured_padded_avg: 0.000000  tenuring_thresh: 1  target_size: 8388608

Desired survivor size 8388608 bytes, new threshold 1 (max 15)
PSAdaptiveSizePolicy::compute_eden_space_size: costs minor_time: 0.007238 major_cost: 0.000000 mutator_cost: 0.992762 throughput_goal: 0.990000 live_space: 272021536 free_space: 695205888 old_eden_size: 629145600 desired_eden_size: 600834048
AdaptiveSizePolicy::survivor space sizes: collection: 61 (8388608, 524288) -> (3145728, 7864320) 
AdaptiveSizeStop: collection: 61 
 777435K->164833K(760832K), 0.0029905 secs]
2018-08-15T23:20:35.482+0530: 28.070: [Full GC (Ergonomics) AdaptiveSizeStart: 28.096 collection: 62 
PSAdaptiveSizePolicy::compute_eden_space_size: costs minor_time: 0.007238 major_cost: 0.000919 mutator_cost: 0.991843 throughput_goal: 0.990000 live_space: 271662944 free_space: 666894336 old_eden_size: 600834048 desired_eden_size: 574095360
PSAdaptiveSizePolicy::compute_old_gen_free_space: costs minor_time: 0.007238 major_cost: 0.000919 mutator_cost: 0.991843 throughput_goal: 0.990000 live_space: 332632256 free_space: 640155648 old_promo_size: 66060288 desired_promo_size: 66060288
AdaptiveSizePolicy::old generation size: collection: 62 (175112192) -> (140509184) 
AdaptiveSizeStop: collection: 62 
 164833K->59540K(727040K), 0.0265355 secs]
2018-08-15T23:20:35.509+0530: 28.097: Total time for which application threads were stopped: 0.0297227 seconds, Stopping threads took: 0.0000174 seconds
2018-08-15T23:20:35.900+0530: 28.489: Application time: 0.3917915 seconds
2018-08-15T23:20:35.900+0530: 28.489: [GC (Allocation Failure) AdaptiveSizePolicy::update_averages:  survived: 3002272  promoted: 0  overflow: false
AdaptiveSizeStart: 28.496 collection: 63 
  avg_survived_padded_avg: 7609991.500000  avg_promoted_padded_avg: 12929769.000000  avg_pretenured_padded_avg: 0.000000  tenuring_thresh: 1  target_size: 7864320

Desired survivor size 7864320 bytes, new threshold 1 (max 15)
PSAdaptiveSizePolicy::compute_eden_space_size: costs minor_time: 0.009386 major_cost: 0.000919 mutator_cost: 0.989696 throughput_goal: 0.990000 live_space: 332609728 free_space: 640155648 old_eden_size: 574095360 desired_eden_size: 710934528
AdaptiveSizePolicy::survivor space sizes: collection: 63 (3145728, 3145728) -> (3145728, 7864320) 
AdaptiveSizeStop: collection: 63 
 646292K->62472K(834560K), 0.0069499 secs]
2018-08-15T23:20:35.907+0530: 28.496: Total time for which application threads were stopped: 0.0070665 seconds, Stopping threads took: 0.0000189 seconds
2018-08-15T23:20:35.977+0530: 28.565: Application time: 0.0692344 seconds
2018-08-15T23:20:35.977+0530: 28.565: Total time for which application threads were stopped: 0.0000972 seconds, Stopping threads took: 0.0000419 seconds
2018-08-15T23:20:36.373+0530: 28.962: Application time: 0.3966112 seconds
2018-08-15T23:20:36.374+0530: 28.962: [GC (Allocation Failure) AdaptiveSizePolicy::update_averages:  survived: 2775224  promoted: 892184  overflow: false
AdaptiveSizeStart: 28.963 collection: 64 
  avg_survived_padded_avg: 7329713.000000  avg_promoted_padded_avg: 12353351.000000  avg_pretenured_padded_avg: 0.000000  tenuring_thresh: 1  target_size: 7340032

Desired survivor size 7340032 bytes, new threshold 1 (max 15)
PSAdaptiveSizePolicy::compute_eden_space_size: costs minor_time: 0.007787 major_cost: 0.000919 mutator_cost: 0.991295 throughput_goal: 0.990000 live_space: 332566752 free_space: 776994816 old_eden_size: 710934528 desired_eden_size: 678428672
AdaptiveSizePolicy::survivor space sizes: collection: 64 (7864320, 524288) -> (3145728, 7340032) 
AdaptiveSizeStop: collection: 64 
 756744K->63121K(802816K), 0.0015599 secs]
2018-08-15T23:20:36.375+0530: 28.964: Total time for which application threads were stopped: 0.0016703 seconds, Stopping threads took: 0.0000163 seconds
2018-08-15T23:20:36.806+0530: 29.394: Application time: 0.4306198 seconds
2018-08-15T23:20:36.806+0530: 29.394: [GC (Allocation Failure) AdaptiveSizePolicy::update_averages:  survived: 5337672  promoted: 24576  overflow: false
AdaptiveSizeStart: 29.396 collection: 65 
  avg_survived_padded_avg: 7639491.000000  avg_promoted_padded_avg: 11919336.000000  avg_pretenured_padded_avg: 0.000000  tenuring_thresh: 1  target_size: 7864320

Desired survivor size 7864320 bytes, new threshold 1 (max 15)
PSAdaptiveSizePolicy::compute_eden_space_size: costs minor_time: 0.006932 major_cost: 0.000919 mutator_cost: 0.992149 throughput_goal: 0.990000 live_space: 332784320 free_space: 744488960 old_eden_size: 678428672 desired_eden_size: 648019968
AdaptiveSizePolicy::survivor space sizes: collection: 65 (5767168, 3145728) -> (5767168, 7864320) 
AdaptiveSizeStop: collection: 65 
 725649K->65648K(775680K), 0.0020387 secs]
2018-08-15T23:20:36.808+0530: 29.396: Total time for which application threads were stopped: 0.0021490 seconds, Stopping threads took: 0.0000190 seconds
2018-08-15T23:20:36.976+0530: 29.564: Application time: 0.1680209 seconds
2018-08-15T23:20:36.976+0530: 29.565: Total time for which application threads were stopped: 0.0001803 seconds, Stopping threads took: 0.0000849 seconds
2018-08-15T23:20:37.240+0530: 29.828: Application time: 0.2635980 seconds
2018-08-15T23:20:37.240+0530: 29.828: [GC (Allocation Failure) AdaptiveSizePolicy::update_averages:  survived: 3245848  promoted: 3949264  overflow: false
AdaptiveSizeStart: 29.831 collection: 66 
  avg_survived_padded_avg: 7306835.000000  avg_promoted_padded_avg: 11463020.000000  avg_pretenured_padded_avg: 0.000000  tenuring_thresh: 1  target_size: 7340032

Desired survivor size 7340032 bytes, new threshold 1 (max 15)
PSAdaptiveSizePolicy::compute_eden_space_size: costs minor_time: 0.006778 major_cost: 0.000919 mutator_cost: 0.992304 throughput_goal: 0.990000 live_space: 332770944 free_space: 714080256 old_eden_size: 648019968 desired_eden_size: 618659840
AdaptiveSizePolicy::survivor space sizes: collection: 66 (7864320, 524288) -> (3670016, 6815744) 
AdaptiveSizeStop: collection: 66 
 698480K->67462K(744960K), 0.0029680 secs]
2018-08-15T23:20:37.243+0530: 29.831: Total time for which application threads were stopped: 0.0031054 seconds, Stopping threads took: 0.0000178 seconds
2018-08-15T23:20:37.641+0530: 30.229: Application time: 0.3981878 seconds
2018-08-15T23:20:37.641+0530: 30.229: [GC (Allocation Failure) AdaptiveSizePolicy::update_averages:  survived: 3034672  promoted: 900368  overflow: false
AdaptiveSizeStart: 30.231 collection: 67 
  avg_survived_padded_avg: 7032673.000000  avg_promoted_padded_avg: 10923334.000000  avg_pretenured_padded_avg: 0.000000  tenuring_thresh: 1  target_size: 7340032

Desired survivor size 7340032 bytes, new threshold 1 (max 15)
PSAdaptiveSizePolicy::compute_eden_space_size: costs minor_time: 0.006058 major_cost: 0.000919 mutator_cost: 0.993023 throughput_goal: 0.990000 live_space: 332737792 free_space: 684720128 old_eden_size: 618659840 desired_eden_size: 590872576
AdaptiveSizePolicy::survivor space sizes: collection: 67 (3145728, 3670016) -> (3145728, 7340032) 
AdaptiveSizeStop: collection: 67 
 671622K->68135K(717312K), 0.0017324 secs]
2018-08-15T23:20:37.643+0530: 30.231: Total time for which application threads were stopped: 0.0018373 seconds, Stopping threads took: 0.0000172 seconds
2018-08-15T23:20:37.982+0530: 30.571: Application time: 0.3396610 seconds
2018-08-15T23:20:37.983+0530: 30.571: Total time for which application threads were stopped: 0.0001313 seconds, Stopping threads took: 0.0000390 seconds
2018-08-15T23:20:37.983+0530: 30.571: Application time: 0.0000875 seconds
2018-08-15T23:20:37.983+0530: 30.571: Total time for which application threads were stopped: 0.0000869 seconds, Stopping threads took: 0.0000337 seconds
2018-08-15T23:20:37.983+0530: 30.571: Application time: 0.0002596 seconds
2018-08-15T23:20:37.983+0530: 30.572: Total time for which application threads were stopped: 0.0000700 seconds, Stopping threads took: 0.0000229 seconds
2018-08-15T23:20:38.050+0530: 30.638: Application time: 0.0668302 seconds
2018-08-15T23:20:38.050+0530: 30.638: [GC (Allocation Failure) AdaptiveSizePolicy::update_averages:  survived: 2272752  promoted: 1759784  overflow: false
AdaptiveSizeStart: 30.640 collection: 68 
  avg_survived_padded_avg: 6900149.000000  avg_promoted_padded_avg: 10239860.000000  avg_pretenured_padded_avg: 0.000000  tenuring_thresh: 1  target_size: 7340032

Desired survivor size 7340032 bytes, new threshold 1 (max 15)
PSAdaptiveSizePolicy::compute_eden_space_size: costs minor_time: 0.005472 major_cost: 0.000919 mutator_cost: 0.993610 throughput_goal: 0.990000 live_space: 332631776 free_space: 656932864 old_eden_size: 590872576 desired_eden_size: 564658176
AdaptiveSizePolicy::survivor space sizes: collection: 68 (7340032, 524288) -> (2621440, 7340032) 
AdaptiveSizeStop: collection: 68 
 645159K->69109K(691200K), 0.0016604 secs]
2018-08-15T23:20:38.052+0530: 30.640: Total time for which application threads were stopped: 0.0017529 seconds, Stopping threads took: 0.0000165 seconds
2018-08-15T23:20:38.415+0530: 31.003: Application time: 0.3629615 seconds
2018-08-15T23:20:38.415+0530: 31.003: [GC (Allocation Failure) AdaptiveSizePolicy::update_averages:  survived: 5450304  promoted: 16384  overflow: false
AdaptiveSizeStart: 31.005 collection: 69 
  avg_survived_padded_avg: 7303982.000000  avg_promoted_padded_avg: 9897822.000000  avg_pretenured_padded_avg: 0.000000  tenuring_thresh: 1  target_size: 7340032

Desired survivor size 7340032 bytes, new threshold 1 (max 15)
PSAdaptiveSizePolicy::compute_eden_space_size: costs minor_time: 0.005431 major_cost: 0.000919 mutator_cost: 0.993650 throughput_goal: 0.990000 live_space: 332854112 free_space: 630718464 old_eden_size: 564658176 desired_eden_size: 539492352
AdaptiveSizePolicy::survivor space sizes: collection: 69 (5767168, 2621440) -> (5767168, 7340032) 
AdaptiveSizeStop: collection: 69 
 620533K->72228K(669696K), 0.0020853 secs]
2018-08-15T23:20:38.417+0530: 31.005: Total time for which application threads were stopped: 0.0021978 seconds, Stopping threads took: 0.0000171 seconds
2018-08-15T23:20:38.771+0530: 31.360: Application time: 0.3544741 seconds
2018-08-15T23:20:38.771+0530: 31.360: [GC (Allocation Failure) AdaptiveSizePolicy::update_averages:  survived: 2856320  promoted: 3949264  overflow: false
AdaptiveSizeStart: 31.363 collection: 70 
  avg_survived_padded_avg: 7065655.000000  avg_promoted_padded_avg: 9752564.000000  avg_pretenured_padded_avg: 0.000000  tenuring_thresh: 1  target_size: 7340032

Desired survivor size 7340032 bytes, new threshold 1 (max 15)
PSAdaptiveSizePolicy::compute_eden_space_size: costs minor_time: 0.006303 major_cost: 0.000919 mutator_cost: 0.992779 throughput_goal: 0.990000 live_space: 332794816 free_space: 605552640 old_eden_size: 539492352 desired_eden_size: 515899392
AdaptiveSizePolicy::survivor space sizes: collection: 70 (7340032, 524288) -> (3145728, 6291456) 
AdaptiveSizeStop: collection: 70 
 599076K->73552K(644096K), 0.0034065 secs]
2018-08-15T23:20:38.775+0530: 31.363: Total time for which application threads were stopped: 0.0035645 seconds, Stopping threads took: 0.0000172 seconds
2018-08-15T23:20:38.976+0530: 31.565: Application time: 0.2014058 seconds
2018-08-15T23:20:38.977+0530: 31.565: Total time for which application threads were stopped: 0.0002713 seconds, Stopping threads took: 0.0002081 seconds
2018-08-15T23:20:39.119+0530: 31.708: Application time: 0.1429067 seconds
2018-08-15T23:20:39.120+0530: 31.708: [GC (Allocation Failure) AdaptiveSizePolicy::update_averages:  survived: 3002992  promoted: 883992  overflow: false
AdaptiveSizeStart: 31.710 collection: 71 
  avg_survived_padded_avg: 6805582.500000  avg_promoted_padded_avg: 9288692.000000  avg_pretenured_padded_avg: 0.000000  tenuring_thresh: 1  target_size: 6815744

Desired survivor size 6815744 bytes, new threshold 1 (max 15)
PSAdaptiveSizePolicy::compute_eden_space_size: costs minor_time: 0.005892 major_cost: 0.000919 mutator_cost: 0.993190 throughput_goal: 0.990000 live_space: 332756096 free_space: 581959680 old_eden_size: 515899392 desired_eden_size: 493355008
AdaptiveSizePolicy::survivor space sizes: collection: 71 (3145728, 3145728) -> (3145728, 6815744) 
AdaptiveSizeStop: collection: 71 
 577360K->74558K(622080K), 0.0018036 secs]
2018-08-15T23:20:39.121+0530: 31.710: Total time for which application threads were stopped: 0.0019172 seconds, Stopping threads took: 0.0000143 seconds
2018-08-15T23:20:39.447+0530: 32.036: Application time: 0.3257985 seconds
2018-08-15T23:20:39.447+0530: 32.036: [GC (Allocation Failure) AdaptiveSizePolicy::update_averages:  survived: 2596848  promoted: 1338288  overflow: false
AdaptiveSizeStart: 32.037 collection: 72 
  avg_survived_padded_avg: 6625942.000000  avg_promoted_padded_avg: 8751679.000000  avg_pretenured_padded_avg: 0.000000  tenuring_thresh: 1  target_size: 6815744

Desired survivor size 6815744 bytes, new threshold 1 (max 15)
PSAdaptiveSizePolicy::compute_eden_space_size: costs minor_time: 0.005538 major_cost: 0.000919 mutator_cost: 0.993543 throughput_goal: 0.990000 live_space: 332680640 free_space: 559415296 old_eden_size: 493355008 desired_eden_size: 471859200
AdaptiveSizePolicy::survivor space sizes: collection: 72 (6815744, 524288) -> (2621440, 6815744) 
AdaptiveSizeStop: collection: 72 
 556350K->75469K(600576K), 0.0016262 secs]
2018-08-15T23:20:39.449+0530: 32.037: Total time for which application threads were stopped: 0.0017387 seconds, Stopping threads took: 0.0000177 seconds
2018-08-15T23:20:39.760+0530: 32.349: Application time: 0.3114380 seconds
2018-08-15T23:20:39.760+0530: 32.349: [GC (Allocation Failure) AdaptiveSizePolicy::update_averages:  survived: 2466488  promoted: 884000  overflow: false
AdaptiveSizeStart: 32.350 collection: 73 
  avg_survived_padded_avg: 6462304.000000  avg_promoted_padded_avg: 8319792.000000  avg_pretenured_padded_avg: 0.000000  tenuring_thresh: 1  target_size: 6815744

Desired survivor size 6815744 bytes, new threshold 1 (max 15)
PSAdaptiveSizePolicy::compute_eden_space_size: costs minor_time: 0.005349 major_cost: 0.000919 mutator_cost: 0.993732 throughput_goal: 0.990000 live_space: 332599712 free_space: 537919488 old_eden_size: 471859200 desired_eden_size: 451411968
AdaptiveSizePolicy::survivor space sizes: collection: 73 (2621440, 2621440) -> (2621440, 6815744) 
AdaptiveSizeStop: collection: 73 
 536269K->76204K(580608K), 0.0016956 secs]
2018-08-15T23:20:39.762+0530: 32.351: Total time for which application threads were stopped: 0.0017957 seconds, Stopping threads took: 0.0000182 seconds
2018-08-15T23:20:39.976+0530: 32.565: Application time: 0.2141500 seconds
2018-08-15T23:20:39.976+0530: 32.565: Total time for which application threads were stopped: 0.0000848 seconds, Stopping threads took: 0.0000408 seconds
2018-08-15T23:20:40.020+0530: 32.609: Application time: 0.0439743 seconds
2018-08-15T23:20:40.020+0530: 32.609: [GC (Allocation Failure) AdaptiveSizePolicy::update_averages:  survived: 6376328  promoted: 11823032  overflow: false
AdaptiveSizeStart: 32.613 collection: 74 
  avg_survived_padded_avg: 7282287.000000  avg_promoted_padded_avg: 11304262.000000  avg_pretenured_padded_avg: 0.000000  tenuring_thresh: 1  target_size: 7340032

Desired survivor size 7340032 bytes, new threshold 1 (max 15)
PSAdaptiveSizePolicy::compute_eden_space_size: costs minor_time: 0.007985 major_cost: 0.000919 mutator_cost: 0.991096 throughput_goal: 0.990000 live_space: 332917856 free_space: 517472256 old_eden_size: 451411968 desired_eden_size: 432013312
AdaptiveSizePolicy::survivor space sizes: collection: 74 (6815744, 524288) -> (6815744, 4718592) 
AdaptiveSizeStop: collection: 74 
 517036K->91569K(565760K), 0.0043187 secs]
2018-08-15T23:20:40.025+0530: 32.613: Total time for which application threads were stopped: 0.0044302 seconds, Stopping threads took: 0.0000163 seconds
2018-08-15T23:20:40.306+0530: 32.895: Application time: 0.2814670 seconds
2018-08-15T23:20:40.306+0530: 32.895: [GC (Allocation Failure) AdaptiveSizePolicy::update_averages:  survived: 2272432  promoted: 5279360  overflow: false
AdaptiveSizeStart: 32.898 collection: 75 
  avg_survived_padded_avg: 7143630.500000  avg_promoted_padded_avg: 11305711.000000  avg_pretenured_padded_avg: 0.000000  tenuring_thresh: 1  target_size: 7340032

Desired survivor size 7340032 bytes, new threshold 1 (max 15)
PSAdaptiveSizePolicy::compute_eden_space_size: costs minor_time: 0.008404 major_cost: 0.000919 mutator_cost: 0.990677 throughput_goal: 0.990000 live_space: 332793792 free_space: 498073600 old_eden_size: 432013312 desired_eden_size: 413663232
AdaptiveSizePolicy::survivor space sizes: collection: 75 (2621440, 6815744) -> (2621440, 7340032) 
AdaptiveSizeStop: collection: 75 
 513457K->92717K(543744K), 0.0028810 secs]
2018-08-15T23:20:40.309+0530: 32.898: Total time for which application threads were stopped: 0.0030030 seconds, Stopping threads took: 0.0000181 seconds
2018-08-15T23:20:40.580+0530: 33.168: Application time: 0.2704117 seconds
2018-08-15T23:20:40.580+0530: 33.168: [GC (Allocation Failure) AdaptiveSizePolicy::update_averages:  survived: 1769328  promoted: 1321904  overflow: false
AdaptiveSizeStart: 33.170 collection: 76 
  avg_survived_padded_avg: 7068135.000000  avg_promoted_padded_avg: 10832298.000000  avg_pretenured_padded_avg: 0.000000  tenuring_thresh: 1  target_size: 7340032

Desired survivor size 7340032 bytes, new threshold 1 (max 15)
PSAdaptiveSizePolicy::compute_eden_space_size: costs minor_time: 0.008200 major_cost: 0.000919 mutator_cost: 0.990881 throughput_goal: 0.990000 live_space: 332631808 free_space: 479723520 old_eden_size: 413663232 desired_eden_size: 395837440
AdaptiveSizePolicy::survivor space sizes: collection: 76 (7340032, 524288) -> (2097152, 7340032) 
AdaptiveSizeStop: collection: 76 
 496685K->93516K(525824K), 0.0022026 secs]
2018-08-15T23:20:40.582+0530: 33.171: Total time for which application threads were stopped: 0.0023166 seconds, Stopping threads took: 0.0000166 seconds
2018-08-15T23:20:40.844+0530: 33.433: Application time: 0.2623181 seconds
2018-08-15T23:20:40.844+0530: 33.433: [GC (Allocation Failure) AdaptiveSizePolicy::update_averages:  survived: 3326712  promoted: 0  overflow: false
AdaptiveSizeStart: 33.434 collection: 77 
  avg_survived_padded_avg: 6698744.500000  avg_promoted_padded_avg: 10525118.000000  avg_pretenured_padded_avg: 0.000000  tenuring_thresh: 1  target_size: 6815744

Desired survivor size 6815744 bytes, new threshold 1 (max 15)
PSAdaptiveSizePolicy::compute_eden_space_size: costs minor_time: 0.007592 major_cost: 0.000919 mutator_cost: 0.991490 throughput_goal: 0.990000 live_space: 332641792 free_space: 461897728 old_eden_size: 395837440 desired_eden_size: 379060224
AdaptiveSizePolicy::survivor space sizes: collection: 77 (3670016, 2097152) -> (3670016, 6815744) 
AdaptiveSizeStop: collection: 77 
 480076K->95037K(510976K), 0.0017181 secs]
2018-08-15T23:20:40.846+0530: 33.435: Total time for which application threads were stopped: 0.0018430 seconds, Stopping threads took: 0.0000175 seconds
2018-08-15T23:20:40.985+0530: 33.573: Application time: 0.1386406 seconds
2018-08-15T23:20:40.985+0530: 33.573: Total time for which application threads were stopped: 0.0001615 seconds, Stopping threads took: 0.0000757 seconds
2018-08-15T23:20:40.988+0530: 33.576: Application time: 0.0029823 seconds
2018-08-15T23:20:40.988+0530: 33.577: Total time for which application threads were stopped: 0.0000828 seconds, Stopping threads took: 0.0000349 seconds
2018-08-15T23:20:41.094+0530: 33.683: Application time: 0.1063398 seconds
2018-08-15T23:20:41.095+0530: 33.683: [GC (Allocation Failure) AdaptiveSizePolicy::update_averages:  survived: 2532240  promoted: 1321904  overflow: false
AdaptiveSizeStart: 33.685 collection: 78 
  avg_survived_padded_avg: 6492324.000000  avg_promoted_padded_avg: 9994330.000000  avg_pretenured_padded_avg: 0.000000  tenuring_thresh: 1  target_size: 6815744

Desired survivor size 6815744 bytes, new threshold 1 (max 15)
PSAdaptiveSizePolicy::compute_eden_space_size: costs minor_time: 0.007804 major_cost: 0.000919 mutator_cost: 0.991277 throughput_goal: 0.990000 live_space: 332571296 free_space: 445120512 old_eden_size: 379060224 desired_eden_size: 363331584
AdaptiveSizePolicy::survivor space sizes: collection: 78 (6815744, 524288) -> (2621440, 6815744) 
AdaptiveSizeStop: collection: 78 
 465213K->95552K(494592K), 0.0022994 secs]
2018-08-15T23:20:41.097+0530: 33.685: Total time for which application threads were stopped: 0.0024925 seconds, Stopping threads took: 0.0000164 seconds
2018-08-15T23:20:41.333+0530: 33.921: Application time: 0.2358371 seconds
2018-08-15T23:20:41.333+0530: 33.921: [GC (Allocation Failure) AdaptiveSizePolicy::update_averages:  survived: 2272128  promoted: 892184  overflow: false
AdaptiveSizeStart: 33.923 collection: 79 
  avg_survived_padded_avg: 6329742.000000  avg_promoted_padded_avg: 9550719.000000  avg_pretenured_padded_avg: 0.000000  tenuring_thresh: 1  target_size: 6815744

Desired survivor size 6815744 bytes, new threshold 1 (max 15)
PSAdaptiveSizePolicy::compute_eden_space_size: costs minor_time: 0.007311 major_cost: 0.000919 mutator_cost: 0.991771 throughput_goal: 0.990000 live_space: 332481856 free_space: 429391872 old_eden_size: 363331584 desired_eden_size: 348127232
AdaptiveSizePolicy::survivor space sizes: collection: 79 (2621440, 2621440) -> (2621440, 6815744) 
AdaptiveSizeStop: collection: 79 
 450368K->96169K(479744K), 0.0015707 secs]
2018-08-15T23:20:41.334+0530: 33.923: Total time for which application threads were stopped: 0.0016939 seconds, Stopping threads took: 0.0000325 seconds
2018-08-15T23:20:41.565+0530: 34.153: Application time: 0.2303909 seconds
2018-08-15T23:20:41.565+0530: 34.153: [GC (Allocation Failure) AdaptiveSizePolicy::update_averages:  survived: 1395248  promoted: 1175920  overflow: false
AdaptiveSizeStart: 34.155 collection: 80 
  avg_survived_padded_avg: 6306544.000000  avg_promoted_padded_avg: 9056574.000000  avg_pretenured_padded_avg: 0.000000  tenuring_thresh: 1  target_size: 6815744

Desired survivor size 6815744 bytes, new threshold 1 (max 15)
PSAdaptiveSizePolicy::compute_eden_space_size: costs minor_time: 0.006861 major_cost: 0.000919 mutator_cost: 0.992221 throughput_goal: 0.990000 live_space: 332313664 free_space: 414187520 old_eden_size: 348127232 desired_eden_size: 333971456
AdaptiveSizePolicy::survivor space sizes: collection: 80 (6815744, 524288) -> (1572864, 6815744) 
AdaptiveSizeStop: collection: 80 
 436137K->96461K(464896K), 0.0014074 secs]
2018-08-15T23:20:41.566+0530: 34.155: Total time for which application threads were stopped: 0.0015215 seconds, Stopping threads took: 0.0000162 seconds
2018-08-15T23:20:41.772+0530: 34.360: Application time: 0.2056125 seconds
2018-08-15T23:20:41.772+0530: 34.361: [GC (Allocation Failure) AdaptiveSizePolicy::update_averages:  survived: 5597184  promoted: 1313688  overflow: false
AdaptiveSizeStart: 34.363 collection: 81 
  avg_survived_padded_avg: 6946904.000000  avg_promoted_padded_avg: 8554090.000000  avg_pretenured_padded_avg: 0.000000  tenuring_thresh: 1  target_size: 7340032

Desired survivor size 7340032 bytes, new threshold 1 (max 15)
PSAdaptiveSizePolicy::compute_eden_space_size: costs minor_time: 0.007724 major_cost: 0.000919 mutator_cost: 0.991358 throughput_goal: 0.990000 live_space: 332582496 free_space: 400031744 old_eden_size: 333971456 desired_eden_size: 320339968
AdaptiveSizePolicy::survivor space sizes: collection: 81 (5767168, 1572864) -> (5767168, 7340032) 
AdaptiveSizeStop: collection: 81 
 422605K->101848K(455680K), 0.0022697 secs]
2018-08-15T23:20:41.774+0530: 34.363: Total time for which application threads were stopped: 0.0023990 seconds, Stopping threads took: 0.0000192 seconds
2018-08-15T23:20:41.977+0530: 34.565: Application time: 0.2021583 seconds
2018-08-15T23:20:41.977+0530: 34.565: Total time for which application threads were stopped: 0.0001109 seconds, Stopping threads took: 0.0000645 seconds
2018-08-15T23:20:41.983+0530: 34.571: Application time: 0.0059048 seconds
2018-08-15T23:20:41.983+0530: 34.571: [GC (Allocation Failure) AdaptiveSizePolicy::update_averages:  survived: 2808360  promoted: 3957464  overflow: false
AdaptiveSizeStart: 34.573 collection: 82 
  avg_survived_padded_avg: 6645865.000000  avg_promoted_padded_avg: 8563623.000000  avg_pretenured_padded_avg: 0.000000  tenuring_thresh: 1  target_size: 6815744

Desired survivor size 6815744 bytes, new threshold 1 (max 15)
PSAdaptiveSizePolicy::compute_eden_space_size: costs minor_time: 0.008393 major_cost: 0.000919 mutator_cost: 0.990689 throughput_goal: 0.990000 live_space: 332545568 free_space: 386400256 old_eden_size: 320339968 desired_eden_size: 307232768
AdaptiveSizePolicy::survivor space sizes: collection: 82 (7340032, 524288) -> (3145728, 6291456) 
AdaptiveSizeStop: collection: 82 
 414680K->102989K(440320K), 0.0024022 secs]
2018-08-15T23:20:41.985+0530: 34.574: Total time for which application threads were stopped: 0.0025182 seconds, Stopping threads took: 0.0000154 seconds
2018-08-15T23:20:42.189+0530: 34.778: Application time: 0.2041019 seconds
2018-08-15T23:20:42.189+0530: 34.778: [GC (Allocation Failure) AdaptiveSizePolicy::update_averages:  survived: 1477408  promoted: 1630232  overflow: false
AdaptiveSizeStart: 34.779 collection: 83 
  avg_survived_padded_avg: 6589910.000000  avg_promoted_padded_avg: 8076360.000000  avg_pretenured_padded_avg: 0.000000  tenuring_thresh: 1  target_size: 6815744

Desired survivor size 6815744 bytes, new threshold 1 (max 15)
PSAdaptiveSizePolicy::compute_eden_space_size: costs minor_time: 0.007883 major_cost: 0.000919 mutator_cost: 0.991199 throughput_goal: 0.990000 live_space: 332379232 free_space: 373293056 old_eden_size: 307232768 desired_eden_size: 294649856
AdaptiveSizePolicy::survivor space sizes: collection: 83 (1572864, 3145728) -> (1572864, 6815744) 
AdaptiveSizeStop: collection: 83 
 403021K->103281K(426496K), 0.0014959 secs]
2018-08-15T23:20:42.191+0530: 34.779: Total time for which application threads were stopped: 0.0016012 seconds, Stopping threads took: 0.0000166 seconds
2018-08-15T23:20:42.382+0530: 34.970: Application time: 0.1908319 seconds
2018-08-15T23:20:42.382+0530: 34.970: [GC (Allocation Failure) AdaptiveSizePolicy::update_averages:  survived: 2904368  promoted: 0  overflow: false
AdaptiveSizeStart: 34.972 collection: 84 
  avg_survived_padded_avg: 6250878.500000  avg_promoted_padded_avg: 7844644.500000  avg_pretenured_padded_avg: 0.000000  tenuring_thresh: 1  target_size: 6291456

Desired survivor size 6291456 bytes, new threshold 1 (max 15)
PSAdaptiveSizePolicy::compute_eden_space_size: costs minor_time: 0.007617 major_cost: 0.000919 mutator_cost: 0.991464 throughput_goal: 0.990000 live_space: 332372224 free_space: 360710144 old_eden_size: 294649856 desired_eden_size: 283115520
AdaptiveSizePolicy::survivor space sizes: collection: 84 (6815744, 524288) -> (3145728, 6291456) 
AdaptiveSizeStop: collection: 84 
 391025K->104675K(416768K), 0.0014415 secs]
2018-08-15T23:20:42.383+0530: 34.972: Total time for which application threads were stopped: 0.0015472 seconds, Stopping threads took: 0.0000171 seconds
2018-08-15T23:20:42.566+0530: 35.155: Application time: 0.1831997 seconds
2018-08-15T23:20:42.566+0530: 35.155: [GC (Allocation Failure) AdaptiveSizePolicy::update_averages:  survived: 1850720  promoted: 1321904  overflow: false
AdaptiveSizeStart: 35.157 collection: 85 
  avg_survived_padded_avg: 6121918.000000  avg_promoted_padded_avg: 7398525.000000  avg_pretenured_padded_avg: 0.000000  tenuring_thresh: 1  target_size: 6291456

Desired survivor size 6291456 bytes, new threshold 1 (max 15)
PSAdaptiveSizePolicy::compute_eden_space_size: costs minor_time: 0.007965 major_cost: 0.000919 mutator_cost: 0.991117 throughput_goal: 0.990000 live_space: 332260544 free_space: 349175808 old_eden_size: 283115520 desired_eden_size: 272105472
AdaptiveSizePolicy::survivor space sizes: collection: 85 (2097152, 3145728) -> (2097152, 6291456) 
AdaptiveSizeStop: collection: 85 
 381155K->104937K(404992K), 0.0018440 secs]
2018-08-15T23:20:42.568+0530: 35.157: Total time for which application threads were stopped: 0.0019541 seconds, Stopping threads took: 0.0000172 seconds
2018-08-15T23:20:42.747+0530: 35.336: Application time: 0.1789468 seconds
2018-08-15T23:20:42.747+0530: 35.336: [GC (Allocation Failure) AdaptiveSizePolicy::update_averages:  survived: 1542576  promoted: 1175952  overflow: false
AdaptiveSizeStart: 35.337 collection: 86 
  avg_survived_padded_avg: 6027132.500000  avg_promoted_padded_avg: 7001213.000000  avg_pretenured_padded_avg: 0.000000  tenuring_thresh: 1  target_size: 6291456

Desired survivor size 6291456 bytes, new threshold 1 (max 15)
PSAdaptiveSizePolicy::compute_eden_space_size: costs minor_time: 0.007723 major_cost: 0.000919 mutator_cost: 0.991359 throughput_goal: 0.990000 live_space: 332129216 free_space: 338165760 old_eden_size: 272105472 desired_eden_size: 261619712
AdaptiveSizePolicy::survivor space sizes: collection: 86 (6291456, 524288) -> (1572864, 6291456) 
AdaptiveSizeStop: collection: 86 
 370665K->105784K(394240K), 0.0013796 secs]
2018-08-15T23:20:42.749+0530: 35.337: Total time for which application threads were stopped: 0.0014842 seconds, Stopping threads took: 0.0000176 seconds
2018-08-15T23:20:42.917+0530: 35.506: Application time: 0.1686763 seconds
2018-08-15T23:20:42.918+0530: 35.506: [GC (Allocation Failure) AdaptiveSizePolicy::update_averages:  survived: 1931184  promoted: 0  overflow: false
AdaptiveSizeStart: 35.507 collection: 87 
  avg_survived_padded_avg: 5839447.000000  avg_promoted_padded_avg: 6808636.000000  avg_pretenured_padded_avg: 0.000000  tenuring_thresh: 1  target_size: 6291456

Desired survivor size 6291456 bytes, new threshold 1 (max 15)
PSAdaptiveSizePolicy::compute_eden_space_size: costs minor_time: 0.007886 major_cost: 0.000919 mutator_cost: 0.991195 throughput_goal: 0.990000 live_space: 332049888 free_space: 327680000 old_eden_size: 261619712 desired_eden_size: 251658240
AdaptiveSizePolicy::survivor space sizes: collection: 87 (2097152, 1572864) -> (2097152, 6291456) 
AdaptiveSizeStop: collection: 87 
 361272K->106164K(385024K), 0.0016207 secs]
2018-08-15T23:20:42.919+0530: 35.508: Total time for which application threads were stopped: 0.0017295 seconds, Stopping threads took: 0.0000177 seconds
2018-08-15T23:20:42.984+0530: 35.572: Application time: 0.0644692 seconds
2018-08-15T23:20:42.984+0530: 35.572: Total time for which application threads were stopped: 0.0001263 seconds, Stopping threads took: 0.0000584 seconds
2018-08-15T23:20:43.088+0530: 35.676: Application time: 0.1041212 seconds
2018-08-15T23:20:43.088+0530: 35.676: [GC (Allocation Failure) AdaptiveSizePolicy::update_averages:  survived: 1656456  promoted: 1175936  overflow: false
AdaptiveSizeStart: 35.678 collection: 88 
  avg_survived_padded_avg: 5695043.000000  avg_promoted_padded_avg: 6395825.500000  avg_pretenured_padded_avg: 0.000000  tenuring_thresh: 1  target_size: 5767168

Desired survivor size 5767168 bytes, new threshold 1 (max 15)
PSAdaptiveSizePolicy::compute_eden_space_size: costs minor_time: 0.008727 major_cost: 0.000919 mutator_cost: 0.990354 throughput_goal: 0.990000 live_space: 331951040 free_space: 317718528 old_eden_size: 251658240 desired_eden_size: 241696768
AdaptiveSizePolicy::survivor space sizes: collection: 88 (6291456, 524288) -> (2097152, 5767168) 
AdaptiveSizeStop: collection: 88 
 351924K->107044K(375296K), 0.0020753 secs]
2018-08-15T23:20:43.090+0530: 35.679: Total time for which application threads were stopped: 0.0021695 seconds, Stopping threads took: 0.0000173 seconds
2018-08-15T23:20:43.236+0530: 35.825: Application time: 0.1460128 seconds
2018-08-15T23:20:43.236+0530: 35.825: [GC (Allocation Failure) AdaptiveSizePolicy::update_averages:  survived: 5045480  promoted: 1338264  overflow: false
AdaptiveSizeStart: 35.827 collection: 89 
  avg_survived_padded_avg: 6298617.500000  avg_promoted_padded_avg: 5981654.500000  avg_pretenured_padded_avg: 0.000000  tenuring_thresh: 1  target_size: 6815744

Desired survivor size 6815744 bytes, new threshold 1 (max 15)
PSAdaptiveSizePolicy::compute_eden_space_size: costs minor_time: 0.010285 major_cost: 0.000919 mutator_cost: 0.988797 throughput_goal: 0.990000 live_space: 332200960 free_space: 307757056 old_eden_size: 241696768 desired_eden_size: 286785536
AdaptiveSizePolicy::survivor space sizes: collection: 89 (5242880, 2097152) -> (5242880, 6815744) 
AdaptiveSizeStop: collection: 89 
 343076K->111660K(422400K), 0.0023257 secs]
2018-08-15T23:20:43.239+0530: 35.827: Total time for which application threads were stopped: 0.0024332 seconds, Stopping threads took: 0.0000176 seconds
2018-08-15T23:20:43.429+0530: 36.017: Application time: 0.1903327 seconds
2018-08-15T23:20:43.429+0530: 36.017: [GC (Allocation Failure) AdaptiveSizePolicy::update_averages:  survived: 1721032  promoted: 4241240  overflow: false
AdaptiveSizeStart: 36.019 collection: 90 
  avg_survived_padded_avg: 6136782.000000  avg_promoted_padded_avg: 6508990.000000  avg_pretenured_padded_avg: 0.000000  tenuring_thresh: 1  target_size: 6291456

Desired survivor size 6291456 bytes, new threshold 1 (max 15)
PSAdaptiveSizePolicy::compute_eden_space_size: costs minor_time: 0.010437 major_cost: 0.000919 mutator_cost: 0.988645 throughput_goal: 0.990000 live_space: 332093440 free_space: 352845824 old_eden_size: 286785536 desired_eden_size: 340262912
AdaptiveSizePolicy::survivor space sizes: collection: 90 (6815744, 524288) -> (2097152, 6291456) 
AdaptiveSizeStop: collection: 90 
 391724K->112556K(471552K), 0.0022987 secs]
2018-08-15T23:20:43.431+0530: 36.020: Total time for which application threads were stopped: 0.0023909 seconds, Stopping threads took: 0.0000193 seconds
2018-08-15T23:20:43.650+0530: 36.239: Application time: 0.2192063 seconds
2018-08-15T23:20:43.651+0530: 36.239: [GC (Allocation Failure) AdaptiveSizePolicy::update_averages:  survived: 2644136  promoted: 0  overflow: false
AdaptiveSizeStart: 36.240 collection: 91 
  avg_survived_padded_avg: 5804610.000000  avg_promoted_padded_avg: 6318658.500000  avg_pretenured_padded_avg: 0.000000  tenuring_thresh: 1  target_size: 6291456

Desired survivor size 6291456 bytes, new threshold 1 (max 15)
PSAdaptiveSizePolicy::compute_eden_space_size: costs minor_time: 0.009404 major_cost: 0.000919 mutator_cost: 0.989677 throughput_goal: 0.990000 live_space: 332088992 free_space: 406323200 old_eden_size: 340262912 desired_eden_size: 402653184
AdaptiveSizePolicy::survivor space sizes: collection: 91 (3145728, 2097152) -> (3145728, 6291456) 
AdaptiveSizeStop: collection: 91 
 444844K->113457K(533504K), 0.0016126 secs]
2018-08-15T23:20:43.652+0530: 36.241: Total time for which application threads were stopped: 0.0017550 seconds, Stopping threads took: 0.0000166 seconds
2018-08-15T23:20:43.914+0530: 36.502: Application time: 0.2617973 seconds
2018-08-15T23:20:43.914+0530: 36.503: [GC (Allocation Failure) AdaptiveSizePolicy::update_averages:  survived: 2775592  promoted: 883992  overflow: false
AdaptiveSizeStart: 36.504 collection: 92 
  avg_survived_padded_avg: 5521818.000000  avg_promoted_padded_avg: 5999020.000000  avg_pretenured_padded_avg: 0.000000  tenuring_thresh: 1  target_size: 5767168

Desired survivor size 5767168 bytes, new threshold 1 (max 15)
PSAdaptiveSizePolicy::compute_eden_space_size: costs minor_time: 0.008620 major_cost: 0.000919 mutator_cost: 0.990461 throughput_goal: 0.990000 live_space: 332098112 free_space: 468713472 old_eden_size: 402653184 desired_eden_size: 385875968
AdaptiveSizePolicy::survivor space sizes: collection: 92 (6291456, 524288) -> (3145728, 5767168) 
AdaptiveSizeStop: collection: 92 
 506673K->114449K(517120K), 0.0018136 secs]
2018-08-15T23:20:43.916+0530: 36.504: Total time for which application threads were stopped: 0.0019052 seconds, Stopping threads took: 0.0000180 seconds
2018-08-15T23:20:43.976+0530: 36.565: Application time: 0.0605630 seconds
2018-08-15T23:20:43.977+0530: 36.565: Total time for which application threads were stopped: 0.0001187 seconds, Stopping threads took: 0.0000485 seconds
2018-08-15T23:20:44.170+0530: 36.759: Application time: 0.1937862 seconds
2018-08-15T23:20:44.170+0530: 36.759: [GC (Allocation Failure) AdaptiveSizePolicy::update_averages:  survived: 1867280  promoted: 1330096  overflow: false
AdaptiveSizeStart: 36.760 collection: 93 
  avg_survived_padded_avg: 5383510.000000  avg_promoted_padded_avg: 5613125.000000  avg_pretenured_padded_avg: 0.000000  tenuring_thresh: 1  target_size: 5767168

Desired survivor size 5767168 bytes, new threshold 1 (max 15)
PSAdaptiveSizePolicy::compute_eden_space_size: costs minor_time: 0.007965 major_cost: 0.000919 mutator_cost: 0.991116 throughput_goal: 0.990000 live_space: 332015520 free_space: 451936256 old_eden_size: 385875968 desired_eden_size: 369623040
AdaptiveSizePolicy::survivor space sizes: collection: 93 (2097152, 3145728) -> (2097152, 5767168) 
AdaptiveSizeStop: collection: 93 
 491281K->114861K(500224K), 0.0017132 secs]
2018-08-15T23:20:44.172+0530: 36.761: Total time for which application threads were stopped: 0.0018397 seconds, Stopping threads took: 0.0000174 seconds
2018-08-15T23:20:44.416+0530: 37.004: Application time: 0.2435841 seconds
2018-08-15T23:20:44.416+0530: 37.004: [GC (Allocation Failure) AdaptiveSizePolicy::update_averages:  survived: 1541600  promoted: 908568  overflow: false
AdaptiveSizeStart: 37.006 collection: 94 
  avg_survived_padded_avg: 5291683.500000  avg_promoted_padded_avg: 5329379.500000  avg_pretenured_padded_avg: 0.000000  tenuring_thresh: 1  target_size: 5767168

Desired survivor size 5767168 bytes, new threshold 1 (max 15)
PSAdaptiveSizePolicy::compute_eden_space_size: costs minor_time: 0.007230 major_cost: 0.000919 mutator_cost: 0.991851 throughput_goal: 0.990000 live_space: 331908608 free_space: 435683328 old_eden_size: 369623040 desired_eden_size: 354418688
AdaptiveSizePolicy::survivor space sizes: collection: 94 (5767168, 524288) -> (1572864, 5767168) 
AdaptiveSizeStop: collection: 94 
 475821K->115430K(484864K), 0.0013478 secs]
2018-08-15T23:20:44.417+0530: 37.006: Total time for which application threads were stopped: 0.0014559 seconds, Stopping threads took: 0.0000180 seconds
2018-08-15T23:20:44.651+0530: 37.239: Application time: 0.2332847 seconds
2018-08-15T23:20:44.651+0530: 37.239: [GC (Allocation Failure) AdaptiveSizePolicy::update_averages:  survived: 2418048  promoted: 0  overflow: false
AdaptiveSizeStart: 37.241 collection: 95 
  avg_survived_padded_avg: 5030807.000000  avg_promoted_padded_avg: 5176286.000000  avg_pretenured_padded_avg: 0.000000  tenuring_thresh: 1  target_size: 5242880

Desired survivor size 5242880 bytes, new threshold 1 (max 15)
PSAdaptiveSizePolicy::compute_eden_space_size: costs minor_time: 0.007003 major_cost: 0.000919 mutator_cost: 0.992078 throughput_goal: 0.990000 live_space: 331900032 free_space: 420478976 old_eden_size: 354418688 desired_eden_size: 339738624
AdaptiveSizePolicy::survivor space sizes: collection: 95 (2621440, 1572864) -> (2621440, 5242880) 
AdaptiveSizeStop: collection: 95 
 461542K->116286K(471552K), 0.0016401 secs]
2018-08-15T23:20:44.652+0530: 37.241: Total time for which application threads were stopped: 0.0017531 seconds, Stopping threads took: 0.0000165 seconds
2018-08-15T23:20:44.864+0530: 37.452: Application time: 0.2114108 seconds
2018-08-15T23:20:44.864+0530: 37.452: [GC (Allocation Failure) AdaptiveSizePolicy::update_averages:  survived: 4995760  promoted: 0  overflow: false
AdaptiveSizeStart: 37.455 collection: 96 
  avg_survived_padded_avg: 5699446.000000  avg_promoted_padded_avg: 5038502.000000  avg_pretenured_padded_avg: 0.000000  tenuring_thresh: 1  target_size: 5767168

Desired survivor size 5767168 bytes, new threshold 1 (max 15)
PSAdaptiveSizePolicy::compute_eden_space_size: costs minor_time: 0.008115 major_cost: 0.000919 mutator_cost: 0.990966 throughput_goal: 0.990000 live_space: 332150080 free_space: 405798912 old_eden_size: 339738624 desired_eden_size: 325582848
AdaptiveSizePolicy::survivor space sizes: collection: 96 (5242880, 524288) -> (5242880, 3145728) 
AdaptiveSizeStop: collection: 96 
 448062K->118803K(460288K), 0.0025954 secs]
2018-08-15T23:20:44.866+0530: 37.455: Total time for which application threads were stopped: 0.0027443 seconds, Stopping threads took: 0.0000395 seconds
2018-08-15T23:20:44.977+0530: 37.565: Application time: 0.1104169 seconds
2018-08-15T23:20:44.977+0530: 37.565: Total time for which application threads were stopped: 0.0001182 seconds, Stopping threads took: 0.0000522 seconds
2018-08-15T23:20:45.083+0530: 37.671: Application time: 0.1059244 seconds
2018-08-15T23:20:45.083+0530: 37.671: [GC (Allocation Failure) AdaptiveSizePolicy::update_averages:  survived: 1705056  promoted: 3949264  overflow: false
AdaptiveSizeStart: 37.674 collection: 97 
  avg_survived_padded_avg: 5583568.000000  avg_promoted_padded_avg: 5661064.500000  avg_pretenured_padded_avg: 0.000000  tenuring_thresh: 1  target_size: 5767168

Desired survivor size 5767168 bytes, new threshold 1 (max 15)
PSAdaptiveSizePolicy::compute_eden_space_size: costs minor_time: 0.008927 major_cost: 0.000919 mutator_cost: 0.990154 throughput_goal: 0.990000 live_space: 332046048 free_space: 391643136 old_eden_size: 325582848 desired_eden_size: 312475648
AdaptiveSizePolicy::survivor space sizes: collection: 97 (2097152, 5242880) -> (2097152, 5767168) 
AdaptiveSizeStop: collection: 97 
 436755K->119446K(444416K), 0.0025937 secs]
2018-08-15T23:20:45.086+0530: 37.674: Total time for which application threads were stopped: 0.0027151 seconds, Stopping threads took: 0.0000173 seconds
2018-08-15T23:20:45.291+0530: 37.879: Application time: 0.2048643 seconds
2018-08-15T23:20:45.291+0530: 37.879: [GC (Allocation Failure) AdaptiveSizePolicy::update_averages:  survived: 2937368  promoted: 16384  overflow: false
AdaptiveSizeStart: 37.881 collection: 98 
  avg_survived_padded_avg: 5396467.500000  avg_promoted_padded_avg: 5500136.500000  avg_pretenured_padded_avg: 0.000000  tenuring_thresh: 1  target_size: 5767168

Desired survivor size 5767168 bytes, new threshold 1 (max 15)
PSAdaptiveSizePolicy::compute_eden_space_size: costs minor_time: 0.009217 major_cost: 0.000919 mutator_cost: 0.989864 throughput_goal: 0.990000 live_space: 332075648 free_space: 378535936 old_eden_size: 312475648 desired_eden_size: 370147328
AdaptiveSizePolicy::survivor space sizes: collection: 98 (5767168, 524288) -> (3145728, 5767168) 
AdaptiveSizeStop: collection: 98 
 424598K->120666K(501760K), 0.0022109 secs]
2018-08-15T23:20:45.293+0530: 37.881: Total time for which application threads were stopped: 0.0023274 seconds, Stopping threads took: 0.0000179 seconds
2018-08-15T23:20:45.531+0530: 38.119: Application time: 0.2381352 seconds
2018-08-15T23:20:45.531+0530: 38.120: [GC (Allocation Failure) AdaptiveSizePolicy::update_averages:  survived: 2693160  promoted: 883984  overflow: false
AdaptiveSizeStart: 38.121 collection: 99 
  avg_survived_padded_avg: 5129968.000000  avg_promoted_padded_avg: 5167456.000000  avg_pretenured_padded_avg: 0.000000  tenuring_thresh: 1  target_size: 5242880

Desired survivor size 5242880 bytes, new threshold 1 (max 15)
PSAdaptiveSizePolicy::compute_eden_space_size: costs minor_time: 0.008381 major_cost: 0.000919 mutator_cost: 0.990701 throughput_goal: 0.990000 live_space: 332077888 free_space: 436207616 old_eden_size: 370147328 desired_eden_size: 354942976
AdaptiveSizePolicy::survivor space sizes: collection: 99 (3145728, 3145728) -> (3145728, 5242880) 
AdaptiveSizeStop: collection: 99 
 482138K->121290K(486912K), 0.0015494 secs]
2018-08-15T23:20:45.533+0530: 38.121: Total time for which application threads were stopped: 0.0016365 seconds, Stopping threads took: 0.0000165 seconds
2018-08-15T23:20:45.761+0530: 38.350: Application time: 0.2284325 seconds
2018-08-15T23:20:45.761+0530: 38.350: [GC (Allocation Failure) AdaptiveSizePolicy::update_averages:  survived: 1623592  promoted: 1321888  overflow: false
AdaptiveSizeStart: 38.351 collection: 100 
  avg_survived_padded_avg: 5064666.000000  avg_promoted_padded_avg: 4785092.000000  avg_pretenured_padded_avg: 0.000000  tenuring_thresh: 1  target_size: 5242880

Desired survivor size 5242880 bytes, new threshold 1 (max 15)
PSAdaptiveSizePolicy::compute_eden_space_size: costs minor_time: 0.007886 major_cost: 0.000919 mutator_cost: 0.991196 throughput_goal: 0.990000 live_space: 331972928 free_space: 421003264 old_eden_size: 354942976 desired_eden_size: 340262912
AdaptiveSizePolicy::survivor space sizes: collection: 100 (5242880, 524288) -> (2097152, 5242880) 
AdaptiveSizeStop: collection: 100 
 467914K->121537K(471552K), 0.0016730 secs]
2018-08-15T23:20:45.763+0530: 38.351: Total time for which application threads were stopped: 0.0018454 seconds, Stopping threads took: 0.0000190 seconds
2018-08-15T23:20:45.977+0530: 38.565: Application time: 0.2140182 seconds
2018-08-15T23:20:45.977+0530: 38.565: Total time for which application threads were stopped: 0.0001088 seconds, Stopping threads took: 0.0000381 seconds
2018-08-15T23:20:45.989+0530: 38.577: Application time: 0.0115496 seconds
2018-08-15T23:20:45.989+0530: 38.577: [GC (Allocation Failure) AdaptiveSizePolicy::update_averages:  survived: 1656416  promoted: 1175944  overflow: false
AdaptiveSizeStart: 38.579 collection: 101 
  avg_survived_padded_avg: 4971780.000000  avg_promoted_padded_avg: 4461608.500000  avg_pretenured_padded_avg: 0.000000  tenuring_thresh: 1  target_size: 5242880

Desired survivor size 5242880 bytes, new threshold 1 (max 15)
PSAdaptiveSizePolicy::compute_eden_space_size: costs minor_time: 0.008015 major_cost: 0.000919 mutator_cost: 0.991066 throughput_goal: 0.990000 live_space: 331881760 free_space: 406323200 old_eden_size: 340262912 desired_eden_size: 326107136
AdaptiveSizePolicy::survivor space sizes: collection: 101 (2097152, 2097152) -> (2097152, 5242880) 
AdaptiveSizeStop: collection: 101 
 453825K->122717K(457728K), 0.0020906 secs]
2018-08-15T23:20:45.991+0530: 38.579: Total time for which application threads were stopped: 0.0021969 seconds, Stopping threads took: 0.0000164 seconds
2018-08-15T23:20:46.205+0530: 38.793: Application time: 0.2139470 seconds
2018-08-15T23:20:46.205+0530: 38.793: [GC (Allocation Failure) AdaptiveSizePolicy::update_averages:  survived: 2369096  promoted: 16384  overflow: false
AdaptiveSizeStart: 38.795 collection: 102 
  avg_survived_padded_avg: 4742233.000000  avg_promoted_padded_avg: 4363855.000000  avg_pretenured_padded_avg: 0.000000  tenuring_thresh: 1  target_size: 5242880

Desired survivor size 5242880 bytes, new threshold 1 (max 15)
PSAdaptiveSizePolicy::compute_eden_space_size: costs minor_time: 0.007477 major_cost: 0.000919 mutator_cost: 0.991605 throughput_goal: 0.990000 live_space: 331870976 free_space: 392167424 old_eden_size: 326107136 desired_eden_size: 312999936
AdaptiveSizePolicy::survivor space sizes: collection: 102 (5242880, 524288) -> (2621440, 5242880) 
AdaptiveSizeStop: collection: 102 
 441181K->123429K(445440K), 0.0013839 secs]
2018-08-15T23:20:46.206+0530: 38.795: Total time for which application threads were stopped: 0.0014994 seconds, Stopping threads took: 0.0000175 seconds
2018-08-15T23:20:46.405+0530: 38.993: Application time: 0.1987855 seconds
2018-08-15T23:20:46.405+0530: 38.994: [GC (Allocation Failure) AdaptiveSizePolicy::update_averages:  survived: 2660144  promoted: 1759776  overflow: false
AdaptiveSizeStart: 38.995 collection: 103 
  avg_survived_padded_avg: 4584958.000000  avg_promoted_padded_avg: 4262070.500000  avg_pretenured_padded_avg: 0.000000  tenuring_thresh: 1  target_size: 4718592

Desired survivor size 4718592 bytes, new threshold 1 (max 15)
PSAdaptiveSizePolicy::compute_eden_space_size: costs minor_time: 0.007671 major_cost: 0.000919 mutator_cost: 0.991411 throughput_goal: 0.990000 live_space: 331890368 free_space: 379060224 old_eden_size: 312999936 desired_eden_size: 300417024
AdaptiveSizePolicy::survivor space sizes: collection: 103 (3145728, 2621440) -> (3145728, 4718592) 
AdaptiveSizeStop: collection: 103 
 428549K->125432K(433664K), 0.0018161 secs]
2018-08-15T23:20:46.407+0530: 38.995: Total time for which application threads were stopped: 0.0019188 seconds, Stopping threads took: 0.0000159 seconds
2018-08-15T23:20:46.597+0530: 39.185: Application time: 0.1898885 seconds
2018-08-15T23:20:46.597+0530: 39.185: [GC (Allocation Failure) AdaptiveSizePolicy::update_averages:  survived: 4704512  promoted: 875856  overflow: false
AdaptiveSizeStart: 39.187 collection: 104 
  avg_survived_padded_avg: 5194733.000000  avg_promoted_padded_avg: 4019346.250000  avg_pretenured_padded_avg: 0.000000  tenuring_thresh: 1  target_size: 5242880

Desired survivor size 5242880 bytes, new threshold 1 (max 15)
PSAdaptiveSizePolicy::compute_eden_space_size: costs minor_time: 0.008463 major_cost: 0.000919 mutator_cost: 0.990618 throughput_goal: 0.990000 live_space: 332112256 free_space: 366477312 old_eden_size: 300417024 desired_eden_size: 288358400
AdaptiveSizePolicy::survivor space sizes: collection: 104 (4718592, 524288) -> (4718592, 2097152) 
AdaptiveSizeStop: collection: 104 
 418808K->128284K(423424K), 0.0022293 secs]
2018-08-15T23:20:46.599+0530: 39.188: Total time for which application threads were stopped: 0.0023383 seconds, Stopping threads took: 0.0000170 seconds
2018-08-15T23:20:46.785+0530: 39.373: Application time: 0.1856247 seconds
2018-08-15T23:20:46.785+0530: 39.373: [GC (Allocation Failure) AdaptiveSizePolicy::update_averages:  survived: 1493928  promoted: 4825064  overflow: false
AdaptiveSizeStart: 39.376 collection: 105 
  avg_survived_padded_avg: 5153472.500000  avg_promoted_padded_avg: 5079897.000000  avg_pretenured_padded_avg: 0.000000  tenuring_thresh: 1  target_size: 5242880

Desired survivor size 5242880 bytes, new threshold 1 (max 15)
PSAdaptiveSizePolicy::compute_eden_space_size: costs minor_time: 0.009234 major_cost: 0.000919 mutator_cost: 0.989847 throughput_goal: 0.990000 live_space: 331990912 free_space: 354418688 old_eden_size: 288358400 desired_eden_size: 341311488
AdaptiveSizePolicy::survivor space sizes: collection: 105 (1572864, 4718592) -> (1572864, 5242880) 
AdaptiveSizeStop: collection: 105 
 409884K->129860K(472064K), 0.0022761 secs]
2018-08-15T23:20:46.787+0530: 39.376: Total time for which application threads were stopped: 0.0023860 seconds, Stopping threads took: 0.0000169 seconds
2018-08-15T23:20:46.980+0530: 39.568: Application time: 0.1923204 seconds
2018-08-15T23:20:46.980+0530: 39.568: Total time for which application threads were stopped: 0.0000967 seconds, Stopping threads took: 0.0000403 seconds
2018-08-15T23:20:47.012+0530: 39.600: Application time: 0.0322632 seconds
2018-08-15T23:20:47.012+0530: 39.600: [GC (Allocation Failure) AdaptiveSizePolicy::update_averages:  survived: 1737216  promoted: 446104  overflow: false
AdaptiveSizeStart: 39.602 collection: 106 
  avg_survived_padded_avg: 5042097.000000  avg_promoted_padded_avg: 4916855.500000  avg_pretenured_padded_avg: 0.000000  tenuring_thresh: 1  target_size: 5242880

Desired survivor size 5242880 bytes, new threshold 1 (max 15)
PSAdaptiveSizePolicy::compute_eden_space_size: costs minor_time: 0.008428 major_cost: 0.000919 mutator_cost: 0.990653 throughput_goal: 0.990000 live_space: 331906016 free_space: 407371776 old_eden_size: 341311488 desired_eden_size: 327155712
AdaptiveSizePolicy::survivor space sizes: collection: 106 (5242880, 524288) -> (2097152, 5242880) 
AdaptiveSizeStop: collection: 106 
 463172K->130534K(458752K), 0.0014902 secs]
2018-08-15T23:20:47.014+0530: 39.602: Total time for which application threads were stopped: 0.0016207 seconds, Stopping threads took: 0.0000177 seconds
2018-08-15T23:20:47.226+0530: 39.814: Application time: 0.2120842 seconds
2018-08-15T23:20:47.226+0530: 39.814: [GC (Allocation Failure) AdaptiveSizePolicy::update_averages:  survived: 2921488  promoted: 24576  overflow: false
AdaptiveSizeStart: 39.815 collection: 107 
  avg_survived_padded_avg: 4942564.000000  avg_promoted_padded_avg: 4811745.000000  avg_pretenured_padded_avg: 0.000000  tenuring_thresh: 1  target_size: 5242880

Desired survivor size 5242880 bytes, new threshold 1 (max 15)
PSAdaptiveSizePolicy::compute_eden_space_size: costs minor_time: 0.007870 major_cost: 0.000919 mutator_cost: 0.991211 throughput_goal: 0.990000 live_space: 331948032 free_space: 393216000 old_eden_size: 327155712 desired_eden_size: 314048512
AdaptiveSizePolicy::survivor space sizes: collection: 107 (3145728, 2097152) -> (3145728, 5242880) 
AdaptiveSizeStop: collection: 107 
 450022K->131714K(446976K), 0.0014685 secs]
2018-08-15T23:20:47.227+0530: 39.816: Total time for which application threads were stopped: 0.0015745 seconds, Stopping threads took: 0.0000177 seconds
2018-08-15T23:20:47.428+0530: 40.017: Application time: 0.2012529 seconds
2018-08-15T23:20:47.428+0530: 40.017: [GC (Allocation Failure) AdaptiveSizePolicy::update_averages:  survived: 2028768  promoted: 1321904  overflow: false
AdaptiveSizeStart: 40.019 collection: 108 
  avg_survived_padded_avg: 4790943.000000  avg_promoted_padded_avg: 4467334.000000  avg_pretenured_padded_avg: 0.000000  tenuring_thresh: 1  target_size: 5242880

Desired survivor size 5242880 bytes, new threshold 1 (max 15)
PSAdaptiveSizePolicy::compute_eden_space_size: costs minor_time: 0.007866 major_cost: 0.000919 mutator_cost: 0.991216 throughput_goal: 0.990000 live_space: 331896576 free_space: 380108800 old_eden_size: 314048512 desired_eden_size: 301465600
AdaptiveSizePolicy::survivor space sizes: collection: 108 (5242880, 524288) -> (2097152, 5242880) 
AdaptiveSizeStop: collection: 108 
 438402K->132133K(433664K), 0.0017439 secs]
2018-08-15T23:20:47.430+0530: 40.019: Total time for which application threads were stopped: 0.0018499 seconds, Stopping threads took: 0.0000169 seconds
2018-08-15T23:20:47.628+0530: 40.217: Application time: 0.1980590 seconds
2018-08-15T23:20:47.628+0530: 40.217: [GC (Allocation Failure) AdaptiveSizePolicy::update_averages:  survived: 1217200  promoted: 1175944  overflow: false
AdaptiveSizeStart: 40.218 collection: 109 
  avg_survived_padded_avg: 4778475.500000  avg_promoted_padded_avg: 4173488.250000  avg_pretenured_padded_avg: 0.000000  tenuring_thresh: 1  target_size: 5242880

Desired survivor size 5242880 bytes, new threshold 1 (max 15)
PSAdaptiveSizePolicy::compute_eden_space_size: costs minor_time: 0.007659 major_cost: 0.000919 mutator_cost: 0.991422 throughput_goal: 0.990000 live_space: 331769120 free_space: 367525888 old_eden_size: 301465600 desired_eden_size: 289406976
AdaptiveSizePolicy::survivor space sizes: collection: 109 (1572864, 2097152) -> (1572864, 5242880) 
AdaptiveSizeStop: collection: 109 
 426533K->132489K(421376K), 0.0015939 secs]
2018-08-15T23:20:47.630+0530: 40.218: Total time for which application threads were stopped: 0.0017013 seconds, Stopping threads took: 0.0000178 seconds
2018-08-15T23:20:47.816+0530: 40.405: Application time: 0.1862434 seconds
2018-08-15T23:20:47.816+0530: 40.405: [GC (Allocation Failure) AdaptiveSizePolicy::update_averages:  survived: 2304896  promoted: 0  overflow: false
AdaptiveSizeStart: 40.406 collection: 110 
  avg_survived_padded_avg: 4547855.000000  avg_promoted_padded_avg: 4044129.500000  avg_pretenured_padded_avg: 0.000000  tenuring_thresh: 1  target_size: 4718592

Desired survivor size 4718592 bytes, new threshold 1 (max 15)
PSAdaptiveSizePolicy::compute_eden_space_size: costs minor_time: 0.007392 major_cost: 0.000919 mutator_cost: 0.991689 throughput_goal: 0.990000 live_space: 331763168 free_space: 355467264 old_eden_size: 289406976 desired_eden_size: 277872640
AdaptiveSizePolicy::survivor space sizes: collection: 110 (5242880, 524288) -> (2621440, 4718592) 
AdaptiveSizeStop: collection: 110 
 415113K->133551K(411136K), 0.0013675 secs]
2018-08-15T23:20:47.818+0530: 40.406: Total time for which application threads were stopped: 0.0014888 seconds, Stopping threads took: 0.0000176 seconds
2018-08-15T23:20:47.977+0530: 40.566: Application time: 0.1593902 seconds
2018-08-15T23:20:47.977+0530: 40.566: Total time for which application threads were stopped: 0.0001106 seconds, Stopping threads took: 0.0000495 seconds
2018-08-15T23:20:48.001+0530: 40.590: Application time: 0.0241876 seconds
2018-08-15T23:20:48.002+0530: 40.590: [GC (Allocation Failure) AdaptiveSizePolicy::update_averages:  survived: 1266088  promoted: 1184128  overflow: false
AdaptiveSizeStart: 40.591 collection: 111 
  avg_survived_padded_avg: 4515220.000000  avg_promoted_padded_avg: 3763502.000000  avg_pretenured_padded_avg: 0.000000  tenuring_thresh: 1  target_size: 4718592

Desired survivor size 4718592 bytes, new threshold 1 (max 15)
PSAdaptiveSizePolicy::compute_eden_space_size: costs minor_time: 0.007156 major_cost: 0.000919 mutator_cost: 0.991925 throughput_goal: 0.990000 live_space: 331653952 free_space: 343932928 old_eden_size: 277872640 desired_eden_size: 266862592
AdaptiveSizePolicy::survivor space sizes: collection: 111 (1572864, 2621440) -> (1572864, 4718592) 
AdaptiveSizeStop: collection: 111 
 404792K->133693K(399360K), 0.0013539 secs]
2018-08-15T23:20:48.003+0530: 40.591: Total time for which application threads were stopped: 0.0014435 seconds, Stopping threads took: 0.0000159 seconds
2018-08-15T23:20:48.140+0530: 40.729: Application time: 0.1372278 seconds
2018-08-15T23:20:48.140+0530: 40.729: [GC (Allocation Failure) AdaptiveSizePolicy::update_averages:  survived: 4407200  promoted: 14037120  overflow: false
AdaptiveSizeStart: 40.733 collection: 112 
  avg_survived_padded_avg: 5086530.000000  avg_promoted_padded_avg: 8266006.500000  avg_pretenured_padded_avg: 0.000000  tenuring_thresh: 1  target_size: 5242880

Desired survivor size 5242880 bytes, new threshold 1 (max 15)
PSAdaptiveSizePolicy::compute_eden_space_size: costs minor_time: 0.013123 major_cost: 0.000919 mutator_cost: 0.985959 throughput_goal: 0.990000 live_space: 331869760 free_space: 332922880 old_eden_size: 266862592 desired_eden_size: 317194240
AdaptiveSizePolicy::survivor space sizes: collection: 112 (4718592, 524288) -> (4718592, 3670016) 
AdaptiveSizeStop: collection: 112 
 394301K->150469K(463872K), 0.0045040 secs]
2018-08-15T23:20:48.145+0530: 40.733: [Full GC (Ergonomics) AdaptiveSizeStart: 40.754 collection: 113 
PSAdaptiveSizePolicy::compute_eden_space_size: costs minor_time: 0.013123 major_cost: 0.001286 mutator_cost: 0.985591 throughput_goal: 0.990000 live_space: 331623232 free_space: 383254528 old_eden_size: 317194240 desired_eden_size: 375390208
PSAdaptiveSizePolicy::compute_old_gen_free_space: costs minor_time: 0.013123 major_cost: 0.001286 mutator_cost: 0.985591 throughput_goal: 0.990000 live_space: 336184640 free_space: 441450496 old_promo_size: 66060288 desired_promo_size: 72351744
AdaptiveSizePolicy::old generation size: collection: 113 (153092096) -> (150994944) 
AdaptiveSizeStop: collection: 113 
 150469K->68449K(461824K), 0.0210101 secs]
2018-08-15T23:20:48.166+0530: 40.754: Total time for which application threads were stopped: 0.0257543 seconds, Stopping threads took: 0.0000339 seconds
2018-08-15T23:20:48.375+0530: 40.963: Application time: 0.2089589 seconds
2018-08-15T23:20:48.375+0530: 40.963: [GC (Allocation Failure) AdaptiveSizePolicy::update_averages:  survived: 1536256  promoted: 0  overflow: false
AdaptiveSizeStart: 40.964 collection: 114 
  avg_survived_padded_avg: 4982756.500000  avg_promoted_padded_avg: 8020675.500000  avg_pretenured_padded_avg: 0.000000  tenuring_thresh: 1  target_size: 5242880

Desired survivor size 5242880 bytes, new threshold 1 (max 15)
PSAdaptiveSizePolicy::compute_eden_space_size: costs minor_time: 0.010949 major_cost: 0.001286 mutator_cost: 0.987765 throughput_goal: 0.990000 live_space: 336116448 free_space: 447741952 old_eden_size: 375390208 desired_eden_size: 374341632
AdaptiveSizePolicy::survivor space sizes: collection: 114 (1572864, 4718592) -> (1572864, 5242880) 
AdaptiveSizeStop: collection: 114 
 378209K->69949K(514560K), 0.0011913 secs]
2018-08-15T23:20:48.376+0530: 40.965: Total time for which application threads were stopped: 0.0012951 seconds, Stopping threads took: 0.0000172 seconds
2018-08-15T23:20:48.618+0530: 41.207: Application time: 0.2419727 seconds
2018-08-15T23:20:48.618+0530: 41.207: [GC (Allocation Failure) AdaptiveSizePolicy::update_averages:  survived: 3229352  promoted: 27048  overflow: false
AdaptiveSizeStart: 41.211 collection: 115 
  avg_survived_padded_avg: 5038423.500000  avg_promoted_padded_avg: 7810164.000000  avg_pretenured_padded_avg: 0.000000  tenuring_thresh: 1  target_size: 5242880

Desired survivor size 5242880 bytes, new threshold 1 (max 15)
PSAdaptiveSizePolicy::compute_eden_space_size: costs minor_time: 0.012252 major_cost: 0.001286 mutator_cost: 0.986462 throughput_goal: 0.990000 live_space: 336224352 free_space: 446693376 old_eden_size: 374341632 desired_eden_size: 442499072
AdaptiveSizePolicy::survivor space sizes: collection: 115 (5242880, 524288) -> (3670016, 5242880) 
AdaptiveSizeStop: collection: 115 
 435517K->71629K(583168K), 0.0041507 secs]
2018-08-15T23:20:48.622+0530: 41.211: Total time for which application threads were stopped: 0.0043192 seconds, Stopping threads took: 0.0000312 seconds
2018-08-15T23:20:48.918+0530: 41.506: Application time: 0.2952427 seconds
2018-08-15T23:20:48.918+0530: 41.506: [GC (Allocation Failure) AdaptiveSizePolicy::update_averages:  survived: 3001648  promoted: 883992  overflow: false
AdaptiveSizeStart: 41.508 collection: 116 
  avg_survived_padded_avg: 4981172.500000  avg_promoted_padded_avg: 7416137.500000  avg_pretenured_padded_avg: 0.000000  tenuring_thresh: 1  target_size: 5242880

Desired survivor size 5242880 bytes, new threshold 1 (max 15)
PSAdaptiveSizePolicy::compute_eden_space_size: costs minor_time: 0.010618 major_cost: 0.001286 mutator_cost: 0.988096 throughput_goal: 0.990000 live_space: 336298688 free_space: 514850816 old_eden_size: 442499072 desired_eden_size: 521666560
AdaptiveSizePolicy::survivor space sizes: collection: 116 (3145728, 3670016) -> (3145728, 5242880) 
AdaptiveSizeStop: collection: 116 
 503757K->72270K(659968K), 0.0018228 secs]
2018-08-15T23:20:48.920+0530: 41.508: Total time for which application threads were stopped: 0.0019297 seconds, Stopping threads took: 0.0000182 seconds
2018-08-15T23:20:48.979+0530: 41.568: Application time: 0.0595717 seconds
2018-08-15T23:20:48.979+0530: 41.568: Total time for which application threads were stopped: 0.0001168 seconds, Stopping threads took: 0.0000539 seconds
2018-08-15T23:20:49.263+0530: 41.851: Application time: 0.2835854 seconds
2018-08-15T23:20:49.263+0530: 41.851: [GC (Allocation Failure) AdaptiveSizePolicy::update_averages:  survived: 2823888  promoted: 1321904  overflow: false
AdaptiveSizeStart: 41.853 collection: 117 
  avg_survived_padded_avg: 4849233.000000  avg_promoted_padded_avg: 6957210.000000  avg_pretenured_padded_avg: 0.000000  tenuring_thresh: 1  target_size: 5242880

Desired survivor size 5242880 bytes, new threshold 1 (max 15)
PSAdaptiveSizePolicy::compute_eden_space_size: costs minor_time: 0.009283 major_cost: 0.001286 mutator_cost: 0.989431 throughput_goal: 0.990000 live_space: 336347840 free_space: 594018304 old_eden_size: 521666560 desired_eden_size: 613416960
AdaptiveSizePolicy::survivor space sizes: collection: 117 (5242880, 524288) -> (3145728, 4718592) 
AdaptiveSizeStop: collection: 117 
 581710K->73387K(749568K), 0.0019878 secs]
2018-08-15T23:20:49.265+0530: 41.853: Total time for which application threads were stopped: 0.0020936 seconds, Stopping threads took: 0.0000163 seconds
2018-08-15T23:20:49.665+0530: 42.253: Application time: 0.3995624 seconds
2018-08-15T23:20:49.665+0530: 42.253: [GC (Allocation Failure) AdaptiveSizePolicy::update_averages:  survived: 2694104  promoted: 900376  overflow: false
AdaptiveSizeStart: 42.254 collection: 118 
  avg_survived_padded_avg: 4674088.000000  avg_promoted_padded_avg: 6600786.000000  avg_pretenured_padded_avg: 0.000000  tenuring_thresh: 1  target_size: 4718592

Desired survivor size 4718592 bytes, new threshold 1 (max 15)
PSAdaptiveSizePolicy::compute_eden_space_size: costs minor_time: 0.007819 major_cost: 0.001286 mutator_cost: 0.990895 throughput_goal: 0.990000 live_space: 336379072 free_space: 685768704 old_eden_size: 613416960 desired_eden_size: 586153984
AdaptiveSizePolicy::survivor space sizes: collection: 118 (3145728, 3145728) -> (3145728, 4718592) 
AdaptiveSizeStop: collection: 118 
 672427K->74140K(722944K), 0.0015105 secs]
2018-08-15T23:20:49.666+0530: 42.255: Total time for which application threads were stopped: 0.0016168 seconds, Stopping threads took: 0.0000174 seconds
2018-08-15T23:20:49.980+0530: 42.569: Application time: 0.3142554 seconds
2018-08-15T23:20:49.981+0530: 42.569: Total time for which application threads were stopped: 0.0000940 seconds, Stopping threads took: 0.0000360 seconds
2018-08-15T23:20:50.037+0530: 42.625: Application time: 0.0561639 seconds
2018-08-15T23:20:50.037+0530: 42.625: [GC (Allocation Failure) AdaptiveSizePolicy::update_averages:  survived: 4575784  promoted: 3065304  overflow: false
AdaptiveSizeStart: 42.628 collection: 119 
  avg_survived_padded_avg: 5208643.000000  avg_promoted_padded_avg: 6607435.000000  avg_pretenured_padded_avg: 0.000000  tenuring_thresh: 1  target_size: 5242880

Desired survivor size 5242880 bytes, new threshold 1 (max 15)
PSAdaptiveSizePolicy::compute_eden_space_size: costs minor_time: 0.007570 major_cost: 0.001286 mutator_cost: 0.991144 throughput_goal: 0.990000 live_space: 336595360 free_space: 658505728 old_eden_size: 586153984 desired_eden_size: 560463872
AdaptiveSizePolicy::survivor space sizes: collection: 119 (4718592, 524288) -> (4718592, 2097152) 
AdaptiveSizeStop: collection: 119 
 646556K->78971K(699392K), 0.0027124 secs]
2018-08-15T23:20:50.040+0530: 42.628: Total time for which application threads were stopped: 0.0028403 seconds, Stopping threads took: 0.0000165 seconds
2018-08-15T23:20:50.410+0530: 42.999: Application time: 0.3708541 seconds
2018-08-15T23:20:50.411+0530: 42.999: [GC (Allocation Failure) AdaptiveSizePolicy::update_averages:  survived: 1867024  promoted: 3957448  overflow: false
AdaptiveSizeStart: 43.002 collection: 120 
  avg_survived_padded_avg: 5115900.000000  avg_promoted_padded_avg: 6907493.500000  avg_pretenured_padded_avg: 0.000000  tenuring_thresh: 1  target_size: 5242880

Desired survivor size 5242880 bytes, new threshold 1 (max 15)
PSAdaptiveSizePolicy::compute_eden_space_size: costs minor_time: 0.007399 major_cost: 0.001286 mutator_cost: 0.991315 throughput_goal: 0.990000 live_space: 336519136 free_space: 632815616 old_eden_size: 560463872 desired_eden_size: 535822336
AdaptiveSizePolicy::survivor space sizes: collection: 120 (2097152, 4718592) -> (2097152, 5242880) 
AdaptiveSizeStop: collection: 120 
 626299K->80190K(672768K), 0.0026939 secs]
2018-08-15T23:20:50.413+0530: 43.002: Total time for which application threads were stopped: 0.0028881 seconds, Stopping threads took: 0.0000212 seconds
2018-08-15T23:20:50.762+0530: 43.350: Application time: 0.3482593 seconds
2018-08-15T23:20:50.762+0530: 43.350: [GC (Allocation Failure) AdaptiveSizePolicy::update_averages:  survived: 2369728  promoted: 446104  overflow: false
AdaptiveSizeStart: 43.351 collection: 121 
  avg_survived_padded_avg: 4922829.500000  avg_promoted_padded_avg: 6700866.500000  avg_pretenured_padded_avg: 0.000000  tenuring_thresh: 1  target_size: 5242880

Desired survivor size 5242880 bytes, new threshold 1 (max 15)
PSAdaptiveSizePolicy::compute_eden_space_size: costs minor_time: 0.006516 major_cost: 0.001286 mutator_cost: 0.992199 throughput_goal: 0.990000 live_space: 336500832 free_space: 608174080 old_eden_size: 535822336 desired_eden_size: 512229376
AdaptiveSizePolicy::survivor space sizes: collection: 121 (5242880, 524288) -> (2621440, 5242880) 
AdaptiveSizeStop: collection: 121 
 603454K->81117K(650240K), 0.0014966 secs]
2018-08-15T23:20:50.763+0530: 43.352: Total time for which application threads were stopped: 0.0016071 seconds, Stopping threads took: 0.0000343 seconds
2018-08-15T23:20:50.978+0530: 43.566: Application time: 0.2144631 seconds
2018-08-15T23:20:50.978+0530: 43.566: Total time for which application threads were stopped: 0.0001065 seconds, Stopping threads took: 0.0000608 seconds
2018-08-15T23:20:50.980+0530: 43.568: Application time: 0.0018892 seconds
2018-08-15T23:20:50.980+0530: 43.568: Total time for which application threads were stopped: 0.0000708 seconds, Stopping threads took: 0.0000380 seconds
2018-08-15T23:20:51.096+0530: 43.684: Application time: 0.1160220 seconds
2018-08-15T23:20:51.096+0530: 43.684: [GC (Allocation Failure) AdaptiveSizePolicy::update_averages:  survived: 2304544  promoted: 892184  overflow: false
AdaptiveSizeStart: 43.686 collection: 122 
  avg_survived_padded_avg: 4751993.000000  avg_promoted_padded_avg: 6395117.000000  avg_pretenured_padded_avg: 0.000000  tenuring_thresh: 1  target_size: 5242880

Desired survivor size 5242880 bytes, new threshold 1 (max 15)
PSAdaptiveSizePolicy::compute_eden_space_size: costs minor_time: 0.006382 major_cost: 0.001286 mutator_cost: 0.992332 throughput_goal: 0.990000 live_space: 336477824 free_space: 584581120 old_eden_size: 512229376 desired_eden_size: 490209280
AdaptiveSizePolicy::survivor space sizes: collection: 122 (2621440, 2621440) -> (2621440, 5242880) 
AdaptiveSizeStop: collection: 122 
 581341K->81924K(628736K), 0.0021856 secs]
2018-08-15T23:20:51.098+0530: 43.686: Total time for which application threads were stopped: 0.0023067 seconds, Stopping threads took: 0.0000179 seconds
2018-08-15T23:20:51.408+0530: 43.996: Application time: 0.3096999 seconds
2018-08-15T23:20:51.408+0530: 43.996: [GC (Allocation Failure) AdaptiveSizePolicy::update_averages:  survived: 5143088  promoted: 1630208  overflow: false
AdaptiveSizeStart: 43.998 collection: 123 
  avg_survived_padded_avg: 5475617.000000  avg_promoted_padded_avg: 5966966.000000  avg_pretenured_padded_avg: 0.000000  tenuring_thresh: 1  target_size: 5767168

Desired survivor size 5767168 bytes, new threshold 1 (max 15)
PSAdaptiveSizePolicy::compute_eden_space_size: costs minor_time: 0.006537 major_cost: 0.001286 mutator_cost: 0.992177 throughput_goal: 0.990000 live_space: 336740960 free_space: 562561024 old_eden_size: 490209280 desired_eden_size: 469237760
AdaptiveSizePolicy::survivor space sizes: collection: 123 (5242880, 524288) -> (5242880, 3145728) 
AdaptiveSizeStop: collection: 123 
 560644K->86288K(610816K), 0.0023173 secs]
2018-08-15T23:20:51.410+0530: 43.999: Total time for which application threads were stopped: 0.0024784 seconds, Stopping threads took: 0.0000262 seconds
2018-08-15T23:20:51.713+0530: 44.301: Application time: 0.3026526 seconds
2018-08-15T23:20:51.713+0530: 44.301: [GC (Allocation Failure) AdaptiveSizePolicy::update_averages:  survived: 2888800  promoted: 3949272  overflow: false
AdaptiveSizeStart: 44.304 collection: 124 
  avg_survived_padded_avg: 5224340.000000  avg_promoted_padded_avg: 6347837.000000  avg_pretenured_padded_avg: 0.000000  tenuring_thresh: 1  target_size: 5242880

Desired survivor size 5242880 bytes, new threshold 1 (max 15)
PSAdaptiveSizePolicy::compute_eden_space_size: costs minor_time: 0.007089 major_cost: 0.001286 mutator_cost: 0.991625 throughput_goal: 0.990000 live_space: 336752352 free_space: 541589504 old_eden_size: 469237760 desired_eden_size: 449314816
AdaptiveSizePolicy::survivor space sizes: collection: 124 (3145728, 5242880) -> (3145728, 5242880) 
AdaptiveSizeStop: collection: 124 
 544528K->87944K(589312K), 0.0027291 secs]
2018-08-15T23:20:51.716+0530: 44.304: Total time for which application threads were stopped: 0.0028687 seconds, Stopping threads took: 0.0000186 seconds
2018-08-15T23:20:51.978+0530: 44.567: Application time: 0.2624743 seconds
2018-08-15T23:20:51.978+0530: 44.567: Total time for which application threads were stopped: 0.0002517 seconds, Stopping threads took: 0.0001847 seconds
2018-08-15T23:20:52.006+0530: 44.595: Application time: 0.0277449 seconds
2018-08-15T23:20:52.006+0530: 44.595: [GC (Allocation Failure) AdaptiveSizePolicy::update_averages:  survived: 2775584  promoted: 883992  overflow: false
AdaptiveSizeStart: 44.596 collection: 125 
  avg_survived_padded_avg: 5003368.500000  avg_promoted_padded_avg: 6104702.000000  avg_pretenured_padded_avg: 0.000000  tenuring_thresh: 1  target_size: 5242880

Desired survivor size 5242880 bytes, new threshold 1 (max 15)
PSAdaptiveSizePolicy::compute_eden_space_size: costs minor_time: 0.006739 major_cost: 0.001286 mutator_cost: 0.991975 throughput_goal: 0.990000 live_space: 336751296 free_space: 521666560 old_eden_size: 449314816 desired_eden_size: 430440448
AdaptiveSizePolicy::survivor space sizes: collection: 125 (5242880, 524288) -> (3145728, 4718592) 
AdaptiveSizeStop: collection: 125 
 526728K->88696K(570880K), 0.0018136 secs]
2018-08-15T23:20:52.008+0530: 44.597: Total time for which application threads were stopped: 0.0019403 seconds, Stopping threads took: 0.0000166 seconds
2018-08-15T23:20:52.289+0530: 44.877: Application time: 0.2805278 seconds
2018-08-15T23:20:52.289+0530: 44.877: [GC (Allocation Failure) AdaptiveSizePolicy::update_averages:  survived: 1898080  promoted: 1346480  overflow: false
AdaptiveSizeStart: 44.879 collection: 126 
  avg_survived_padded_avg: 4951279.000000  avg_promoted_padded_avg: 5776932.000000  avg_pretenured_padded_avg: 0.000000  tenuring_thresh: 1  target_size: 5242880

Desired survivor size 5242880 bytes, new threshold 1 (max 15)
PSAdaptiveSizePolicy::compute_eden_space_size: costs minor_time: 0.006378 major_cost: 0.001286 mutator_cost: 0.992336 throughput_goal: 0.990000 live_space: 336662592 free_space: 502792192 old_eden_size: 430440448 desired_eden_size: 412090368
AdaptiveSizePolicy::survivor space sizes: collection: 126 (2097152, 3145728) -> (2097152, 5242880) 
AdaptiveSizeStop: collection: 126 
 509048K->89154K(551936K), 0.0016393 secs]
2018-08-15T23:20:52.290+0530: 44.879: Total time for which application threads were stopped: 0.0017505 seconds, Stopping threads took: 0.0000186 seconds
2018-08-15T23:20:52.556+0530: 45.144: Application time: 0.2651753 seconds
2018-08-15T23:20:52.556+0530: 45.144: [GC (Allocation Failure) AdaptiveSizePolicy::update_averages:  survived: 1346472  promoted: 884000  overflow: false
AdaptiveSizeStart: 45.146 collection: 127 
  avg_survived_padded_avg: 4972328.000000  avg_promoted_padded_avg: 5545755.000000  avg_pretenured_padded_avg: 0.000000  tenuring_thresh: 1  target_size: 5242880

Desired survivor size 5242880 bytes, new threshold 1 (max 15)
PSAdaptiveSizePolicy::compute_eden_space_size: costs minor_time: 0.006604 major_cost: 0.001286 mutator_cost: 0.992110 throughput_goal: 0.990000 live_space: 336527584 free_space: 484442112 old_eden_size: 412090368 desired_eden_size: 394788864
AdaptiveSizePolicy::survivor space sizes: collection: 127 (5242880, 524288) -> (1572864, 5242880) 
AdaptiveSizeStop: collection: 127 
 491188K->89479K(534528K), 0.0020637 secs]
2018-08-15T23:20:52.558+0530: 45.146: Total time for which application threads were stopped: 0.0021740 seconds, Stopping threads took: 0.0000174 seconds
2018-08-15T23:20:52.815+0530: 45.404: Application time: 0.2573126 seconds
2018-08-15T23:20:52.815+0530: 45.404: [GC (Allocation Failure) AdaptiveSizePolicy::update_averages:  survived: 1509200  promoted: 883984  overflow: false
AdaptiveSizeStart: 45.405 collection: 128 
  avg_survived_padded_avg: 4925455.000000  avg_promoted_padded_avg: 5311887.000000  avg_pretenured_padded_avg: 0.000000  tenuring_thresh: 1  target_size: 5242880

Desired survivor size 5242880 bytes, new threshold 1 (max 15)
PSAdaptiveSizePolicy::compute_eden_space_size: costs minor_time: 0.006272 major_cost: 0.001286 mutator_cost: 0.992442 throughput_goal: 0.990000 live_space: 336422368 free_space: 467140608 old_eden_size: 394788864 desired_eden_size: 378535936
AdaptiveSizePolicy::survivor space sizes: collection: 128 (1572864, 1572864) -> (1572864, 5242880) 
AdaptiveSizeStop: collection: 128 
 475015K->90501K(518656K), 0.0015705 secs]
2018-08-15T23:20:52.817+0530: 45.405: Total time for which application threads were stopped: 0.0016813 seconds, Stopping threads took: 0.0000184 seconds
2018-08-15T23:20:52.978+0530: 45.567: Application time: 0.1616517 seconds
2018-08-15T23:20:52.979+0530: 45.567: Total time for which application threads were stopped: 0.0001480 seconds, Stopping threads took: 0.0000516 seconds
2018-08-15T23:20:53.055+0530: 45.643: Application time: 0.0763620 seconds
2018-08-15T23:20:53.055+0530: 45.643: [GC (Allocation Failure) AdaptiveSizePolicy::update_averages:  survived: 5111040  promoted: 583888  overflow: false
AdaptiveSizeStart: 45.645 collection: 129 
  avg_survived_padded_avg: 5647014.000000  avg_promoted_padded_avg: 5129191.000000  avg_pretenured_padded_avg: 0.000000  tenuring_thresh: 1  target_size: 5767168

Desired survivor size 5767168 bytes, new threshold 1 (max 15)
PSAdaptiveSizePolicy::compute_eden_space_size: costs minor_time: 0.006808 major_cost: 0.001286 mutator_cost: 0.991906 throughput_goal: 0.990000 live_space: 336687872 free_space: 450887680 old_eden_size: 378535936 desired_eden_size: 362807296
AdaptiveSizePolicy::survivor space sizes: collection: 129 (5242880, 524288) -> (5242880, 4194304) 
AdaptiveSizeStop: collection: 129 
 460165K->94589K(506880K), 0.0021333 secs]
2018-08-15T23:20:53.057+0530: 45.646: Total time for which application threads were stopped: 0.0022548 seconds, Stopping threads took: 0.0000168 seconds
2018-08-15T23:20:53.292+0530: 45.880: Application time: 0.2344441 seconds
2018-08-15T23:20:53.292+0530: 45.880: [GC (Allocation Failure) AdaptiveSizePolicy::update_averages:  survived: 2726568  promoted: 3957472  overflow: false
AdaptiveSizeStart: 45.883 collection: 130 
  avg_survived_padded_avg: 5366076.500000  avg_promoted_padded_avg: 5661793.000000  avg_pretenured_padded_avg: 0.000000  tenuring_thresh: 1  target_size: 5767168

Desired survivor size 5767168 bytes, new threshold 1 (max 15)
PSAdaptiveSizePolicy::compute_eden_space_size: costs minor_time: 0.008036 major_cost: 0.001286 mutator_cost: 0.990678 throughput_goal: 0.990000 live_space: 336688352 free_space: 435159040 old_eden_size: 362807296 desired_eden_size: 348127232
AdaptiveSizePolicy::survivor space sizes: collection: 130 (3145728, 5242880) -> (3145728, 5767168) 
AdaptiveSizeStop: collection: 130 
 448893K->96125K(490496K), 0.0028845 secs]
2018-08-15T23:20:53.295+0530: 45.883: Total time for which application threads were stopped: 0.0029964 seconds, Stopping threads took: 0.0000171 seconds
2018-08-15T23:20:53.518+0530: 46.107: Application time: 0.2238032 seconds
2018-08-15T23:20:53.518+0530: 46.107: [GC (Allocation Failure) AdaptiveSizePolicy::update_averages:  survived: 1784368  promoted: 1613848  overflow: false
AdaptiveSizeStart: 46.109 collection: 131 
  avg_survived_padded_avg: 5272296.000000  avg_promoted_padded_avg: 5304981.000000  avg_pretenured_padded_avg: 0.000000  tenuring_thresh: 1  target_size: 5767168

Desired survivor size 5767168 bytes, new threshold 1 (max 15)
PSAdaptiveSizePolicy::compute_eden_space_size: costs minor_time: 0.007752 major_cost: 0.001286 mutator_cost: 0.990962 throughput_goal: 0.990000 live_space: 336594560 free_space: 420478976 old_eden_size: 348127232 desired_eden_size: 333971456
AdaptiveSizePolicy::survivor space sizes: collection: 131 (5767168, 524288) -> (2097152, 5767168) 
AdaptiveSizeStop: collection: 131 
 435462K->96781K(475648K), 0.0017135 secs]
2018-08-15T23:20:53.520+0530: 46.109: Total time for which application threads were stopped: 0.0018293 seconds, Stopping threads took: 0.0000175 seconds
2018-08-15T23:20:53.738+0530: 46.327: Application time: 0.2179369 seconds
2018-08-15T23:20:53.738+0530: 46.327: [GC (Allocation Failure) AdaptiveSizePolicy::update_averages:  survived: 3164184  promoted: 8192  overflow: false
AdaptiveSizeStart: 46.329 collection: 132 
  avg_survived_padded_avg: 5196084.000000  avg_promoted_padded_avg: 5252013.000000  avg_pretenured_padded_avg: 0.000000  tenuring_thresh: 1  target_size: 5242880

Desired survivor size 5242880 bytes, new threshold 1 (max 15)
PSAdaptiveSizePolicy::compute_eden_space_size: costs minor_time: 0.008677 major_cost: 0.001286 mutator_cost: 0.990037 throughput_goal: 0.990000 live_space: 336648160 free_space: 406323200 old_eden_size: 333971456 desired_eden_size: 320339968
AdaptiveSizePolicy::survivor space sizes: collection: 132 (3670016, 2097152) -> (3670016, 5242880) 
AdaptiveSizeStop: collection: 132 
 422925K->98136K(463872K), 0.0026845 secs]
2018-08-15T23:20:53.741+0530: 46.330: Total time for which application threads were stopped: 0.0028682 seconds, Stopping threads took: 0.0000260 seconds
2018-08-15T23:20:53.947+0530: 46.535: Application time: 0.2058019 seconds
2018-08-15T23:20:53.947+0530: 46.536: [GC (Allocation Failure) AdaptiveSizePolicy::update_averages:  survived: 2385040  promoted: 1321904  overflow: false
AdaptiveSizeStart: 46.538 collection: 133 
  avg_survived_padded_avg: 5004209.000000  avg_promoted_padded_avg: 4933340.000000  avg_pretenured_padded_avg: 0.000000  tenuring_thresh: 1  target_size: 5242880

Desired survivor size 5242880 bytes, new threshold 1 (max 15)
PSAdaptiveSizePolicy::compute_eden_space_size: costs minor_time: 0.008873 major_cost: 0.001286 mutator_cost: 0.989841 throughput_goal: 0.990000 live_space: 336618464 free_space: 392691712 old_eden_size: 320339968 desired_eden_size: 376963072
AdaptiveSizePolicy::survivor space sizes: collection: 133 (5242880, 524288) -> (2621440, 4718592) 
AdaptiveSizeStop: collection: 133 
 410968K->98666K(518144K), 0.0021738 secs]
2018-08-15T23:20:53.949+0530: 46.538: Total time for which application threads were stopped: 0.0024643 seconds, Stopping threads took: 0.0000867 seconds
2018-08-15T23:20:53.979+0530: 46.567: Application time: 0.0293567 seconds
2018-08-15T23:20:53.979+0530: 46.567: Total time for which application threads were stopped: 0.0001039 seconds, Stopping threads took: 0.0000627 seconds
2018-08-15T23:20:54.198+0530: 46.786: Application time: 0.2192249 seconds
2018-08-15T23:20:54.198+0530: 46.787: [GC (Allocation Failure) AdaptiveSizePolicy::update_averages:  survived: 1915584  promoted: 884000  overflow: false
AdaptiveSizeStart: 46.789 collection: 134 
  avg_survived_padded_avg: 4902406.500000  avg_promoted_padded_avg: 4713544.000000  avg_pretenured_padded_avg: 0.000000  tenuring_thresh: 1  target_size: 5242880

Desired survivor size 5242880 bytes, new threshold 1 (max 15)
PSAdaptiveSizePolicy::compute_eden_space_size: costs minor_time: 0.009301 major_cost: 0.001286 mutator_cost: 0.989413 throughput_goal: 0.990000 live_space: 336544800 free_space: 449314816 old_eden_size: 376963072 desired_eden_size: 443547648
AdaptiveSizePolicy::survivor space sizes: collection: 134 (2097152, 2621440) -> (2097152, 5242880) 
AdaptiveSizeStop: collection: 134 
 466794K->99071K(582656K), 0.0028299 secs]
2018-08-15T23:20:54.201+0530: 46.790: Total time for which application threads were stopped: 0.0030713 seconds, Stopping threads took: 0.0000181 seconds
2018-08-15T23:20:54.485+0530: 47.074: Application time: 0.2841268 seconds
2018-08-15T23:20:54.485+0530: 47.074: [GC (Allocation Failure) AdaptiveSizePolicy::update_averages:  survived: 4411712  promoted: 24576  overflow: false
AdaptiveSizeStart: 47.075 collection: 135 
  avg_survived_padded_avg: 5340938.000000  avg_promoted_padded_avg: 4643315.500000  avg_pretenured_padded_avg: 0.000000  tenuring_thresh: 1  target_size: 5767168

Desired survivor size 5767168 bytes, new threshold 1 (max 15)
PSAdaptiveSizePolicy::compute_eden_space_size: costs minor_time: 0.008243 major_cost: 0.001286 mutator_cost: 0.990471 throughput_goal: 0.990000 live_space: 336728096 free_space: 515899392 old_eden_size: 443547648 desired_eden_size: 424673280
AdaptiveSizePolicy::survivor space sizes: collection: 135 (5242880, 524288) -> (4718592, 4194304) 
AdaptiveSizeStop: collection: 135 
 530674K->101533K(566784K), 0.0015851 secs]
2018-08-15T23:20:54.487+0530: 47.075: Total time for which application threads were stopped: 0.0016981 seconds, Stopping threads took: 0.0000174 seconds
2018-08-15T23:20:54.757+0530: 47.346: Application time: 0.2703083 seconds
2018-08-15T23:20:54.757+0530: 47.346: [GC (Allocation Failure) AdaptiveSizePolicy::update_averages:  survived: 4023936  promoted: 1605696  overflow: false
AdaptiveSizeStart: 47.348 collection: 136 
  avg_survived_padded_avg: 5543378.500000  avg_promoted_padded_avg: 4407654.000000  avg_pretenured_padded_avg: 0.000000  tenuring_thresh: 1  target_size: 5767168

Desired survivor size 5767168 bytes, new threshold 1 (max 15)
PSAdaptiveSizePolicy::compute_eden_space_size: costs minor_time: 0.008002 major_cost: 0.001286 mutator_cost: 0.990712 throughput_goal: 0.990000 live_space: 336854304 free_space: 497025024 old_eden_size: 424673280 desired_eden_size: 406847488
AdaptiveSizePolicy::survivor space sizes: collection: 136 (4194304, 4718592) -> (4194304, 5767168) 
AdaptiveSizeStop: collection: 136 
 516253K->102722K(548864K), 0.0020422 secs]
2018-08-15T23:20:54.759+0530: 47.348: Total time for which application threads were stopped: 0.0021345 seconds, Stopping threads took: 0.0000161 seconds
2018-08-15T23:20:54.978+0530: 47.567: Application time: 0.2189258 seconds
2018-08-15T23:20:54.978+0530: 47.567: Total time for which application threads were stopped: 0.0001114 seconds, Stopping threads took: 0.0000488 seconds
2018-08-15T23:20:55.026+0530: 47.614: Application time: 0.0475830 seconds
2018-08-15T23:20:55.026+0530: 47.615: [GC (Allocation Failure) AdaptiveSizePolicy::update_averages:  survived: 3197232  promoted: 3511360  overflow: false
AdaptiveSizeStart: 47.617 collection: 137 
  avg_survived_padded_avg: 5386281.000000  avg_promoted_padded_avg: 4893844.500000  avg_pretenured_padded_avg: 0.000000  tenuring_thresh: 1  target_size: 5767168

Desired survivor size 5767168 bytes, new threshold 1 (max 15)
PSAdaptiveSizePolicy::compute_eden_space_size: costs minor_time: 0.008154 major_cost: 0.001286 mutator_cost: 0.990560 throughput_goal: 0.990000 live_space: 336885216 free_space: 479199232 old_eden_size: 406847488 desired_eden_size: 390070272
AdaptiveSizePolicy::survivor space sizes: collection: 137 (5767168, 524288) -> (3670016, 4194304) 
AdaptiveSizeStop: collection: 137 
 500034K->105344K(531968K), 0.0025256 secs]
2018-08-15T23:20:55.029+0530: 47.617: Total time for which application threads were stopped: 0.0027503 seconds, Stopping threads took: 0.0000453 seconds
2018-08-15T23:20:55.282+0530: 47.870: Application time: 0.2528573 seconds
2018-08-15T23:20:55.282+0530: 47.870: [GC (Allocation Failure) AdaptiveSizePolicy::update_averages:  survived: 2905296  promoted: 908568  overflow: false
AdaptiveSizeStart: 47.872 collection: 138 
  avg_survived_padded_avg: 5147240.000000  avg_promoted_padded_avg: 4679833.000000  avg_pretenured_padded_avg: 0.000000  tenuring_thresh: 1  target_size: 5242880

Desired survivor size 5242880 bytes, new threshold 1 (max 15)
PSAdaptiveSizePolicy::compute_eden_space_size: costs minor_time: 0.007845 major_cost: 0.001286 mutator_cost: 0.990869 throughput_goal: 0.990000 live_space: 336883840 free_space: 462422016 old_eden_size: 390070272 desired_eden_size: 373817344
AdaptiveSizePolicy::survivor space sizes: collection: 138 (3145728, 3670016) -> (3145728, 5242880) 
AdaptiveSizeStop: collection: 138 
 486272K->105946K(515584K), 0.0018667 secs]
2018-08-15T23:20:55.284+0530: 47.872: Total time for which application threads were stopped: 0.0019809 seconds, Stopping threads took: 0.0000181 seconds
2018-08-15T23:20:55.525+0530: 48.114: Application time: 0.2416928 seconds
2018-08-15T23:20:55.525+0530: 48.114: [GC (Allocation Failure) AdaptiveSizePolicy::update_averages:  survived: 2272440  promoted: 1321904  overflow: false
AdaptiveSizeStart: 48.116 collection: 139 
  avg_survived_padded_avg: 5038782.500000  avg_promoted_padded_avg: 4398503.500000  avg_pretenured_padded_avg: 0.000000  tenuring_thresh: 1  target_size: 5242880

Desired survivor size 5242880 bytes, new threshold 1 (max 15)
PSAdaptiveSizePolicy::compute_eden_space_size: costs minor_time: 0.007810 major_cost: 0.001286 mutator_cost: 0.990904 throughput_goal: 0.990000 live_space: 336819328 free_space: 446169088 old_eden_size: 373817344 desired_eden_size: 358612992
AdaptiveSizePolicy::survivor space sizes: collection: 139 (5242880, 524288) -> (2621440, 5242880) 
AdaptiveSizeStop: collection: 139 
 471002K->106619K(500224K), 0.0020486 secs]
2018-08-15T23:20:55.527+0530: 48.116: Total time for which application threads were stopped: 0.0021600 seconds, Stopping threads took: 0.0000179 seconds
2018-08-15T23:20:55.761+0530: 48.349: Application time: 0.2331303 seconds
2018-08-15T23:20:55.761+0530: 48.349: [GC (Allocation Failure) AdaptiveSizePolicy::update_averages:  survived: 1492448  promoted: 1175936  overflow: false
AdaptiveSizeStart: 48.356 collection: 140 
  avg_survived_padded_avg: 5055867.500000  avg_promoted_padded_avg: 4164675.500000  avg_pretenured_padded_avg: 0.000000  tenuring_thresh: 1  target_size: 5242880

Desired survivor size 5242880 bytes, new threshold 1 (max 15)
PSAdaptiveSizePolicy::compute_eden_space_size: costs minor_time: 0.012714 major_cost: 0.001286 mutator_cost: 0.986000 throughput_goal: 0.990000 live_space: 336683232 free_space: 430964736 old_eden_size: 358612992 desired_eden_size: 424148992
AdaptiveSizePolicy::survivor space sizes: collection: 140 (1572864, 2621440) -> (1572864, 5242880) 
AdaptiveSizeStop: collection: 140 
 456827K->107006K(563200K), 0.0067709 secs]
2018-08-15T23:20:55.767+0530: 48.356: Total time for which application threads were stopped: 0.0069240 seconds, Stopping threads took: 0.0000180 seconds
2018-08-15T23:20:55.979+0530: 48.567: Application time: 0.2110561 seconds
2018-08-15T23:20:55.979+0530: 48.567: Total time for which application threads were stopped: 0.0001347 seconds, Stopping threads took: 0.0000477 seconds
2018-08-15T23:20:56.046+0530: 48.634: Application time: 0.0668419 seconds
2018-08-15T23:20:56.046+0530: 48.634: [GC (Allocation Failure) AdaptiveSizePolicy::update_averages:  survived: 2580864  promoted: 0  overflow: false
AdaptiveSizeStart: 48.635 collection: 141 
  avg_survived_padded_avg: 4849041.000000  avg_promoted_padded_avg: 4017605.500000  avg_pretenured_padded_avg: 0.000000  tenuring_thresh: 1  target_size: 5242880

Desired survivor size 5242880 bytes, new threshold 1 (max 15)
PSAdaptiveSizePolicy::compute_eden_space_size: costs minor_time: 0.010643 major_cost: 0.001286 mutator_cost: 0.988071 throughput_goal: 0.990000 live_space: 336669632 free_space: 496500736 old_eden_size: 424148992 desired_eden_size: 500170752
AdaptiveSizePolicy::survivor space sizes: collection: 141 (5242880, 524288) -> (2621440, 5242880) 
AdaptiveSizeStop: collection: 141 
 521214K->108068K(638464K), 0.0013578 secs]
2018-08-15T23:20:56.047+0530: 48.635: Total time for which application threads were stopped: 0.0014661 seconds, Stopping threads took: 0.0000165 seconds
2018-08-15T23:20:56.342+0530: 48.931: Application time: 0.2952662 seconds
2018-08-15T23:20:56.342+0530: 48.931: [GC (Allocation Failure) AdaptiveSizePolicy::update_averages:  survived: 4899176  promoted: 10087896  overflow: false
AdaptiveSizeStart: 48.935 collection: 142 
  avg_survived_padded_avg: 5443392.000000  avg_promoted_padded_avg: 6990987.000000  avg_pretenured_padded_avg: 0.000000  tenuring_thresh: 1  target_size: 5767168

Desired survivor size 5767168 bytes, new threshold 1 (max 15)
PSAdaptiveSizePolicy::compute_eden_space_size: costs minor_time: 0.011648 major_cost: 0.001286 mutator_cost: 0.987066 throughput_goal: 0.990000 live_space: 336889184 free_space: 572522496 old_eden_size: 500170752 desired_eden_size: 590872576
AdaptiveSizePolicy::survivor space sizes: collection: 142 (5242880, 2621440) -> (5242880, 5767168) 
AdaptiveSizeStop: collection: 142 
 596516K->120184K(729600K), 0.0044706 secs]
2018-08-15T23:20:56.347+0530: 48.935: Total time for which application threads were stopped: 0.0045958 seconds, Stopping threads took: 0.0000177 seconds
2018-08-15T23:20:56.732+0530: 49.321: Application time: 0.3853684 seconds
2018-08-15T23:20:56.732+0530: 49.321: [GC (Allocation Failure) AdaptiveSizePolicy::update_averages:  survived: 3040080  promoted: 3073456  overflow: false
AdaptiveSizeStart: 49.323 collection: 143 
  avg_survived_padded_avg: 5231509.000000  avg_promoted_padded_avg: 6835052.000000  avg_pretenured_padded_avg: 0.000000  tenuring_thresh: 1  target_size: 5242880

Desired survivor size 5242880 bytes, new threshold 1 (max 15)
PSAdaptiveSizePolicy::compute_eden_space_size: costs minor_time: 0.010152 major_cost: 0.001286 mutator_cost: 0.988562 throughput_goal: 0.990000 live_space: 336900896 free_space: 663224320 old_eden_size: 590872576 desired_eden_size: 696254464
AdaptiveSizePolicy::survivor space sizes: collection: 143 (5767168, 524288) -> (3145728, 3670016) 
AdaptiveSizeStop: collection: 143 
 697208K->121370K(830464K), 0.0023868 secs]
2018-08-15T23:20:56.735+0530: 49.323: Total time for which application threads were stopped: 0.0024970 seconds, Stopping threads took: 0.0000171 seconds
2018-08-15T23:20:56.979+0530: 49.567: Application time: 0.2441173 seconds
2018-08-15T23:20:56.979+0530: 49.567: Total time for which application threads were stopped: 0.0001193 seconds, Stopping threads took: 0.0000456 seconds
2018-08-15T23:20:57.192+0530: 49.780: Application time: 0.2129695 seconds
2018-08-15T23:20:57.192+0530: 49.780: [GC (Allocation Failure) AdaptiveSizePolicy::update_averages:  survived: 2824192  promoted: 1759776  overflow: false
AdaptiveSizeStart: 49.782 collection: 144 
  avg_survived_padded_avg: 5023464.000000  avg_promoted_padded_avg: 6469981.500000  avg_pretenured_padded_avg: 0.000000  tenuring_thresh: 1  target_size: 5242880

Desired survivor size 5242880 bytes, new threshold 1 (max 15)
PSAdaptiveSizePolicy::compute_eden_space_size: costs minor_time: 0.008545 major_cost: 0.001286 mutator_cost: 0.990169 throughput_goal: 0.990000 live_space: 336889856 free_space: 768606208 old_eden_size: 696254464 desired_eden_size: 664797184
AdaptiveSizePolicy::survivor space sizes: collection: 144 (3145728, 3145728) -> (3145728, 5242880) 
AdaptiveSizeStop: collection: 144 
 801306K->122878K(799744K), 0.0018408 secs]
2018-08-15T23:20:57.194+0530: 49.782: Total time for which application threads were stopped: 0.0019959 seconds, Stopping threads took: 0.0000174 seconds
2018-08-15T23:20:57.628+0530: 50.217: Application time: 0.4343001 seconds
2018-08-15T23:20:57.628+0530: 50.217: [GC (Allocation Failure) AdaptiveSizePolicy::update_averages:  survived: 2791776  promoted: 908568  overflow: false
AdaptiveSizeStart: 50.218 collection: 145 
  avg_survived_padded_avg: 4838465.000000  avg_promoted_padded_avg: 6271877.500000  avg_pretenured_padded_avg: 0.000000  tenuring_thresh: 1  target_size: 5242880

Desired survivor size 5242880 bytes, new threshold 1 (max 15)
PSAdaptiveSizePolicy::compute_eden_space_size: costs minor_time: 0.007342 major_cost: 0.001286 mutator_cost: 0.991372 throughput_goal: 0.990000 live_space: 336876672 free_space: 737148928 old_eden_size: 664797184 desired_eden_size: 634912768
AdaptiveSizePolicy::survivor space sizes: collection: 145 (5242880, 524288) -> (3145728, 4718592) 
AdaptiveSizeStop: collection: 145 
 772094K->123733K(770560K), 0.0017696 secs]
2018-08-15T23:20:57.630+0530: 50.219: Total time for which application threads were stopped: 0.0018801 seconds, Stopping threads took: 0.0000184 seconds
2018-08-15T23:20:57.979+0530: 50.567: Application time: 0.3486859 seconds
2018-08-15T23:20:57.979+0530: 50.568: Total time for which application threads were stopped: 0.0003660 seconds, Stopping threads took: 0.0001683 seconds
2018-08-15T23:20:57.979+0530: 50.568: Application time: 0.0000443 seconds
2018-08-15T23:20:57.979+0530: 50.568: Total time for which application threads were stopped: 0.0001133 seconds, Stopping threads took: 0.0000419 seconds
2018-08-15T23:20:57.980+0530: 50.568: Application time: 0.0002223 seconds
2018-08-15T23:20:57.980+0530: 50.568: Total time for which application threads were stopped: 0.0000342 seconds, Stopping threads took: 0.0000058 seconds
2018-08-15T23:20:58.048+0530: 50.636: Application time: 0.0680481 seconds
2018-08-15T23:20:58.048+0530: 50.636: [GC (Allocation Failure) AdaptiveSizePolicy::update_averages:  survived: 4672704  promoted: 2481448  overflow: false
AdaptiveSizeStart: 50.638 collection: 146 
  avg_survived_padded_avg: 5295386.000000  avg_promoted_padded_avg: 5995278.500000  avg_pretenured_padded_avg: 0.000000  tenuring_thresh: 1  target_size: 5767168

Desired survivor size 5767168 bytes, new threshold 1 (max 15)
PSAdaptiveSizePolicy::compute_eden_space_size: costs minor_time: 0.006820 major_cost: 0.001286 mutator_cost: 0.991894 throughput_goal: 0.990000 live_space: 337052896 free_space: 707264512 old_eden_size: 634912768 desired_eden_size: 606601216
AdaptiveSizePolicy::survivor space sizes: collection: 146 (4718592, 3145728) -> (4718592, 5767168) 
AdaptiveSizeStop: collection: 146 
 743765K->127993K(744448K), 0.0022658 secs]
2018-08-15T23:20:58.050+0530: 50.638: Total time for which application threads were stopped: 0.0023743 seconds, Stopping threads took: 0.0000158 seconds
2018-08-15T23:20:58.453+0530: 51.041: Application time: 0.4027281 seconds
2018-08-15T23:20:58.453+0530: 51.041: [GC (Allocation Failure) AdaptiveSizePolicy::update_averages:  survived: 3244872  promoted: 3535920  overflow: false
AdaptiveSizeStart: 51.043 collection: 147 
  avg_survived_padded_avg: 5130968.000000  avg_promoted_padded_avg: 6126250.000000  avg_pretenured_padded_avg: 0.000000  tenuring_thresh: 1  target_size: 5242880

Desired survivor size 5242880 bytes, new threshold 1 (max 15)
PSAdaptiveSizePolicy::compute_eden_space_size: costs minor_time: 0.006401 major_cost: 0.001286 mutator_cost: 0.992313 throughput_goal: 0.990000 live_space: 337068704 free_space: 678952960 old_eden_size: 606601216 desired_eden_size: 579862528
AdaptiveSizePolicy::survivor space sizes: collection: 147 (5767168, 524288) -> (3670016, 3670016) 
AdaptiveSizeStop: collection: 147 
 720377K->130052K(717312K), 0.0022837 secs]
2018-08-15T23:20:58.455+0530: 51.044: Total time for which application threads were stopped: 0.0024132 seconds, Stopping threads took: 0.0000168 seconds
2018-08-15T23:20:58.833+0530: 51.422: Application time: 0.3780352 seconds
2018-08-15T23:20:58.833+0530: 51.422: [GC (Allocation Failure) AdaptiveSizePolicy::update_averages:  survived: 2369112  promoted: 2197680  overflow: false
AdaptiveSizeStart: 51.424 collection: 148 
  avg_survived_padded_avg: 5054668.000000  avg_promoted_padded_avg: 5755501.000000  avg_pretenured_padded_avg: 0.000000  tenuring_thresh: 1  target_size: 5242880

Desired survivor size 5242880 bytes, new threshold 1 (max 15)
PSAdaptiveSizePolicy::compute_eden_space_size: costs minor_time: 0.006006 major_cost: 0.001286 mutator_cost: 0.992708 throughput_goal: 0.990000 live_space: 336995360 free_space: 652214272 old_eden_size: 579862528 desired_eden_size: 554172416
AdaptiveSizePolicy::survivor space sizes: collection: 148 (2621440, 3670016) -> (2621440, 5242880) 
AdaptiveSizeStop: collection: 148 
 696324K->131343K(691200K), 0.0019447 secs]
2018-08-15T23:20:58.835+0530: 51.424: Total time for which application threads were stopped: 0.0020575 seconds, Stopping threads took: 0.0000211 seconds
2018-08-15T23:20:58.979+0530: 51.567: Application time: 0.1434219 seconds
2018-08-15T23:20:58.979+0530: 51.567: Total time for which application threads were stopped: 0.0001016 seconds, Stopping threads took: 0.0000385 seconds
2018-08-15T23:20:59.197+0530: 51.786: Application time: 0.2183821 seconds
2018-08-15T23:20:59.197+0530: 51.786: [GC (Allocation Failure) AdaptiveSizePolicy::update_averages:  survived: 2597464  promoted: 883984  overflow: false
AdaptiveSizeStart: 51.787 collection: 149 
  avg_survived_padded_avg: 4927189.500000  avg_promoted_padded_avg: 5642945.000000  avg_pretenured_padded_avg: 0.000000  tenuring_thresh: 1  target_size: 5242880

Desired survivor size 5242880 bytes, new threshold 1 (max 15)
PSAdaptiveSizePolicy::compute_eden_space_size: costs minor_time: 0.005541 major_cost: 0.001286 mutator_cost: 0.993173 throughput_goal: 0.990000 live_space: 336952192 free_space: 626524160 old_eden_size: 554172416 desired_eden_size: 530055168
AdaptiveSizePolicy::survivor space sizes: collection: 149 (5242880, 524288) -> (2621440, 5242880) 
AdaptiveSizeStop: collection: 149 
 672527K->132429K(667648K), 0.0016618 secs]
2018-08-15T23:20:59.199+0530: 51.787: Total time for which application threads were stopped: 0.0017724 seconds, Stopping threads took: 0.0000165 seconds
2018-08-15T23:20:59.537+0530: 52.125: Application time: 0.3375801 seconds
2018-08-15T23:20:59.537+0530: 52.125: [GC (Allocation Failure) AdaptiveSizePolicy::update_averages:  survived: 5110904  promoted: 1776192  overflow: false
AdaptiveSizeStart: 52.127 collection: 150 
  avg_survived_padded_avg: 5517772.000000  avg_promoted_padded_avg: 5352510.000000  avg_pretenured_padded_avg: 0.000000  tenuring_thresh: 1  target_size: 5767168

Desired survivor size 5767168 bytes, new threshold 1 (max 15)
PSAdaptiveSizePolicy::compute_eden_space_size: costs minor_time: 0.005804 major_cost: 0.001286 mutator_cost: 0.992910 throughput_goal: 0.990000 live_space: 337164672 free_space: 602406912 old_eden_size: 530055168 desired_eden_size: 506986496
AdaptiveSizePolicy::survivor space sizes: collection: 150 (5242880, 2621440) -> (5242880, 5767168) 
AdaptiveSizeStop: collection: 150 
 650061K->136618K(647680K), 0.0022934 secs]
2018-08-15T23:20:59.539+0530: 52.127: Total time for which application threads were stopped: 0.0024027 seconds, Stopping threads took: 0.0000167 seconds
2018-08-15T23:20:59.867+0530: 52.455: Application time: 0.3277985 seconds
2018-08-15T23:20:59.867+0530: 52.455: [GC (Allocation Failure) AdaptiveSizePolicy::update_averages:  survived: 2937368  promoted: 3949264  overflow: false
AdaptiveSizeStart: 52.458 collection: 151 
  avg_survived_padded_avg: 5331596.000000  avg_promoted_padded_avg: 5712299.000000  avg_pretenured_padded_avg: 0.000000  tenuring_thresh: 1  target_size: 5767168

Desired survivor size 5767168 bytes, new threshold 1 (max 15)
PSAdaptiveSizePolicy::compute_eden_space_size: costs minor_time: 0.006509 major_cost: 0.001286 mutator_cost: 0.992205 throughput_goal: 0.990000 live_space: 337138560 free_space: 579338240 old_eden_size: 506986496 desired_eden_size: 484966400
AdaptiveSizePolicy::survivor space sizes: collection: 151 (5767168, 524288) -> (3145728, 3670016) 
AdaptiveSizeStop: collection: 151 
 631722K->138352K(624128K), 0.0030709 secs]
2018-08-15T23:20:59.870+0530: 52.458: Total time for which application threads were stopped: 0.0032331 seconds, Stopping threads took: 0.0000180 seconds
2018-08-15T23:20:59.979+0530: 52.567: Application time: 0.1088673 seconds
2018-08-15T23:20:59.979+0530: 52.567: Total time for which application threads were stopped: 0.0001026 seconds, Stopping threads took: 0.0000576 seconds
2018-08-15T23:21:00.187+0530: 52.776: Application time: 0.2084979 seconds
2018-08-15T23:21:00.188+0530: 52.776: [GC (Allocation Failure) AdaptiveSizePolicy::update_averages:  survived: 2970144  promoted: 883992  overflow: false
AdaptiveSizeStart: 52.778 collection: 152 
  avg_survived_padded_avg: 5151280.000000  avg_promoted_padded_avg: 5606989.000000  avg_pretenured_padded_avg: 0.000000  tenuring_thresh: 1  target_size: 5242880

Desired survivor size 5242880 bytes, new threshold 1 (max 15)
PSAdaptiveSizePolicy::compute_eden_space_size: costs minor_time: 0.006158 major_cost: 0.001286 mutator_cost: 0.992556 throughput_goal: 0.990000 live_space: 337118336 free_space: 557318144 old_eden_size: 484966400 desired_eden_size: 463994880
AdaptiveSizePolicy::survivor space sizes: collection: 152 (3145728, 3145728) -> (3145728, 5242880) 
AdaptiveSizeStop: collection: 152 
 611952K->139248K(603648K), 0.0017405 secs]
2018-08-15T23:21:00.189+0530: 52.778: Total time for which application threads were stopped: 0.0018573 seconds, Stopping threads took: 0.0000175 seconds
2018-08-15T23:21:00.491+0530: 53.079: Application time: 0.3016723 seconds
2018-08-15T23:21:00.491+0530: 53.079: [GC (Allocation Failure) AdaptiveSizePolicy::update_averages:  survived: 2483256  promoted: 1338288  overflow: false
AdaptiveSizeStart: 53.082 collection: 153 
  avg_survived_padded_avg: 5066183.500000  avg_promoted_padded_avg: 5397228.500000  avg_pretenured_padded_avg: 0.000000  tenuring_thresh: 1  target_size: 5242880

Desired survivor size 5242880 bytes, new threshold 1 (max 15)
PSAdaptiveSizePolicy::compute_eden_space_size: costs minor_time: 0.006530 major_cost: 0.001286 mutator_cost: 0.992184 throughput_goal: 0.990000 live_space: 337051456 free_space: 536346624 old_eden_size: 463994880 desired_eden_size: 444071936
AdaptiveSizePolicy::survivor space sizes: collection: 153 (5242880, 524288) -> (2621440, 5242880) 
AdaptiveSizeStop: collection: 153 
 592368K->140079K(583680K), 0.0024896 secs]
2018-08-15T23:21:00.494+0530: 53.082: Total time for which application threads were stopped: 0.0026016 seconds, Stopping threads took: 0.0000185 seconds
2018-08-15T23:21:00.781+0530: 53.370: Application time: 0.2876616 seconds
2018-08-15T23:21:00.781+0530: 53.370: [GC (Allocation Failure) AdaptiveSizePolicy::update_averages:  survived: 2417816  promoted: 884000  overflow: false
AdaptiveSizeStart: 53.372 collection: 154 
  avg_survived_padded_avg: 4982550.000000  avg_promoted_padded_avg: 5263961.500000  avg_pretenured_padded_avg: 0.000000  tenuring_thresh: 1  target_size: 5242880

Desired survivor size 5242880 bytes, new threshold 1 (max 15)
PSAdaptiveSizePolicy::compute_eden_space_size: costs minor_time: 0.006438 major_cost: 0.001286 mutator_cost: 0.992276 throughput_goal: 0.990000 live_space: 336984704 free_space: 516423680 old_eden_size: 444071936 desired_eden_size: 425197568
AdaptiveSizePolicy::survivor space sizes: collection: 154 (2621440, 2621440) -> (2621440, 5242880) 
AdaptiveSizeStop: collection: 154 
 573743K->140878K(565248K), 0.0019443 secs]
2018-08-15T23:21:00.783+0530: 53.372: Total time for which application threads were stopped: 0.0020551 seconds, Stopping threads took: 0.0000174 seconds
2018-08-15T23:21:00.979+0530: 53.568: Application time: 0.1958466 seconds
2018-08-15T23:21:00.979+0530: 53.568: Total time for which application threads were stopped: 0.0000928 seconds, Stopping threads took: 0.0000414 seconds
2018-08-15T23:21:00.980+0530: 53.569: Application time: 0.0011370 seconds
2018-08-15T23:21:00.980+0530: 53.569: Total time for which application threads were stopped: 0.0000734 seconds, Stopping threads took: 0.0000309 seconds
2018-08-15T23:21:01.061+0530: 53.649: Application time: 0.0805255 seconds
2018-08-15T23:21:01.061+0530: 53.650: [GC (Allocation Failure) AdaptiveSizePolicy::update_averages:  survived: 5127504  promoted: 300136  overflow: false
AdaptiveSizeStart: 53.652 collection: 155 
  avg_survived_padded_avg: 5565578.000000  avg_promoted_padded_avg: 5211472.000000  avg_pretenured_padded_avg: 0.000000  tenuring_thresh: 1  target_size: 5767168

Desired survivor size 5767168 bytes, new threshold 1 (max 15)
PSAdaptiveSizePolicy::compute_eden_space_size: costs minor_time: 0.006688 major_cost: 0.001286 mutator_cost: 0.992027 throughput_goal: 0.990000 live_space: 337195584 free_space: 497549312 old_eden_size: 425197568 desired_eden_size: 407371776
AdaptiveSizePolicy::survivor space sizes: collection: 155 (5242880, 524288) -> (5242880, 3145728) 
AdaptiveSizeStop: collection: 155 
 556110K->143818K(550400K), 0.0022111 secs]
2018-08-15T23:21:01.063+0530: 53.652: Total time for which application threads were stopped: 0.0023339 seconds, Stopping threads took: 0.0000169 seconds
2018-08-15T23:21:01.328+0530: 53.916: Application time: 0.2646518 seconds
2018-08-15T23:21:01.328+0530: 53.916: [GC (Allocation Failure) AdaptiveSizePolicy::update_averages:  survived: 2315008  promoted: 3957448  overflow: false
AdaptiveSizeStart: 53.919 collection: 156 
  avg_survived_padded_avg: 5488216.000000  avg_promoted_padded_avg: 5674040.000000  avg_pretenured_padded_avg: 0.000000  tenuring_thresh: 1  target_size: 5767168

Desired survivor size 5767168 bytes, new threshold 1 (max 15)
PSAdaptiveSizePolicy::compute_eden_space_size: costs minor_time: 0.007745 major_cost: 0.001286 mutator_cost: 0.990969 throughput_goal: 0.990000 live_space: 337104160 free_space: 479723520 old_eden_size: 407371776 desired_eden_size: 390594560
AdaptiveSizePolicy::survivor space sizes: collection: 156 (2621440, 5242880) -> (2621440, 5767168) 
AdaptiveSizeStop: collection: 156 
 541642K->144936K(531456K), 0.0030380 secs]
2018-08-15T23:21:01.331+0530: 53.920: [Full GC (Ergonomics) AdaptiveSizeStart: 53.967 collection: 157 
PSAdaptiveSizePolicy::compute_eden_space_size: costs minor_time: 0.007745 major_cost: 0.002048 mutator_cost: 0.990207 throughput_goal: 0.990000 live_space: 336790368 free_space: 462946304 old_eden_size: 390594560 desired_eden_size: 374341632
PSAdaptiveSizePolicy::compute_old_gen_free_space: costs minor_time: 0.007745 major_cost: 0.002048 mutator_cost: 0.990207 throughput_goal: 0.990000 live_space: 343604736 free_space: 446693376 old_promo_size: 72351744 desired_promo_size: 71827456
AdaptiveSizePolicy::old generation size: collection: 157 (150994944) -> (164102144) 
AdaptiveSizeStop: collection: 157 
 144936K->84160K(544256K), 0.0475855 secs]
2018-08-15T23:21:01.379+0530: 53.967: Total time for which application threads were stopped: 0.0508318 seconds, Stopping threads took: 0.0000176 seconds
2018-08-15T23:21:01.636+0530: 54.224: Application time: 0.2572098 seconds
2018-08-15T23:21:01.636+0530: 54.225: [GC (Allocation Failure) AdaptiveSizePolicy::update_averages:  survived: 1828184  promoted: 0  overflow: false
AdaptiveSizeStart: 54.227 collection: 158 
  avg_survived_padded_avg: 5476581.000000  avg_promoted_padded_avg: 5474285.000000  avg_pretenured_padded_avg: 0.000000  tenuring_thresh: 1  target_size: 5767168

Desired survivor size 5767168 bytes, new threshold 1 (max 15)
PSAdaptiveSizePolicy::compute_eden_space_size: costs minor_time: 0.007479 major_cost: 0.002048 mutator_cost: 0.990473 throughput_goal: 0.990000 live_space: 343505120 free_space: 446169088 old_eden_size: 374341632 desired_eden_size: 374341632
AdaptiveSizePolicy::survivor space sizes: collection: 158 (5767168, 524288) -> (2097152, 5767168) 
AdaptiveSizeStop: collection: 158 
 465600K->85945K(527872K), 0.0021919 secs]
2018-08-15T23:21:01.638+0530: 54.227: Total time for which application threads were stopped: 0.0023373 seconds, Stopping threads took: 0.0000174 seconds
2018-08-15T23:21:01.880+0530: 54.469: Application time: 0.2419958 seconds
2018-08-15T23:21:01.880+0530: 54.469: [GC (Allocation Failure) AdaptiveSizePolicy::update_averages:  survived: 3196304  promoted: 27048  overflow: false
AdaptiveSizeStart: 54.470 collection: 159 
  avg_survived_padded_avg: 5299014.000000  avg_promoted_padded_avg: 5407663.000000  avg_pretenured_padded_avg: 0.000000  tenuring_thresh: 1  target_size: 5767168

Desired survivor size 5767168 bytes, new threshold 1 (max 15)
PSAdaptiveSizePolicy::compute_eden_space_size: costs minor_time: 0.007075 major_cost: 0.002048 mutator_cost: 0.990877 throughput_goal: 0.990000 live_space: 343552288 free_space: 446169088 old_eden_size: 374341632 desired_eden_size: 359137280
AdaptiveSizePolicy::survivor space sizes: collection: 159 (3670016, 2097152) -> (3670016, 5767168) 
AdaptiveSizeStop: collection: 159 
 451513K->87308K(514560K), 0.0015727 secs]
2018-08-15T23:21:01.882+0530: 54.470: Total time for which application threads were stopped: 0.0016815 seconds, Stopping threads took: 0.0000176 seconds
2018-08-15T23:21:01.979+0530: 54.568: Application time: 0.0973737 seconds
2018-08-15T23:21:01.980+0530: 54.568: Total time for which application threads were stopped: 0.0001515 seconds, Stopping threads took: 0.0000830 seconds
2018-08-15T23:21:02.116+0530: 54.705: Application time: 0.1367953 seconds
2018-08-15T23:21:02.116+0530: 54.705: [GC (Allocation Failure) AdaptiveSizePolicy::update_averages:  survived: 2418712  promoted: 1330088  overflow: false
AdaptiveSizeStart: 54.710 collection: 160 
  avg_survived_padded_avg: 5175518.500000  avg_promoted_padded_avg: 5078376.000000  avg_pretenured_padded_avg: 0.000000  tenuring_thresh: 1  target_size: 5242880

Desired survivor size 5242880 bytes, new threshold 1 (max 15)
PSAdaptiveSizePolicy::compute_eden_space_size: costs minor_time: 0.010258 major_cost: 0.002048 mutator_cost: 0.987694 throughput_goal: 0.990000 live_space: 343516992 free_space: 430964736 old_eden_size: 359137280 desired_eden_size: 419430400
AdaptiveSizePolicy::survivor space sizes: collection: 160 (5767168, 524288) -> (2621440, 5242880) 
AdaptiveSizeStop: collection: 160 
 438028K->87847K(572416K), 0.0049104 secs]
2018-08-15T23:21:02.121+0530: 54.710: Total time for which application threads were stopped: 0.0050386 seconds, Stopping threads took: 0.0000169 seconds
2018-08-15T23:21:02.393+0530: 54.981: Application time: 0.2714776 seconds
2018-08-15T23:21:02.393+0530: 54.981: [GC (Allocation Failure) AdaptiveSizePolicy::update_averages:  survived: 2320464  promoted: 900376  overflow: false
AdaptiveSizeStart: 54.983 collection: 161 
  avg_survived_padded_avg: 5064621.500000  avg_promoted_padded_avg: 4847221.500000  avg_pretenured_padded_avg: 0.000000  tenuring_thresh: 1  target_size: 5242880

Desired survivor size 5242880 bytes, new threshold 1 (max 15)
PSAdaptiveSizePolicy::compute_eden_space_size: costs minor_time: 0.009139 major_cost: 0.002048 mutator_cost: 0.988813 throughput_goal: 0.990000 live_space: 343475392 free_space: 491257856 old_eden_size: 419430400 desired_eden_size: 488112128
AdaptiveSizePolicy::survivor space sizes: collection: 161 (2621440, 2621440) -> (2621440, 5242880) 
AdaptiveSizeStop: collection: 161 
 497447K->88631K(639488K), 0.0017262 secs]
2018-08-15T23:21:02.395+0530: 54.983: Total time for which application threads were stopped: 0.0018204 seconds, Stopping threads took: 0.0000186 seconds
2018-08-15T23:21:02.699+0530: 55.287: Application time: 0.3042345 seconds
2018-08-15T23:21:02.699+0530: 55.287: [GC (Allocation Failure) AdaptiveSizePolicy::update_averages:  survived: 5240040  promoted: 0  overflow: false
AdaptiveSizeStart: 55.289 collection: 162 
  avg_survived_padded_avg: 5713301.500000  avg_promoted_padded_avg: 4694969.000000  avg_pretenured_padded_avg: 0.000000  tenuring_thresh: 1  target_size: 5767168

Desired survivor size 5767168 bytes, new threshold 1 (max 15)
PSAdaptiveSizePolicy::compute_eden_space_size: costs minor_time: 0.008371 major_cost: 0.002048 mutator_cost: 0.989581 throughput_goal: 0.990000 live_space: 343729920 free_space: 559939584 old_eden_size: 488112128 desired_eden_size: 567279616
AdaptiveSizePolicy::survivor space sizes: collection: 162 (5242880, 524288) -> (5242880, 3145728) 
AdaptiveSizeStop: collection: 162 
 565303K->91482K(719360K), 0.0019976 secs]
2018-08-15T23:21:02.701+0530: 55.290: Total time for which application threads were stopped: 0.0021252 seconds, Stopping threads took: 0.0000179 seconds
2018-08-15T23:21:02.980+0530: 55.568: Application time: 0.2785159 seconds
2018-08-15T23:21:02.980+0530: 55.568: Total time for which application threads were stopped: 0.0001050 seconds, Stopping threads took: 0.0000474 seconds
2018-08-15T23:21:03.072+0530: 55.660: Application time: 0.0922413 seconds
2018-08-15T23:21:03.072+0530: 55.660: [GC (Allocation Failure) AdaptiveSizePolicy::update_averages:  survived: 2710320  promoted: 3949264  overflow: false
AdaptiveSizeStart: 55.664 collection: 163 
  avg_survived_padded_avg: 5528003.500000  avg_promoted_padded_avg: 5316725.500000  avg_pretenured_padded_avg: 0.000000  tenuring_thresh: 1  target_size: 5767168

Desired survivor size 5767168 bytes, new threshold 1 (max 15)
PSAdaptiveSizePolicy::compute_eden_space_size: costs minor_time: 0.008648 major_cost: 0.002048 mutator_cost: 0.989304 throughput_goal: 0.990000 live_space: 343706016 free_space: 639107072 old_eden_size: 567279616 desired_eden_size: 659554304
AdaptiveSizePolicy::survivor space sizes: collection: 163 (3145728, 5242880) -> (3145728, 5767168) 
AdaptiveSizeStop: collection: 163 
 645466K->92868K(807424K), 0.0036034 secs]
2018-08-15T23:21:03.076+0530: 55.664: Total time for which application threads were stopped: 0.0037485 seconds, Stopping threads took: 0.0000157 seconds
2018-08-15T23:21:03.514+0530: 56.102: Application time: 0.4379885 seconds
2018-08-15T23:21:03.514+0530: 56.102: [GC (Allocation Failure) AdaptiveSizePolicy::update_averages:  survived: 3244960  promoted: 883992  overflow: false
AdaptiveSizeStart: 56.104 collection: 164 
  avg_survived_padded_avg: 5340552.000000  avg_promoted_padded_avg: 5074381.000000  avg_pretenured_padded_avg: 0.000000  tenuring_thresh: 1  target_size: 5767168

Desired survivor size 5767168 bytes, new threshold 1 (max 15)
PSAdaptiveSizePolicy::compute_eden_space_size: costs minor_time: 0.007452 major_cost: 0.002048 mutator_cost: 0.990500 throughput_goal: 0.990000 live_space: 343737952 free_space: 731381760 old_eden_size: 659554304 desired_eden_size: 630194176
AdaptiveSizePolicy::survivor space sizes: collection: 164 (5767168, 524288) -> (3670016, 5242880) 
AdaptiveSizeStop: collection: 164 
 736964K->94253K(779264K), 0.0018501 secs]
2018-08-15T23:21:03.516+0530: 56.104: Total time for which application threads were stopped: 0.0019549 seconds, Stopping threads took: 0.0000152 seconds
2018-08-15T23:21:03.921+0530: 56.510: Application time: 0.4054893 seconds
2018-08-15T23:21:03.921+0530: 56.510: [GC (Allocation Failure) AdaptiveSizePolicy::update_averages:  survived: 2676904  promoted: 883992  overflow: false
AdaptiveSizeStart: 56.512 collection: 165 
  avg_survived_padded_avg: 5190794.500000  avg_promoted_padded_avg: 4836178.500000  avg_pretenured_padded_avg: 0.000000  tenuring_thresh: 1  target_size: 5242880

Desired survivor size 5242880 bytes, new threshold 1 (max 15)
PSAdaptiveSizePolicy::compute_eden_space_size: costs minor_time: 0.007004 major_cost: 0.002048 mutator_cost: 0.990948 throughput_goal: 0.990000 live_space: 343709920 free_space: 702021632 old_eden_size: 630194176 desired_eden_size: 602406912
AdaptiveSizePolicy::survivor space sizes: collection: 165 (3145728, 3670016) -> (3145728, 5242880) 
AdaptiveSizeStop: collection: 165 
 709677K->94562K(751616K), 0.0024737 secs]
2018-08-15T23:21:03.924+0530: 56.512: Total time for which application threads were stopped: 0.0025871 seconds, Stopping threads took: 0.0000185 seconds
2018-08-15T23:21:03.980+0530: 56.568: Application time: 0.0558837 seconds
2018-08-15T23:21:03.980+0530: 56.568: Total time for which application threads were stopped: 0.0001147 seconds, Stopping threads took: 0.0000575 seconds
2018-08-15T23:21:04.283+0530: 56.872: Application time: 0.3035061 seconds
2018-08-15T23:21:04.283+0530: 56.872: [GC (Allocation Failure) AdaptiveSizePolicy::update_averages:  survived: 4867680  promoted: 9195688  overflow: false
AdaptiveSizeStart: 56.875 collection: 166 
  avg_survived_padded_avg: 5645046.000000  avg_promoted_padded_avg: 7353535.000000  avg_pretenured_padded_avg: 0.000000  tenuring_thresh: 1  target_size: 5767168

Desired survivor size 5767168 bytes, new threshold 1 (max 15)
PSAdaptiveSizePolicy::compute_eden_space_size: costs minor_time: 0.007490 major_cost: 0.002048 mutator_cost: 0.990462 throughput_goal: 0.990000 live_space: 343903744 free_space: 674234368 old_eden_size: 602406912 desired_eden_size: 575668224
AdaptiveSizePolicy::survivor space sizes: collection: 166 (5242880, 524288) -> (5242880, 2621440) 
AdaptiveSizeStop: collection: 166 
 682850K->105682K(727552K), 0.0033959 secs]
2018-08-15T23:21:04.287+0530: 56.875: Total time for which application threads were stopped: 0.0035153 seconds, Stopping threads took: 0.0000213 seconds
2018-08-15T23:21:04.663+0530: 57.252: Application time: 0.3765215 seconds
2018-08-15T23:21:04.663+0530: 57.252: [GC (Allocation Failure) AdaptiveSizePolicy::update_averages:  survived: 2563736  promoted: 3965680  overflow: false
AdaptiveSizeStart: 57.254 collection: 167 
  avg_survived_padded_avg: 5521073.000000  avg_promoted_padded_avg: 7475912.000000  avg_pretenured_padded_avg: 0.000000  tenuring_thresh: 1  target_size: 5767168

Desired survivor size 5767168 bytes, new threshold 1 (max 15)
PSAdaptiveSizePolicy::compute_eden_space_size: costs minor_time: 0.007122 major_cost: 0.002048 mutator_cost: 0.990830 throughput_goal: 0.990000 live_space: 343847808 free_space: 647495680 old_eden_size: 575668224 desired_eden_size: 550502400
AdaptiveSizePolicy::survivor space sizes: collection: 167 (2621440, 5242880) -> (2621440, 5767168) 
AdaptiveSizeStop: collection: 167 
 667858K->107304K(700416K), 0.0023369 secs]
2018-08-15T23:21:04.666+0530: 57.254: Total time for which application threads were stopped: 0.0024562 seconds, Stopping threads took: 0.0000181 seconds
2018-08-15T23:21:04.980+0530: 57.568: Application time: 0.3140964 seconds
2018-08-15T23:21:04.980+0530: 57.568: Total time for which application threads were stopped: 0.0000933 seconds, Stopping threads took: 0.0000342 seconds
2018-08-15T23:21:05.025+0530: 57.614: Application time: 0.0452478 seconds
2018-08-15T23:21:05.025+0530: 57.614: [GC (Allocation Failure) AdaptiveSizePolicy::update_averages:  survived: 2840424  promoted: 892184  overflow: false
AdaptiveSizeStart: 57.615 collection: 168 
  avg_survived_padded_avg: 5344045.000000  avg_promoted_padded_avg: 7232337.000000  avg_pretenured_padded_avg: 0.000000  tenuring_thresh: 1  target_size: 5767168

Desired survivor size 5767168 bytes, new threshold 1 (max 15)
PSAdaptiveSizePolicy::compute_eden_space_size: costs minor_time: 0.006525 major_cost: 0.002048 mutator_cost: 0.991427 throughput_goal: 0.990000 live_space: 343825120 free_space: 622329856 old_eden_size: 550502400 desired_eden_size: 526385152
AdaptiveSizePolicy::survivor space sizes: collection: 168 (5767168, 524288) -> (3145728, 5767168) 
AdaptiveSizeStop: collection: 168 
 644904K->108446K(677376K), 0.0018841 secs]
2018-08-15T23:21:05.027+0530: 57.616: Total time for which application threads were stopped: 0.0019960 seconds, Stopping threads took: 0.0000179 seconds
2018-08-15T23:21:05.371+0530: 57.959: Application time: 0.3433575 seconds
2018-08-15T23:21:05.371+0530: 57.959: [GC (Allocation Failure) AdaptiveSizePolicy::update_averages:  survived: 2385640  promoted: 1338288  overflow: false
AdaptiveSizeStart: 57.961 collection: 169 
  avg_survived_padded_avg: 5252929.500000  avg_promoted_padded_avg: 6895801.000000  avg_pretenured_padded_avg: 0.000000  tenuring_thresh: 1  target_size: 5767168

Desired survivor size 5767168 bytes, new threshold 1 (max 15)
PSAdaptiveSizePolicy::compute_eden_space_size: costs minor_time: 0.006451 major_cost: 0.002048 mutator_cost: 0.991501 throughput_goal: 0.990000 live_space: 343759232 free_space: 598212608 old_eden_size: 526385152 desired_eden_size: 503316480
AdaptiveSizePolicy::survivor space sizes: collection: 169 (2621440, 3145728) -> (2621440, 5767168) 
AdaptiveSizeStop: collection: 169 
 622494K->109309K(654336K), 0.0023112 secs]
2018-08-15T23:21:05.373+0530: 57.961: Total time for which application threads were stopped: 0.0024197 seconds, Stopping threads took: 0.0000184 seconds
2018-08-15T23:21:05.704+0530: 58.293: Application time: 0.3311710 seconds
2018-08-15T23:21:05.704+0530: 58.293: [GC (Allocation Failure) AdaptiveSizePolicy::update_averages:  survived: 2467112  promoted: 884000  overflow: false
AdaptiveSizeStart: 58.294 collection: 170 
  avg_survived_padded_avg: 5136602.500000  avg_promoted_padded_avg: 6644861.500000  avg_pretenured_padded_avg: 0.000000  tenuring_thresh: 1  target_size: 5242880

Desired survivor size 5242880 bytes, new threshold 1 (max 15)
PSAdaptiveSizePolicy::compute_eden_space_size: costs minor_time: 0.006030 major_cost: 0.002048 mutator_cost: 0.991922 throughput_goal: 0.990000 live_space: 343708064 free_space: 575143936 old_eden_size: 503316480 desired_eden_size: 481296384
AdaptiveSizePolicy::survivor space sizes: collection: 170 (5767168, 524288) -> (2621440, 5242880) 
AdaptiveSizeStop: collection: 170 
 600829K->110251K(632832K), 0.0017414 secs]
2018-08-15T23:21:05.706+0530: 58.294: Total time for which application threads were stopped: 0.0018509 seconds, Stopping threads took: 0.0000182 seconds
2018-08-15T23:21:05.980+0530: 58.568: Application time: 0.2740058 seconds
2018-08-15T23:21:05.980+0530: 58.569: Total time for which application threads were stopped: 0.0001430 seconds, Stopping threads took: 0.0000986 seconds
2018-08-15T23:21:06.007+0530: 58.596: Application time: 0.0271951 seconds
2018-08-15T23:21:06.007+0530: 58.596: [GC (Allocation Failure) AdaptiveSizePolicy::update_averages:  survived: 4023712  promoted: 2627352  overflow: false
AdaptiveSizeStart: 58.598 collection: 171 
  avg_survived_padded_avg: 5299566.000000  avg_promoted_padded_avg: 6398599.000000  avg_pretenured_padded_avg: 0.000000  tenuring_thresh: 1  target_size: 5767168

Desired survivor size 5767168 bytes, new threshold 1 (max 15)
PSAdaptiveSizePolicy::compute_eden_space_size: costs minor_time: 0.006251 major_cost: 0.002048 mutator_cost: 0.991701 throughput_goal: 0.990000 live_space: 343817696 free_space: 553123840 old_eden_size: 481296384 desired_eden_size: 460849152
AdaptiveSizePolicy::survivor space sizes: collection: 171 (4194304, 2621440) -> (4194304, 5767168) 
AdaptiveSizeStop: collection: 171 
 580267K->114337K(614400K), 0.0022198 secs]
2018-08-15T23:21:06.010+0530: 58.598: Total time for which application threads were stopped: 0.0023195 seconds, Stopping threads took: 0.0000173 seconds
2018-08-15T23:21:06.311+0530: 58.900: Application time: 0.3016093 seconds
2018-08-15T23:21:06.311+0530: 58.900: [GC (Allocation Failure) AdaptiveSizePolicy::update_averages:  survived: 2774888  promoted: 2651992  overflow: false
AdaptiveSizeStart: 58.902 collection: 172 
  avg_survived_padded_avg: 5137453.000000  avg_promoted_padded_avg: 6170530.500000  avg_pretenured_padded_avg: 0.000000  tenuring_thresh: 1  target_size: 5242880

Desired survivor size 5242880 bytes, new threshold 1 (max 15)
PSAdaptiveSizePolicy::compute_eden_space_size: costs minor_time: 0.006652 major_cost: 0.002048 mutator_cost: 0.991300 throughput_goal: 0.990000 live_space: 343791456 free_space: 532676608 old_eden_size: 460849152 desired_eden_size: 440926208
AdaptiveSizePolicy::survivor space sizes: collection: 172 (5767168, 524288) -> (3145728, 4718592) 
AdaptiveSizeStop: collection: 172 
 564385K->115708K(593920K), 0.0025972 secs]
2018-08-15T23:21:06.314+0530: 58.902: Total time for which application threads were stopped: 0.0027072 seconds, Stopping threads took: 0.0000173 seconds
2018-08-15T23:21:06.598+0530: 59.187: Application time: 0.2842015 seconds
2018-08-15T23:21:06.598+0530: 59.187: [GC (Allocation Failure) AdaptiveSizePolicy::update_averages:  survived: 2694104  promoted: 883992  overflow: false
AdaptiveSizeStart: 59.188 collection: 173 
  avg_survived_padded_avg: 4996250.000000  avg_promoted_padded_avg: 5987303.500000  avg_pretenured_padded_avg: 0.000000  tenuring_thresh: 1  target_size: 5242880

Desired survivor size 5242880 bytes, new threshold 1 (max 15)
PSAdaptiveSizePolicy::compute_eden_space_size: costs minor_time: 0.006412 major_cost: 0.002048 mutator_cost: 0.991540 throughput_goal: 0.990000 live_space: 343759776 free_space: 512753664 old_eden_size: 440926208 desired_eden_size: 422051840
AdaptiveSizePolicy::survivor space sizes: collection: 173 (3145728, 3145728) -> (3145728, 5242880) 
AdaptiveSizeStop: collection: 173 
 546300K->116492K(575488K), 0.0017442 secs]
2018-08-15T23:21:06.600+0530: 59.188: Total time for which application threads were stopped: 0.0018530 seconds, Stopping threads took: 0.0000180 seconds
2018-08-15T23:21:06.875+0530: 59.464: Application time: 0.2751925 seconds
2018-08-15T23:21:06.875+0530: 59.464: [GC (Allocation Failure) AdaptiveSizePolicy::update_averages:  survived: 1979880  promoted: 1321904  overflow: false
AdaptiveSizeStart: 59.465 collection: 174 
  avg_survived_padded_avg: 4980271.500000  avg_promoted_padded_avg: 5713412.000000  avg_pretenured_padded_avg: 0.000000  tenuring_thresh: 1  target_size: 5242880

Desired survivor size 5242880 bytes, new threshold 1 (max 15)
PSAdaptiveSizePolicy::compute_eden_space_size: costs minor_time: 0.006241 major_cost: 0.002048 mutator_cost: 0.991711 throughput_goal: 0.990000 live_space: 343659840 free_space: 493879296 old_eden_size: 422051840 desired_eden_size: 404226048
AdaptiveSizePolicy::survivor space sizes: collection: 174 (5242880, 524288) -> (2097152, 5242880) 
AdaptiveSizeStop: collection: 174 
 528652K->117085K(557056K), 0.0017454 secs]
2018-08-15T23:21:06.877+0530: 59.466: Total time for which application threads were stopped: 0.0019091 seconds, Stopping threads took: 0.0000659 seconds
2018-08-15T23:21:06.980+0530: 59.568: Application time: 0.1027653 seconds
2018-08-15T23:21:06.980+0530: 59.568: Total time for which application threads were stopped: 0.0001292 seconds, Stopping threads took: 0.0000592 seconds
2018-08-15T23:21:07.146+0530: 59.735: Application time: 0.1663746 seconds
2018-08-15T23:21:07.146+0530: 59.735: [GC (Allocation Failure) AdaptiveSizePolicy::update_averages:  survived: 1980064  promoted: 883992  overflow: false
AdaptiveSizeStart: 59.736 collection: 175 
  avg_survived_padded_avg: 4937294.000000  avg_promoted_padded_avg: 5522089.500000  avg_pretenured_padded_avg: 0.000000  tenuring_thresh: 1  target_size: 5242880

Desired survivor size 5242880 bytes, new threshold 1 (max 15)
PSAdaptiveSizePolicy::compute_eden_space_size: costs minor_time: 0.006004 major_cost: 0.002048 mutator_cost: 0.991948 throughput_goal: 0.990000 live_space: 343569920 free_space: 476053504 old_eden_size: 404226048 desired_eden_size: 387448832
AdaptiveSizePolicy::survivor space sizes: collection: 175 (2097152, 2097152) -> (2097152, 5242880) 
AdaptiveSizeStop: collection: 175 
 511837K->117949K(540672K), 0.0016034 secs]
2018-08-15T23:21:07.148+0530: 59.737: Total time for which application threads were stopped: 0.0017148 seconds, Stopping threads took: 0.0000179 seconds
2018-08-15T23:21:07.400+0530: 59.988: Application time: 0.2517463 seconds
2018-08-15T23:21:07.400+0530: 59.988: [GC (Allocation Failure) AdaptiveSizePolicy::update_averages:  survived: 2774256  promoted: 16384  overflow: false
AdaptiveSizeStart: 59.990 collection: 176 
  avg_survived_padded_avg: 4737897.000000  avg_promoted_padded_avg: 5468230.000000  avg_pretenured_padded_avg: 0.000000  tenuring_thresh: 1  target_size: 5242880

Desired survivor size 5242880 bytes, new threshold 1 (max 15)
PSAdaptiveSizePolicy::compute_eden_space_size: costs minor_time: 0.005787 major_cost: 0.002048 mutator_cost: 0.992165 throughput_goal: 0.990000 live_space: 343568416 free_space: 459276288 old_eden_size: 387448832 desired_eden_size: 371195904
AdaptiveSizePolicy::survivor space sizes: collection: 176 (5242880, 524288) -> (3145728, 5242880) 
AdaptiveSizeStop: collection: 176 
 496317K->118740K(525824K), 0.0014295 secs]
2018-08-15T23:21:07.401+0530: 59.990: Total time for which application threads were stopped: 0.0015547 seconds, Stopping threads took: 0.0000183 seconds
2018-08-15T23:21:07.631+0530: 60.220: Application time: 0.2298601 seconds
2018-08-15T23:21:07.631+0530: 60.220: [GC (Allocation Failure) AdaptiveSizePolicy::update_averages:  survived: 5207944  promoted: 1605632  overflow: false
AdaptiveSizeStart: 60.222 collection: 177 
  avg_survived_padded_avg: 5426781.500000  avg_promoted_padded_avg: 5099914.000000  avg_pretenured_padded_avg: 0.000000  tenuring_thresh: 1  target_size: 5767168

Desired survivor size 5767168 bytes, new threshold 1 (max 15)
PSAdaptiveSizePolicy::compute_eden_space_size: costs minor_time: 0.006694 major_cost: 0.002048 mutator_cost: 0.991258 throughput_goal: 0.990000 live_space: 343810400 free_space: 443023360 old_eden_size: 371195904 desired_eden_size: 355991552
AdaptiveSizePolicy::survivor space sizes: collection: 177 (5242880, 3145728) -> (5242880, 5767168) 
AdaptiveSizeStop: collection: 177 
 481236K->122685K(513024K), 0.0022435 secs]
2018-08-15T23:21:07.634+0530: 60.222: Total time for which application threads were stopped: 0.0023527 seconds, Stopping threads took: 0.0000182 seconds
2018-08-15T23:21:07.862+0530: 60.451: Application time: 0.2286624 seconds
2018-08-15T23:21:07.862+0530: 60.451: [GC (Allocation Failure) AdaptiveSizePolicy::update_averages:  survived: 2531592  promoted: 3949272  overflow: false
AdaptiveSizeStart: 60.453 collection: 178 
  avg_survived_padded_avg: 5282186.000000  avg_promoted_padded_avg: 5601483.500000  avg_pretenured_padded_avg: 0.000000  tenuring_thresh: 1  target_size: 5767168

Desired survivor size 5767168 bytes, new threshold 1 (max 15)
PSAdaptiveSizePolicy::compute_eden_space_size: costs minor_time: 0.007392 major_cost: 0.002048 mutator_cost: 0.990560 throughput_goal: 0.990000 live_space: 343760576 free_space: 427819008 old_eden_size: 355991552 desired_eden_size: 341311488
AdaptiveSizePolicy::survivor space sizes: collection: 178 (5767168, 524288) -> (2621440, 4194304) 
AdaptiveSizeStop: collection: 178 
 470333K->123928K(496128K), 0.0023933 secs]
2018-08-15T23:21:07.865+0530: 60.453: Total time for which application threads were stopped: 0.0025415 seconds, Stopping threads took: 0.0000365 seconds
2018-08-15T23:21:07.980+0530: 60.569: Application time: 0.1155723 seconds
2018-08-15T23:21:07.981+0530: 60.569: Total time for which application threads were stopped: 0.0001418 seconds, Stopping threads took: 0.0000516 seconds
2018-08-15T23:21:08.092+0530: 60.680: Application time: 0.1110870 seconds
2018-08-15T23:21:08.092+0530: 60.680: [GC (Allocation Failure) AdaptiveSizePolicy::update_averages:  survived: 1575368  promoted: 1613848  overflow: false
AdaptiveSizeStart: 60.682 collection: 179 
  avg_survived_padded_avg: 5300116.000000  avg_promoted_padded_avg: 5278314.000000  avg_pretenured_padded_avg: 0.000000  tenuring_thresh: 1  target_size: 5767168

Desired survivor size 5767168 bytes, new threshold 1 (max 15)
PSAdaptiveSizePolicy::compute_eden_space_size: costs minor_time: 0.007863 major_cost: 0.002048 mutator_cost: 0.990089 throughput_goal: 0.990000 live_space: 343620128 free_space: 413138944 old_eden_size: 341311488 desired_eden_size: 327680000
AdaptiveSizePolicy::survivor space sizes: collection: 179 (2097152, 2621440) -> (2097152, 5767168) 
AdaptiveSizeStop: collection: 179 
 457240K->124570K(482304K), 0.0022650 secs]
2018-08-15T23:21:08.094+0530: 60.682: Total time for which application threads were stopped: 0.0023773 seconds, Stopping threads took: 0.0000173 seconds
2018-08-15T23:21:08.306+0530: 60.894: Application time: 0.2117666 seconds
2018-08-15T23:21:08.306+0530: 60.894: [GC (Allocation Failure) AdaptiveSizePolicy::update_averages:  survived: 3002896  promoted: 16384  overflow: false
AdaptiveSizeStart: 60.896 collection: 180 
  avg_survived_padded_avg: 5106076.000000  avg_promoted_padded_avg: 5251471.000000  avg_pretenured_padded_avg: 0.000000  tenuring_thresh: 1  target_size: 5242880

Desired survivor size 5242880 bytes, new threshold 1 (max 15)
PSAdaptiveSizePolicy::compute_eden_space_size: costs minor_time: 0.007669 major_cost: 0.002048 mutator_cost: 0.990283 throughput_goal: 0.990000 live_space: 343636448 free_space: 399507456 old_eden_size: 327680000 desired_eden_size: 314572800
AdaptiveSizePolicy::survivor space sizes: collection: 180 (5767168, 524288) -> (3145728, 5242880) 
AdaptiveSizeStop: collection: 180 
 444570K->125981K(470528K), 0.0016250 secs]
2018-08-15T23:21:08.308+0530: 60.896: Total time for which application threads were stopped: 0.0017438 seconds, Stopping threads took: 0.0000186 seconds
2018-08-15T23:21:08.512+0530: 61.101: Application time: 0.2045646 seconds
2018-08-15T23:21:08.512+0530: 61.101: [GC (Allocation Failure) AdaptiveSizePolicy::update_averages:  survived: 2239992  promoted: 1321904  overflow: false
AdaptiveSizeStart: 61.103 collection: 181 
  avg_survived_padded_avg: 4993338.000000  avg_promoted_padded_avg: 4955438.500000  avg_pretenured_padded_avg: 0.000000  tenuring_thresh: 1  target_size: 5242880

Desired survivor size 5242880 bytes, new threshold 1 (max 15)
PSAdaptiveSizePolicy::compute_eden_space_size: costs minor_time: 0.008510 major_cost: 0.002048 mutator_cost: 0.989442 throughput_goal: 0.990000 live_space: 343574848 free_space: 386400256 old_eden_size: 314572800 desired_eden_size: 365428736
AdaptiveSizePolicy::survivor space sizes: collection: 181 (2621440, 3145728) -> (2621440, 5242880) 
AdaptiveSizeStop: collection: 181 
 433181K->126526K(519680K), 0.0024380 secs]
2018-08-15T23:21:08.515+0530: 61.103: Total time for which application threads were stopped: 0.0026065 seconds, Stopping threads took: 0.0000209 seconds
2018-08-15T23:21:08.754+0530: 61.342: Application time: 0.2390247 seconds
2018-08-15T23:21:08.754+0530: 61.342: [GC (Allocation Failure) AdaptiveSizePolicy::update_averages:  survived: 1784352  promoted: 1175944  overflow: false
AdaptiveSizeStart: 61.344 collection: 182 
  avg_survived_padded_avg: 4951945.000000  avg_promoted_padded_avg: 4704130.500000  avg_pretenured_padded_avg: 0.000000  tenuring_thresh: 1  target_size: 5242880

Desired survivor size 5242880 bytes, new threshold 1 (max 15)
PSAdaptiveSizePolicy::compute_eden_space_size: costs minor_time: 0.008022 major_cost: 0.002048 mutator_cost: 0.989930 throughput_goal: 0.990000 live_space: 343473856 free_space: 437256192 old_eden_size: 365428736 desired_eden_size: 424148992
AdaptiveSizePolicy::survivor space sizes: collection: 182 (5242880, 524288) -> (2097152, 5242880) 
AdaptiveSizeStop: collection: 182 
 483381K->127230K(576512K), 0.0017446 secs]
2018-08-15T23:21:08.756+0530: 61.344: Total time for which application threads were stopped: 0.0018392 seconds, Stopping threads took: 0.0000184 seconds
2018-08-15T23:21:08.980+0530: 61.569: Application time: 0.2247869 seconds
2018-08-15T23:21:08.980+0530: 61.569: Total time for which application threads were stopped: 0.0001030 seconds, Stopping threads took: 0.0000382 seconds
2018-08-15T23:21:09.035+0530: 61.623: Application time: 0.0543191 seconds
2018-08-15T23:21:09.035+0530: 61.623: [GC (Allocation Failure) AdaptiveSizePolicy::update_averages:  survived: 2646096  promoted: 8192  overflow: false
AdaptiveSizeStart: 61.625 collection: 183 
  avg_survived_padded_avg: 4740245.000000  avg_promoted_padded_avg: 4663807.000000  avg_pretenured_padded_avg: 0.000000  tenuring_thresh: 1  target_size: 5242880

Desired survivor size 5242880 bytes, new threshold 1 (max 15)
PSAdaptiveSizePolicy::compute_eden_space_size: costs minor_time: 0.007268 major_cost: 0.002048 mutator_cost: 0.990684 throughput_goal: 0.990000 live_space: 343469152 free_space: 495976448 old_eden_size: 424148992 desired_eden_size: 406323200
AdaptiveSizePolicy::survivor space sizes: collection: 183 (3145728, 2097152) -> (3145728, 5242880) 
AdaptiveSizeStop: collection: 183 
 541438K->128079K(560128K), 0.0015390 secs]
2018-08-15T23:21:09.036+0530: 61.625: Total time for which application threads were stopped: 0.0016313 seconds, Stopping threads took: 0.0000171 seconds
2018-08-15T23:21:09.294+0530: 61.882: Application time: 0.2571819 seconds
2018-08-15T23:21:09.294+0530: 61.882: [GC (Allocation Failure) AdaptiveSizePolicy::update_averages:  survived: 5224216  promoted: 1467880  overflow: false
AdaptiveSizeStart: 61.884 collection: 184 
  avg_survived_padded_avg: 5467738.000000  avg_promoted_padded_avg: 4351987.000000  avg_pretenured_padded_avg: 0.000000  tenuring_thresh: 1  target_size: 5767168

Desired survivor size 5767168 bytes, new threshold 1 (max 15)
PSAdaptiveSizePolicy::compute_eden_space_size: costs minor_time: 0.007625 major_cost: 0.002048 mutator_cost: 0.990327 throughput_goal: 0.990000 live_space: 343722688 free_space: 478150656 old_eden_size: 406323200 desired_eden_size: 389545984
AdaptiveSizePolicy::survivor space sizes: collection: 184 (5242880, 524288) -> (5242880, 2621440) 
AdaptiveSizeStop: collection: 184 
 524879K->132031K(545792K), 0.0024219 secs]
2018-08-15T23:21:09.296+0530: 61.885: Total time for which application threads were stopped: 0.0025703 seconds, Stopping threads took: 0.0000358 seconds
2018-08-15T23:21:09.547+0530: 62.136: Application time: 0.2512561 seconds
2018-08-15T23:21:09.547+0530: 62.136: [GC (Allocation Failure) AdaptiveSizePolicy::update_averages:  survived: 1942032  promoted: 4825080  overflow: false
AdaptiveSizeStart: 62.139 collection: 185 
  avg_survived_padded_avg: 5390170.500000  avg_promoted_padded_avg: 5312735.000000  avg_pretenured_padded_avg: 0.000000  tenuring_thresh: 1  target_size: 5767168

Desired survivor size 5767168 bytes, new threshold 1 (max 15)
PSAdaptiveSizePolicy::compute_eden_space_size: costs minor_time: 0.008329 major_cost: 0.002048 mutator_cost: 0.989623 throughput_goal: 0.990000 live_space: 343622688 free_space: 461373440 old_eden_size: 389545984 desired_eden_size: 452460544
AdaptiveSizePolicy::survivor space sizes: collection: 185 (2097152, 5242880) -> (2097152, 5767168) 
AdaptiveSizeStop: collection: 185 
 512447K->133537K(604160K), 0.0027458 secs]
2018-08-15T23:21:09.550+0530: 62.139: Total time for which application threads were stopped: 0.0028526 seconds, Stopping threads took: 0.0000164 seconds
2018-08-15T23:21:09.846+0530: 62.435: Application time: 0.2958856 seconds
2018-08-15T23:21:09.846+0530: 62.435: [GC (Allocation Failure) AdaptiveSizePolicy::update_averages:  survived: 2708992  promoted: 8192  overflow: false
AdaptiveSizeStart: 62.436 collection: 186 
  avg_survived_padded_avg: 5162476.000000  avg_promoted_padded_avg: 5260745.500000  avg_pretenured_padded_avg: 0.000000  tenuring_thresh: 1  target_size: 5242880

Desired survivor size 5242880 bytes, new threshold 1 (max 15)
PSAdaptiveSizePolicy::compute_eden_space_size: costs minor_time: 0.007499 major_cost: 0.002048 mutator_cost: 0.990453 throughput_goal: 0.990000 live_space: 343609376 free_space: 524288000 old_eden_size: 452460544 desired_eden_size: 433061888
AdaptiveSizePolicy::survivor space sizes: collection: 186 (5767168, 524288) -> (3145728, 5242880) 
AdaptiveSizeStop: collection: 186 
 575393K->134294K(586240K), 0.0016104 secs]
2018-08-15T23:21:09.848+0530: 62.436: Total time for which application threads were stopped: 0.0017195 seconds, Stopping threads took: 0.0000177 seconds
2018-08-15T23:21:09.982+0530: 62.571: Application time: 0.1343564 seconds
2018-08-15T23:21:09.982+0530: 62.571: Total time for which application threads were stopped: 0.0001284 seconds, Stopping threads took: 0.0000431 seconds
2018-08-15T23:21:10.131+0530: 62.719: Application time: 0.1482829 seconds
2018-08-15T23:21:10.131+0530: 62.719: [GC (Allocation Failure) AdaptiveSizePolicy::update_averages:  survived: 2321408  promoted: 1321904  overflow: false
AdaptiveSizeStart: 62.721 collection: 187 
  avg_survived_padded_avg: 5019398.000000  avg_promoted_padded_avg: 4942777.000000  avg_pretenured_padded_avg: 0.000000  tenuring_thresh: 1  target_size: 5242880

Desired survivor size 5242880 bytes, new threshold 1 (max 15)
PSAdaptiveSizePolicy::compute_eden_space_size: costs minor_time: 0.007625 major_cost: 0.002048 mutator_cost: 0.990327 throughput_goal: 0.990000 live_space: 343558624 free_space: 504889344 old_eden_size: 433061888 desired_eden_size: 414711808
AdaptiveSizePolicy::survivor space sizes: collection: 187 (2621440, 3145728) -> (2621440, 5242880) 
AdaptiveSizeStop: collection: 187 
 557206K->135207K(567808K), 0.0024611 secs]
2018-08-15T23:21:10.133+0530: 62.722: Total time for which application threads were stopped: 0.0025697 seconds, Stopping threads took: 0.0000173 seconds
2018-08-15T23:21:10.403+0530: 62.992: Application time: 0.2699016 seconds
2018-08-15T23:21:10.403+0530: 62.992: [GC (Allocation Failure) AdaptiveSizePolicy::update_averages:  survived: 2013272  promoted: 892184  overflow: false
AdaptiveSizeStart: 62.993 collection: 188 
  avg_survived_padded_avg: 4928908.000000  avg_promoted_padded_avg: 4722066.500000  avg_pretenured_padded_avg: 0.000000  tenuring_thresh: 1  target_size: 5242880

Desired survivor size 5242880 bytes, new threshold 1 (max 15)
PSAdaptiveSizePolicy::compute_eden_space_size: costs minor_time: 0.007143 major_cost: 0.002048 mutator_cost: 0.990809 throughput_goal: 0.990000 live_space: 343482144 free_space: 486539264 old_eden_size: 414711808 desired_eden_size: 397410304
AdaptiveSizePolicy::survivor space sizes: collection: 188 (5242880, 524288) -> (2097152, 5242880) 
AdaptiveSizeStop: collection: 188 
 540199K->135777K(550400K), 0.0016825 secs]
2018-08-15T23:21:10.405+0530: 62.993: Total time for which application threads were stopped: 0.0017914 seconds, Stopping threads took: 0.0000181 seconds
2018-08-15T23:21:10.666+0530: 63.255: Application time: 0.2614199 seconds
2018-08-15T23:21:10.666+0530: 63.255: [GC (Allocation Failure) AdaptiveSizePolicy::update_averages:  survived: 1785848  promoted: 883976  overflow: false
AdaptiveSizeStart: 63.257 collection: 189 
  avg_survived_padded_avg: 4865117.000000  avg_promoted_padded_avg: 4506387.500000  avg_pretenured_padded_avg: 0.000000  tenuring_thresh: 1  target_size: 5242880

Desired survivor size 5242880 bytes, new threshold 1 (max 15)
PSAdaptiveSizePolicy::compute_eden_space_size: costs minor_time: 0.007624 major_cost: 0.002048 mutator_cost: 0.990328 throughput_goal: 0.990000 live_space: 343390560 free_space: 469237760 old_eden_size: 397410304 desired_eden_size: 380633088
AdaptiveSizePolicy::survivor space sizes: collection: 189 (2097152, 2097152) -> (2097152, 5242880) 
AdaptiveSizeStop: collection: 189 
 523873K->136418K(534016K), 0.0025577 secs]
2018-08-15T23:21:10.669+0530: 63.257: Total time for which application threads were stopped: 0.0026831 seconds, Stopping threads took: 0.0000206 seconds
2018-08-15T23:21:10.906+0530: 63.494: Application time: 0.2366659 seconds
2018-08-15T23:21:10.906+0530: 63.494: [GC (Allocation Failure) AdaptiveSizePolicy::update_averages:  survived: 5207944  promoted: 583896  overflow: false
AdaptiveSizeStart: 63.496 collection: 190 
  avg_survived_padded_avg: 5597902.000000  avg_promoted_padded_avg: 4346476.500000  avg_pretenured_padded_avg: 0.000000  tenuring_thresh: 1  target_size: 5767168

Desired survivor size 5767168 bytes, new threshold 1 (max 15)
PSAdaptiveSizePolicy::compute_eden_space_size: costs minor_time: 0.007961 major_cost: 0.002048 mutator_cost: 0.989991 throughput_goal: 0.990000 live_space: 343650368 free_space: 452460544 old_eden_size: 380633088 desired_eden_size: 441974784
AdaptiveSizePolicy::survivor space sizes: collection: 190 (5242880, 524288) -> (5242880, 3670016) 
AdaptiveSizeStop: collection: 190 
 508130K->140330K(596992K), 0.0022585 secs]
2018-08-15T23:21:10.908+0530: 63.497: Total time for which application threads were stopped: 0.0023715 seconds, Stopping threads took: 0.0000195 seconds
2018-08-15T23:21:10.980+0530: 63.569: Application time: 0.0723889 seconds
2018-08-15T23:21:10.981+0530: 63.569: Total time for which application threads were stopped: 0.0001383 seconds, Stopping threads took: 0.0000483 seconds
2018-08-15T23:21:10.982+0530: 63.570: Application time: 0.0011435 seconds
2018-08-15T23:21:10.982+0530: 63.570: Total time for which application threads were stopped: 0.0000906 seconds, Stopping threads took: 0.0000376 seconds
2018-08-15T23:21:11.198+0530: 63.786: Application time: 0.2161258 seconds
2018-08-15T23:21:11.198+0530: 63.786: [GC (Allocation Failure) AdaptiveSizePolicy::update_averages:  survived: 3017832  promoted: 3949272  overflow: false
AdaptiveSizeStart: 63.789 collection: 191 
  avg_survived_padded_avg: 5377217.000000  avg_promoted_padded_avg: 5006303.000000  avg_pretenured_padded_avg: 0.000000  tenuring_thresh: 1  target_size: 5767168

Desired survivor size 5767168 bytes, new threshold 1 (max 15)
PSAdaptiveSizePolicy::compute_eden_space_size: costs minor_time: 0.008323 major_cost: 0.002048 mutator_cost: 0.989629 throughput_goal: 0.990000 live_space: 343665152 free_space: 513802240 old_eden_size: 441974784 desired_eden_size: 513277952
AdaptiveSizePolicy::survivor space sizes: collection: 191 (3145728, 5242880) -> (3145728, 5767168) 
AdaptiveSizeStop: collection: 191 
 571893K->142048K(664576K), 0.0028484 secs]
2018-08-15T23:21:11.201+0530: 63.789: Total time for which application threads were stopped: 0.0029426 seconds, Stopping threads took: 0.0000173 seconds
2018-08-15T23:21:11.533+0530: 64.122: Application time: 0.3321451 seconds
2018-08-15T23:21:11.533+0530: 64.122: [GC (Allocation Failure) AdaptiveSizePolicy::update_averages:  survived: 3148272  promoted: 883992  overflow: false
AdaptiveSizeStart: 64.123 collection: 192 
  avg_survived_padded_avg: 5223131.500000  avg_promoted_padded_avg: 4792105.500000  avg_pretenured_padded_avg: 0.000000  tenuring_thresh: 1  target_size: 5242880

Desired survivor size 5242880 bytes, new threshold 1 (max 15)
PSAdaptiveSizePolicy::compute_eden_space_size: costs minor_time: 0.007525 major_cost: 0.002048 mutator_cost: 0.990427 throughput_goal: 0.990000 live_space: 343691520 free_space: 585105408 old_eden_size: 513277952 desired_eden_size: 491257856
AdaptiveSizePolicy::survivor space sizes: collection: 192 (5767168, 524288) -> (3670016, 5242880) 
AdaptiveSizeStop: collection: 192 
 643296K->143039K(643584K), 0.0018599 secs]
2018-08-15T23:21:11.535+0530: 64.123: Total time for which application threads were stopped: 0.0019748 seconds, Stopping threads took: 0.0000170 seconds
2018-08-15T23:21:11.856+0530: 64.445: Application time: 0.3211575 seconds
2018-08-15T23:21:11.856+0530: 64.445: [GC (Allocation Failure) AdaptiveSizePolicy::update_averages:  survived: 2709720  promoted: 1321904  overflow: false
AdaptiveSizeStart: 64.447 collection: 193 
  avg_survived_padded_avg: 5028271.500000  avg_promoted_padded_avg: 4505079.000000  avg_pretenured_padded_avg: 0.000000  tenuring_thresh: 1  target_size: 5242880

Desired survivor size 5242880 bytes, new threshold 1 (max 15)
PSAdaptiveSizePolicy::compute_eden_space_size: costs minor_time: 0.007337 major_cost: 0.002048 mutator_cost: 0.990615 throughput_goal: 0.990000 live_space: 343671392 free_space: 563085312 old_eden_size: 491257856 desired_eden_size: 470286336
AdaptiveSizePolicy::survivor space sizes: collection: 193 (3145728, 3670016) -> (3145728, 5242880) 
AdaptiveSizeStop: collection: 193 
 622783K->143902K(622592K), 0.0023179 secs]
2018-08-15T23:21:11.859+0530: 64.447: Total time for which application threads were stopped: 0.0024304 seconds, Stopping threads took: 0.0000188 seconds
2018-08-15T23:21:11.981+0530: 64.569: Application time: 0.1220199 seconds
2018-08-15T23:21:11.981+0530: 64.569: Total time for which application threads were stopped: 0.0000930 seconds, Stopping threads took: 0.0000337 seconds
2018-08-15T23:21:12.166+0530: 64.755: Application time: 0.1854923 seconds
2018-08-15T23:21:12.166+0530: 64.755: [GC (Allocation Failure) AdaptiveSizePolicy::update_averages:  survived: 2596496  promoted: 884000  overflow: false
AdaptiveSizeStart: 64.756 collection: 194 
  avg_survived_padded_avg: 4866497.000000  avg_promoted_padded_avg: 4315200.000000  avg_pretenured_padded_avg: 0.000000  tenuring_thresh: 1  target_size: 5242880

Desired survivor size 5242880 bytes, new threshold 1 (max 15)
PSAdaptiveSizePolicy::compute_eden_space_size: costs minor_time: 0.006680 major_cost: 0.002048 mutator_cost: 0.991272 throughput_goal: 0.990000 live_space: 343641984 free_space: 542113792 old_eden_size: 470286336 desired_eden_size: 450363392
AdaptiveSizePolicy::survivor space sizes: collection: 194 (5242880, 524288) -> (2621440, 5242880) 
AdaptiveSizeStop: collection: 194 
 603166K->144654K(602624K), 0.0016020 secs]
2018-08-15T23:21:12.168+0530: 64.756: Total time for which application threads were stopped: 0.0017128 seconds, Stopping threads took: 0.0000184 seconds
2018-08-15T23:21:12.402+0530: 64.990: Application time: 0.2337988 seconds
2018-08-15T23:21:12.402+0530: 64.990: [GC (Allocation Failure) AdaptiveSizePolicy::update_averages:  survived: 32768  promoted: 47308424  overflow: false
AdaptiveSizeStart: 65.004 collection: 195 
  avg_survived_padded_avg: 5148594.000000  avg_promoted_padded_avg: 20994110.000000  avg_pretenured_padded_avg: 0.000000  tenuring_thresh: 1  target_size: 5242880

Desired survivor size 5242880 bytes, new threshold 1 (max 15)
PSAdaptiveSizePolicy::compute_eden_space_size: costs minor_time: 0.018862 major_cost: 0.002048 mutator_cost: 0.979090 throughput_goal: 0.990000 live_space: 343359104 free_space: 522190848 old_eden_size: 450363392 desired_eden_size: 532152320
AdaptiveSizePolicy::survivor space sizes: collection: 195 (524288, 2621440) -> (524288, 5242880) 
AdaptiveSizeStop: collection: 195 
 579592K->188350K(712192K), 0.0139503 secs]
2018-08-15T23:21:12.416+0530: 65.004: [Full GC (Ergonomics) AdaptiveSizeStart: 65.028 collection: 196 
PSAdaptiveSizePolicy::compute_eden_space_size: costs minor_time: 0.018862 major_cost: 0.002077 mutator_cost: 0.979061 throughput_goal: 0.990000 live_space: 343101248 free_space: 603979776 old_eden_size: 532152320 desired_eden_size: 628097024
PSAdaptiveSizePolicy::compute_old_gen_free_space: costs minor_time: 0.018862 major_cost: 0.002077 mutator_cost: 0.979061 throughput_goal: 0.990000 live_space: 343689216 free_space: 699924480 old_promo_size: 71827456 desired_promo_size: 76546048
AdaptiveSizePolicy::old generation size: collection: 196 (196608000) -> (172490752) 
AdaptiveSizeStop: collection: 196 
 188350K->72946K(688640K), 0.0245471 secs]
2018-08-15T23:21:12.440+0530: 65.029: Total time for which application threads were stopped: 0.0386696 seconds, Stopping threads took: 0.0000172 seconds
2018-08-15T23:21:12.767+0530: 65.356: Application time: 0.3270524 seconds
2018-08-15T23:21:12.768+0530: 65.356: [GC (Allocation Failure) AdaptiveSizePolicy::update_averages:  survived: 4920528  promoted: 71521968  overflow: false
AdaptiveSizeStart: 65.374 collection: 197 
  avg_survived_padded_avg: 5756559.500000  avg_promoted_padded_avg: 43726184.000000  avg_pretenured_padded_avg: 0.000000  tenuring_thresh: 1  target_size: 5767168

Desired survivor size 5767168 bytes, new threshold 1 (max 15)
PSAdaptiveSizePolicy::compute_eden_space_size: costs minor_time: 0.026505 major_cost: 0.002077 mutator_cost: 0.971418 throughput_goal: 0.990000 live_space: 343949184 free_space: 704643072 old_eden_size: 628097024 desired_eden_size: 631242752
AdaptiveSizePolicy::survivor space sizes: collection: 197 (5242880, 524288) -> (5242880, 5242880) 
AdaptiveSizeStop: collection: 197 
 592626K->147597K(790016K), 0.0183587 secs]
2018-08-15T23:21:12.786+0530: 65.374: [Full GC (Ergonomics) AdaptiveSizeStart: 65.403 collection: 198 
PSAdaptiveSizePolicy::compute_eden_space_size: costs minor_time: 0.026505 major_cost: 0.020509 mutator_cost: 0.952986 throughput_goal: 0.990000 live_space: 343691136 free_space: 707788800 old_eden_size: 631242752 desired_eden_size: 702545920
PSAdaptiveSizePolicy::compute_old_gen_free_space: costs minor_time: 0.026505 major_cost: 0.020509 mutator_cost: 0.952986 throughput_goal: 0.990000 live_space: 345925248 free_space: 779091968 old_promo_size: 76546048 desired_promo_size: 90177536
AdaptiveSizePolicy::old generation size: collection: 198 (172490752) -> (218103808) 
AdaptiveSizeStop: collection: 198 
 147597K->82132K(834560K), 0.0285356 secs]
2018-08-15T23:21:12.815+0530: 65.403: Total time for which application threads were stopped: 0.0470806 seconds, Stopping threads took: 0.0000183 seconds
2018-08-15T23:21:12.981+0530: 65.569: Application time: 0.1662635 seconds
2018-08-15T23:21:12.981+0530: 65.569: Total time for which application threads were stopped: 0.0001132 seconds, Stopping threads took: 0.0000460 seconds
2018-08-15T23:21:13.273+0530: 65.862: Application time: 0.2922603 seconds
2018-08-15T23:21:13.273+0530: 65.862: [GC (Allocation Failure) AdaptiveSizePolicy::update_averages:  survived: 2401440  promoted: 8192  overflow: false
AdaptiveSizeStart: 65.863 collection: 199 
  avg_survived_padded_avg: 5533506.000000  avg_promoted_padded_avg: 42751744.000000  avg_pretenured_padded_avg: 0.000000  tenuring_thresh: 1  target_size: 5767168

Desired survivor size 5767168 bytes, new threshold 1 (max 15)
PSAdaptiveSizePolicy::compute_eden_space_size: costs minor_time: 0.020576 major_cost: 0.020509 mutator_cost: 0.958915 throughput_goal: 0.990000 live_space: 345933120 free_space: 792723456 old_eden_size: 702545920 desired_eden_size: 694681600
AdaptiveSizePolicy::survivor space sizes: collection: 199 (2621440, 5242880) -> (2621440, 5767168) 
AdaptiveSizeStop: collection: 199 
 698580K->84485K(893952K), 0.0015265 secs]
2018-08-15T23:21:13.275+0530: 65.863: Total time for which application threads were stopped: 0.0016601 seconds, Stopping threads took: 0.0000177 seconds
2018-08-15T23:21:13.773+0530: 66.361: Application time: 0.4979136 seconds
2018-08-15T23:21:13.773+0530: 66.361: [GC (Allocation Failure) AdaptiveSizePolicy::update_averages:  survived: 5591536  promoted: 24576  overflow: false
AdaptiveSizeStart: 66.363 collection: 200 
  avg_survived_padded_avg: 6299422.000000  avg_promoted_padded_avg: 41532228.000000  avg_pretenured_padded_avg: 0.000000  tenuring_thresh: 2  target_size: 6815744

Desired survivor size 6815744 bytes, new threshold 2 (max 15)
PSAdaptiveSizePolicy::compute_eden_space_size: costs minor_time: 0.016432 major_cost: 0.020509 mutator_cost: 0.963059 throughput_goal: 0.990000 live_space: 346259264 free_space: 784859136 old_eden_size: 694681600 desired_eden_size: 756547584
AdaptiveSizePolicy::survivor space sizes: collection: 200 (5767168, 524288) -> (5767168, 3670016) 
AdaptiveSizeStop: collection: 200 
 762885K->87625K(957440K), 0.0021648 secs]
2018-08-15T23:21:13.775+0530: 66.364: Total time for which application threads were stopped: 0.0022818 seconds, Stopping threads took: 0.0000182 seconds
2018-08-15T23:21:13.981+0530: 66.569: Application time: 0.2054995 seconds
2018-08-15T23:21:13.981+0530: 66.569: Total time for which application threads were stopped: 0.0001042 seconds, Stopping threads took: 0.0000421 seconds
2018-08-15T23:21:14.313+0530: 66.901: Application time: 0.3322099 seconds
2018-08-15T23:21:14.313+0530: 66.901: [GC (Allocation Failure) AdaptiveSizePolicy::update_averages:  survived: 3601488  promoted: 3211256  overflow: false
AdaptiveSizeStart: 66.904 collection: 201 
  avg_survived_padded_avg: 6176418.000000  avg_promoted_padded_avg: 39587608.000000  avg_pretenured_padded_avg: 0.000000  tenuring_thresh: 3  target_size: 6291456

Desired survivor size 6291456 bytes, new threshold 3 (max 15)
PSAdaptiveSizePolicy::compute_eden_space_size: costs minor_time: 0.013616 major_cost: 0.020509 mutator_cost: 0.965875 throughput_goal: 0.990000 live_space: 346353728 free_space: 846725120 old_eden_size: 756547584 desired_eden_size: 817364992
AdaptiveSizePolicy::survivor space sizes: collection: 201 (3670016, 5767168) -> (3670016, 6291456) 
AdaptiveSizeStop: collection: 201 
 825854K->88817K(1014784K), 0.0028550 secs]
2018-08-15T23:21:14.316+0530: 66.904: Total time for which application threads were stopped: 0.0030014 seconds, Stopping threads took: 0.0000240 seconds
2018-08-15T23:21:14.906+0530: 67.495: Application time: 0.5902926 seconds
2018-08-15T23:21:14.906+0530: 67.495: [GC (Allocation Failure) AdaptiveSizePolicy::update_averages:  survived: 6283592  promoted: 0  overflow: false
AdaptiveSizeStart: 67.497 collection: 202 
  avg_survived_padded_avg: 7043413.500000  avg_promoted_padded_avg: 38637324.000000  avg_pretenured_padded_avg: 0.000000  tenuring_thresh: 4  target_size: 7340032

Desired survivor size 7340032 bytes, new threshold 4 (max 15)
PSAdaptiveSizePolicy::compute_eden_space_size: costs minor_time: 0.011109 major_cost: 0.020509 mutator_cost: 0.968382 throughput_goal: 0.990000 live_space: 346707008 free_space: 907542528 old_eden_size: 817364992 desired_eden_size: 875036672
AdaptiveSizePolicy::survivor space sizes: collection: 202 (6291456, 3670016) -> (6291456, 7340032) 
AdaptiveSizeStop: collection: 202 
 887025K->91436K(1048576K), 0.0022272 secs]
2018-08-15T23:21:14.909+0530: 67.497: Total time for which application threads were stopped: 0.0023197 seconds, Stopping threads took: 0.0000164 seconds
2018-08-15T23:21:14.981+0530: 67.569: Application time: 0.0720267 seconds
2018-08-15T23:21:14.981+0530: 67.569: Total time for which application threads were stopped: 0.0001048 seconds, Stopping threads took: 0.0000426 seconds
2018-08-15T23:21:15.519+0530: 68.108: Application time: 0.5386022 seconds
2018-08-15T23:21:15.519+0530: 68.108: [GC (Allocation Failure) AdaptiveSizePolicy::update_averages:  survived: 5710832  promoted: 1751576  overflow: false
AdaptiveSizeStart: 68.110 collection: 203 
  avg_survived_padded_avg: 7526161.000000  avg_promoted_padded_avg: 36785016.000000  avg_pretenured_padded_avg: 0.000000  tenuring_thresh: 5  target_size: 7864320

Desired survivor size 7864320 bytes, new threshold 5 (max 15)
PSAdaptiveSizePolicy::compute_eden_space_size: costs minor_time: 0.009134 major_cost: 0.020509 mutator_cost: 0.970357 throughput_goal: 0.990000 live_space: 346967616 free_space: 965214208 old_eden_size: 875036672 desired_eden_size: 901775360
AdaptiveSizePolicy::survivor space sizes: collection: 203 (7340032, 6291456) -> (7340032, 7864320) 
AdaptiveSizeStop: collection: 203 
 920876K->92588K(1074176K), 0.0020958 secs]
2018-08-15T23:21:15.522+0530: 68.110: Total time for which application threads were stopped: 0.0022655 seconds, Stopping threads took: 0.0000169 seconds
2018-08-15T23:21:15.981+0530: 68.569: Application time: 0.4594086 seconds
2018-08-15T23:21:15.981+0530: 68.570: Total time for which application threads were stopped: 0.0001436 seconds, Stopping threads took: 0.0000584 seconds
2018-08-15T23:21:16.151+0530: 68.739: Application time: 0.1699197 seconds
2018-08-15T23:21:16.151+0530: 68.740: [GC (Allocation Failure) AdaptiveSizePolicy::update_averages:  survived: 5126536  promoted: 0  overflow: false
AdaptiveSizeStart: 68.742 collection: 204 
  avg_survived_padded_avg: 7682842.500000  avg_promoted_padded_avg: 35997772.000000  avg_pretenured_padded_avg: 0.000000  tenuring_thresh: 6  target_size: 7864320

Desired survivor size 7864320 bytes, new threshold 6 (max 15)
PSAdaptiveSizePolicy::compute_eden_space_size: costs minor_time: 0.007817 major_cost: 0.020509 mutator_cost: 0.971674 throughput_goal: 0.990000 live_space: 347143808 free_space: 991952896 old_eden_size: 901775360 desired_eden_size: 923271168
AdaptiveSizePolicy::survivor space sizes: collection: 204 (7864320, 7340032) -> (7864320, 7864320) 
AdaptiveSizeStop: collection: 204 
 946604K->92017K(1074688K), 0.0025415 secs]
2018-08-15T23:21:16.154+0530: 68.742: Total time for which application threads were stopped: 0.0026618 seconds, Stopping threads took: 0.0000160 seconds
2018-08-15T23:21:16.791+0530: 69.380: Application time: 0.6375217 seconds
2018-08-15T23:21:16.791+0530: 69.380: [GC (Allocation Failure) AdaptiveSizePolicy::update_averages:  survived: 7473208  promoted: 0  overflow: false
AdaptiveSizeStart: 69.382 collection: 205 
  avg_survived_padded_avg: 8652460.000000  avg_promoted_padded_avg: 35289248.000000  avg_pretenured_padded_avg: 0.000000  tenuring_thresh: 7  target_size: 8912896

Desired survivor size 8912896 bytes, new threshold 7 (max 15)
PSAdaptiveSizePolicy::compute_eden_space_size: costs minor_time: 0.006733 major_cost: 0.020509 mutator_cost: 0.972758 throughput_goal: 0.990000 live_space: 347536960 free_space: 1013448704 old_eden_size: 923271168 desired_eden_size: 918028288
AdaptiveSizePolicy::survivor space sizes: collection: 205 (7864320, 7864320) -> (7864320, 8912896) 
AdaptiveSizeStop: collection: 205 
 946033K->94309K(1117184K), 0.0022901 secs]
2018-08-15T23:21:16.794+0530: 69.382: Total time for which application threads were stopped: 0.0024131 seconds, Stopping threads took: 0.0000165 seconds
2018-08-15T23:21:16.981+0530: 69.570: Application time: 0.1874879 seconds
2018-08-15T23:21:16.981+0530: 69.570: Total time for which application threads were stopped: 0.0001017 seconds, Stopping threads took: 0.0000570 seconds
2018-08-15T23:21:17.436+0530: 70.024: Application time: 0.4545385 seconds
2018-08-15T23:21:17.436+0530: 70.024: [GC (Allocation Failure) AdaptiveSizePolicy::update_averages:  survived: 8680128  promoted: 4670928  overflow: false
AdaptiveSizeStart: 70.028 collection: 206 
  avg_survived_padded_avg: 9872619.000000  avg_promoted_padded_avg: 32687972.000000  avg_pretenured_padded_avg: 0.000000  tenuring_thresh: 8  target_size: 9961472

Desired survivor size 9961472 bytes, new threshold 8 (max 15)
PSAdaptiveSizePolicy::compute_eden_space_size: costs minor_time: 0.006516 major_cost: 0.020509 mutator_cost: 0.972975 throughput_goal: 0.990000 live_space: 348011584 free_space: 1008205824 old_eden_size: 918028288 desired_eden_size: 962592768
AdaptiveSizePolicy::survivor space sizes: collection: 206 (8912896, 7864320) -> (8912896, 9961472) 
AdaptiveSizeStop: collection: 206 
 990821K->100049K(1121280K), 0.0039034 secs]
2018-08-15T23:21:17.440+0530: 70.028: Total time for which application threads were stopped: 0.0040246 seconds, Stopping threads took: 0.0000169 seconds
2018-08-15T23:21:17.986+0530: 70.574: Application time: 0.5458183 seconds
2018-08-15T23:21:17.986+0530: 70.574: Total time for which application threads were stopped: 0.0001299 seconds, Stopping threads took: 0.0000462 seconds
2018-08-15T23:21:18.105+0530: 70.694: Application time: 0.1197414 seconds
2018-08-15T23:21:18.106+0530: 70.694: [GC (Allocation Failure) AdaptiveSizePolicy::update_averages:  survived: 9916648  promoted: 2635584  overflow: false
AdaptiveSizeStart: 70.698 collection: 207 
  avg_survived_padded_avg: 11306536.000000  avg_promoted_padded_avg: 30646778.000000  avg_pretenured_padded_avg: 0.000000  tenuring_thresh: 9  target_size: 11534336

Desired survivor size 11534336 bytes, new threshold 9 (max 15)
PSAdaptiveSizePolicy::compute_eden_space_size: costs minor_time: 0.006383 major_cost: 0.020509 mutator_cost: 0.973108 throughput_goal: 0.990000 live_space: 348562368 free_space: 1052770304 old_eden_size: 962592768 desired_eden_size: 965214208
AdaptiveSizePolicy::survivor space sizes: collection: 207 (9961472, 8912896) -> (9961472, 11534336) 
AdaptiveSizeStop: collection: 207 
 999633K->103830K(1161216K), 0.0041127 secs]
2018-08-15T23:21:18.110+0530: 70.698: Total time for which application threads were stopped: 0.0042353 seconds, Stopping threads took: 0.0000153 seconds
2018-08-15T23:21:18.813+0530: 71.401: Application time: 0.7028539 seconds
2018-08-15T23:21:18.813+0530: 71.401: [GC (Allocation Failure) AdaptiveSizePolicy::update_averages:  survived: 9841336  promoted: 1751576  overflow: false
AdaptiveSizeStart: 71.405 collection: 208 
  avg_survived_padded_avg: 12426242.000000  avg_promoted_padded_avg: 28863582.000000  avg_pretenured_padded_avg: 0.000000  tenuring_thresh: 10  target_size: 12582912

Desired survivor size 12582912 bytes, new threshold 10 (max 15)
PSAdaptiveSizePolicy::compute_eden_space_size: costs minor_time: 0.006054 major_cost: 0.020509 mutator_cost: 0.973438 throughput_goal: 0.990000 live_space: 349050496 free_space: 1055391744 old_eden_size: 965214208 desired_eden_size: 1005060096
AdaptiveSizePolicy::survivor space sizes: collection: 208 (11534336, 9961472) -> (11534336, 12582912) 
AdaptiveSizeStop: collection: 208 
 1042326K->105467K(1162752K), 0.0037080 secs]
2018-08-15T23:21:18.816+0530: 71.405: Total time for which application threads were stopped: 0.0038313 seconds, Stopping threads took: 0.0000175 seconds
2018-08-15T23:21:18.983+0530: 71.571: Application time: 0.1665567 seconds
2018-08-15T23:21:18.983+0530: 71.572: Total time for which application threads were stopped: 0.0001128 seconds, Stopping threads took: 0.0000422 seconds
2018-08-15T23:21:19.504+0530: 72.093: Application time: 0.5211977 seconds
2018-08-15T23:21:19.504+0530: 72.093: [GC (Allocation Failure) AdaptiveSizePolicy::update_averages:  survived: 11701024  promoted: 8192  overflow: false
AdaptiveSizeStart: 72.096 collection: 209 
  avg_survived_padded_avg: 13995441.000000  avg_promoted_padded_avg: 27444448.000000  avg_pretenured_padded_avg: 0.000000  tenuring_thresh: 11  target_size: 14155776

Desired survivor size 14155776 bytes, new threshold 11 (max 15)
PSAdaptiveSizePolicy::compute_eden_space_size: costs minor_time: 0.005763 major_cost: 0.020509 mutator_cost: 0.973728 throughput_goal: 0.990000 live_space: 349675840 free_space: 1095237632 old_eden_size: 1005060096 desired_eden_size: 1003487232
AdaptiveSizePolicy::survivor space sizes: collection: 209 (12582912, 11534336) -> (12582912, 14155776) 
AdaptiveSizeStop: collection: 209 
 1043963K->107291K(1205248K), 0.0034617 secs]
2018-08-15T23:21:19.508+0530: 72.096: Total time for which application threads were stopped: 0.0036262 seconds, Stopping threads took: 0.0000170 seconds
2018-08-15T23:21:19.981+0530: 72.569: Application time: 0.4731131 seconds
2018-08-15T23:21:19.981+0530: 72.570: Total time for which application threads were stopped: 0.0000939 seconds, Stopping threads took: 0.0000334 seconds
2018-08-15T23:21:20.233+0530: 72.821: Application time: 0.2519360 seconds
2018-08-15T23:21:20.233+0530: 72.822: [GC (Allocation Failure) AdaptiveSizePolicy::update_averages:  survived: 12846424  promoted: 0  overflow: false
AdaptiveSizeStart: 72.825 collection: 210 
  avg_survived_padded_avg: 15667346.000000  avg_promoted_padded_avg: 26954828.000000  avg_pretenured_padded_avg: 0.000000  tenuring_thresh: 12  target_size: 15728640

Desired survivor size 15728640 bytes, new threshold 12 (max 15)
PSAdaptiveSizePolicy::compute_eden_space_size: costs minor_time: 0.005555 major_cost: 0.020509 mutator_cost: 0.973936 throughput_goal: 0.990000 live_space: 350353152 free_space: 1093664768 old_eden_size: 1003487232 desired_eden_size: 1046478848
AdaptiveSizePolicy::survivor space sizes: collection: 210 (14155776, 12582912) -> (14155776, 15728640) 
AdaptiveSizeStop: collection: 210 
 1087259K->108410K(1206784K), 0.0037148 secs]
2018-08-15T23:21:20.237+0530: 72.825: Total time for which application threads were stopped: 0.0038496 seconds, Stopping threads took: 0.0000177 seconds
2018-08-15T23:21:20.958+0530: 73.546: Application time: 0.7206428 seconds
2018-08-15T23:21:20.958+0530: 73.546: [GC (Allocation Failure) AdaptiveSizePolicy::update_averages:  survived: 13528576  promoted: 0  overflow: false
AdaptiveSizeStart: 73.550 collection: 211 
  avg_survived_padded_avg: 17245776.000000  avg_promoted_padded_avg: 26514170.000000  avg_pretenured_padded_avg: 0.000000  tenuring_thresh: 13  target_size: 17301504

Desired survivor size 17301504 bytes, new threshold 13 (max 15)
PSAdaptiveSizePolicy::compute_eden_space_size: costs minor_time: 0.005393 major_cost: 0.020509 mutator_cost: 0.974098 throughput_goal: 0.990000 live_space: 351030976 free_space: 1136656384 old_eden_size: 1046478848 desired_eden_size: 1045430272
AdaptiveSizePolicy::survivor space sizes: collection: 211 (15728640, 14155776) -> (15728640, 17301504) 
AdaptiveSizeStop: collection: 211 
 1088378K->109076K(1248768K), 0.0036426 secs]
2018-08-15T23:21:20.961+0530: 73.550: Total time for which application threads were stopped: 0.0037777 seconds, Stopping threads took: 0.0000207 seconds
2018-08-15T23:21:20.981+0530: 73.570: Application time: 0.0199820 seconds
2018-08-15T23:21:20.981+0530: 73.570: Total time for which application threads were stopped: 0.0000916 seconds, Stopping threads took: 0.0000326 seconds
2018-08-15T23:21:20.983+0530: 73.571: Application time: 0.0013469 seconds
2018-08-15T23:21:20.983+0530: 73.571: Total time for which application threads were stopped: 0.0000794 seconds, Stopping threads took: 0.0000326 seconds
2018-08-15T23:21:21.708+0530: 74.296: Application time: 0.7247074 seconds
2018-08-15T23:21:21.708+0530: 74.296: [GC (Allocation Failure) AdaptiveSizePolicy::update_averages:  survived: 12554856  promoted: 5254680  overflow: false
AdaptiveSizeStart: 74.301 collection: 212 
  avg_survived_padded_avg: 18126858.000000  avg_promoted_padded_avg: 24736184.000000  avg_pretenured_padded_avg: 0.000000  tenuring_thresh: 14  target_size: 18350080

Desired survivor size 18350080 bytes, new threshold 14 (max 15)
PSAdaptiveSizePolicy::compute_eden_space_size: costs minor_time: 0.005610 major_cost: 0.020509 mutator_cost: 0.973881 throughput_goal: 0.990000 live_space: 351543616 free_space: 1135607808 old_eden_size: 1045430272 desired_eden_size: 1089994752
AdaptiveSizePolicy::survivor space sizes: collection: 212 (17301504, 15728640) -> (17301504, 18350080) 
AdaptiveSizeStop: collection: 212 
 1129492K->113256K(1250304K), 0.0048195 secs]
2018-08-15T23:21:21.712+0530: 74.301: Total time for which application threads were stopped: 0.0049504 seconds, Stopping threads took: 0.0000166 seconds
2018-08-15T23:21:21.981+0530: 74.570: Application time: 0.2689596 seconds
2018-08-15T23:21:21.982+0530: 74.570: Total time for which application threads were stopped: 0.0000934 seconds, Stopping threads took: 0.0000342 seconds
2018-08-15T23:21:22.480+0530: 75.068: Application time: 0.4985003 seconds
2018-08-15T23:21:22.480+0530: 75.069: [GC (Allocation Failure) AdaptiveSizePolicy::update_averages:  survived: 14046952  promoted: 0  overflow: false
AdaptiveSizeStart: 75.073 collection: 213 
  avg_survived_padded_avg: 19336888.000000  avg_promoted_padded_avg: 24326704.000000  avg_pretenured_padded_avg: 0.000000  tenuring_thresh: 15  target_size: 19398656

Desired survivor size 19398656 bytes, new threshold 15 (max 15)
PSAdaptiveSizePolicy::compute_eden_space_size: costs minor_time: 0.005628 major_cost: 0.020509 mutator_cost: 0.973864 throughput_goal: 0.990000 live_space: 352154176 free_space: 1180172288 old_eden_size: 1089994752 desired_eden_size: 1089994752
AdaptiveSizePolicy::survivor space sizes: collection: 213 (18350080, 17301504) -> (18350080, 19398656) 
AdaptiveSizeStop: collection: 213 
 1133672K->114714K(1294336K), 0.0044660 secs]
2018-08-15T23:21:22.485+0530: 75.073: Total time for which application threads were stopped: 0.0046163 seconds, Stopping threads took: 0.0000343 seconds
2018-08-15T23:21:22.982+0530: 75.570: Application time: 0.4969980 seconds
2018-08-15T23:21:22.982+0530: 75.570: Total time for which application threads were stopped: 0.0001091 seconds, Stopping threads took: 0.0000467 seconds
2018-08-15T23:21:23.271+0530: 75.859: Application time: 0.2887337 seconds
2018-08-15T23:21:23.271+0530: 75.859: [GC (Allocation Failure) AdaptiveSizePolicy::update_averages:  survived: 16371856  promoted: 0  overflow: false
AdaptiveSizeStart: 75.863 collection: 214 
  avg_survived_padded_avg: 21124328.000000  avg_promoted_padded_avg: 23958172.000000  avg_pretenured_padded_avg: 0.000000  tenuring_thresh: 15  target_size: 21495808

Desired survivor size 21495808 bytes, new threshold 15 (max 15)
PSAdaptiveSizePolicy::compute_eden_space_size: costs minor_time: 0.005599 major_cost: 0.020509 mutator_cost: 0.973892 throughput_goal: 0.990000 live_space: 352936256 free_space: 1180172288 old_eden_size: 1089994752 desired_eden_size: 1136132096
AdaptiveSizePolicy::survivor space sizes: collection: 214 (19398656, 18350080) -> (19398656, 21495808) 
AdaptiveSizeStop: collection: 214 
 1178138K->116984K(1295360K), 0.0044752 secs]
2018-08-15T23:21:23.275+0530: 75.864: Total time for which application threads were stopped: 0.0046029 seconds, Stopping threads took: 0.0000179 seconds
2018-08-15T23:21:23.982+0530: 76.570: Application time: 0.7068731 seconds
2018-08-15T23:21:23.982+0530: 76.571: Total time for which application threads were stopped: 0.0000785 seconds, Stopping threads took: 0.0000358 seconds
2018-08-15T23:21:24.060+0530: 76.648: Application time: 0.0774523 seconds
2018-08-15T23:21:24.060+0530: 76.648: [GC (Allocation Failure) AdaptiveSizePolicy::update_averages:  survived: 17873776  promoted: 0  overflow: false
AdaptiveSizeStart: 76.657 collection: 215 
  avg_survived_padded_avg: 23080338.000000  avg_promoted_padded_avg: 23626494.000000  avg_pretenured_padded_avg: 0.000000  tenuring_thresh: 15  target_size: 23592960

Desired survivor size 23592960 bytes, new threshold 15 (max 15)
PSAdaptiveSizePolicy::compute_eden_space_size: costs minor_time: 0.006956 major_cost: 0.020509 mutator_cost: 0.972536 throughput_goal: 0.990000 live_space: 353790272 free_space: 1226309632 old_eden_size: 1136132096 desired_eden_size: 1144520704
AdaptiveSizePolicy::survivor space sizes: collection: 215 (21495808, 19398656) -> (21495808, 23592960) 
AdaptiveSizeStop: collection: 215 
 1180408K->118451K(1341440K), 0.0088440 secs]
2018-08-15T23:21:24.068+0530: 76.657: Total time for which application threads were stopped: 0.0089723 seconds, Stopping threads took: 0.0000176 seconds
2018-08-15T23:21:24.885+0530: 77.473: Application time: 0.8164028 seconds
2018-08-15T23:21:24.885+0530: 77.473: [GC (Allocation Failure) AdaptiveSizePolicy::update_averages:  survived: 19204368  promoted: 8192  overflow: false
AdaptiveSizeStart: 77.478 collection: 216 
  avg_survived_padded_avg: 25104962.000000  avg_promoted_padded_avg: 22068430.000000  avg_pretenured_padded_avg: 0.000000  tenuring_thresh: 15  target_size: 25165824

Desired survivor size 25165824 bytes, new threshold 15 (max 15)
PSAdaptiveSizePolicy::compute_eden_space_size: costs minor_time: 0.006689 major_cost: 0.020509 mutator_cost: 0.972802 throughput_goal: 0.990000 live_space: 354691904 free_space: 1234698240 old_eden_size: 1144520704 desired_eden_size: 1190133760
AdaptiveSizePolicy::survivor space sizes: collection: 216 (23592960, 21495808) -> (23592960, 25165824) 
AdaptiveSizeStop: collection: 216 
 1225907K->119758K(1343488K), 0.0049580 secs]
2018-08-15T23:21:24.890+0530: 77.478: Total time for which application threads were stopped: 0.0051142 seconds, Stopping threads took: 0.0000178 seconds
2018-08-15T23:21:24.983+0530: 77.571: Application time: 0.0929199 seconds
2018-08-15T23:21:24.983+0530: 77.571: Total time for which application threads were stopped: 0.0000953 seconds, Stopping threads took: 0.0000357 seconds
2018-08-15T23:21:25.705+0530: 78.294: Application time: 0.7220191 seconds
2018-08-15T23:21:25.705+0530: 78.294: [GC (Allocation Failure) AdaptiveSizePolicy::update_averages:  survived: 18263768  promoted: 0  overflow: false
AdaptiveSizeStart: 78.299 collection: 217 
  avg_survived_padded_avg: 26337876.000000  avg_promoted_padded_avg: 21799688.000000  avg_pretenured_padded_avg: 0.000000  tenuring_thresh: 15  target_size: 26738688

Desired survivor size 26738688 bytes, new threshold 15 (max 15)
PSAdaptiveSizePolicy::compute_eden_space_size: costs minor_time: 0.006607 major_cost: 0.020509 mutator_cost: 0.972885 throughput_goal: 0.990000 live_space: 355409408 free_space: 1280311296 old_eden_size: 1190133760 desired_eden_size: 1189609472
AdaptiveSizePolicy::survivor space sizes: collection: 217 (25165824, 23592960) -> (25165824, 26738688) 
AdaptiveSizeStop: collection: 217 
 1227214K->118840K(1398272K), 0.0052999 secs]
2018-08-15T23:21:25.710+0530: 78.299: Total time for which application threads were stopped: 0.0054289 seconds, Stopping threads took: 0.0000176 seconds
2018-08-15T23:21:25.983+0530: 78.571: Application time: 0.2720219 seconds
2018-08-15T23:21:25.983+0530: 78.571: Total time for which application threads were stopped: 0.0001075 seconds, Stopping threads took: 0.0000411 seconds
2018-08-15T23:21:26.550+0530: 79.139: Application time: 0.5675436 seconds
2018-08-15T23:21:26.550+0530: 79.139: [GC (Allocation Failure) AdaptiveSizePolicy::update_averages:  survived: 18706664  promoted: 8192  overflow: false
AdaptiveSizeStart: 79.143 collection: 218 
  avg_survived_padded_avg: 27419670.000000  avg_promoted_padded_avg: 20271368.000000  avg_pretenured_padded_avg: 0.000000  tenuring_thresh: 15  target_size: 27787264

Desired survivor size 27787264 bytes, new threshold 15 (max 15)
PSAdaptiveSizePolicy::compute_eden_space_size: costs minor_time: 0.006202 major_cost: 0.020509 mutator_cost: 0.973290 throughput_goal: 0.990000 live_space: 356099392 free_space: 1279787008 old_eden_size: 1189609472 desired_eden_size: 1244135424
AdaptiveSizePolicy::survivor space sizes: collection: 218 (26738688, 25165824) -> (26738688, 27787264) 
AdaptiveSizeStop: collection: 218 
 1279544K->119280K(1399808K), 0.0043379 secs]
2018-08-15T23:21:26.555+0530: 79.143: Total time for which application threads were stopped: 0.0044905 seconds, Stopping threads took: 0.0000265 seconds
2018-08-15T23:21:26.983+0530: 79.571: Application time: 0.4280997 seconds
2018-08-15T23:21:26.983+0530: 79.571: Total time for which application threads were stopped: 0.0001159 seconds, Stopping threads took: 0.0000484 seconds
2018-08-15T23:21:27.421+0530: 80.009: Application time: 0.4381710 seconds
2018-08-15T23:21:27.421+0530: 80.010: [GC (Allocation Failure) AdaptiveSizePolicy::update_averages:  survived: 21117256  promoted: 16384  overflow: false
AdaptiveSizeStart: 80.015 collection: 219 
  avg_survived_padded_avg: 29100710.000000  avg_promoted_padded_avg: 18829406.000000  avg_pretenured_padded_avg: 0.000000  tenuring_thresh: 15  target_size: 29360128

Desired survivor size 29360128 bytes, new threshold 15 (max 15)
PSAdaptiveSizePolicy::compute_eden_space_size: costs minor_time: 0.006195 major_cost: 0.020509 mutator_cost: 0.973296 throughput_goal: 0.990000 live_space: 356961408 free_space: 1334312960 old_eden_size: 1244135424 desired_eden_size: 1244135424
AdaptiveSizePolicy::survivor space sizes: collection: 219 (27787264, 26738688) -> (27787264, 29360128) 
AdaptiveSizeStop: collection: 219 
 1279984K->121650K(1453568K), 0.0054777 secs]
2018-08-15T23:21:27.427+0530: 80.015: Total time for which application threads were stopped: 0.0056238 seconds, Stopping threads took: 0.0000256 seconds
2018-08-15T23:21:27.983+0530: 80.572: Application time: 0.5565280 seconds
2018-08-15T23:21:27.983+0530: 80.572: Total time for which application threads were stopped: 0.0001133 seconds, Stopping threads took: 0.0000593 seconds
2018-08-15T23:21:28.327+0530: 80.915: Application time: 0.3436416 seconds
2018-08-15T23:21:28.327+0530: 80.915: [GC (Allocation Failure) AdaptiveSizePolicy::update_averages:  survived: 22284976  promoted: 0  overflow: false
AdaptiveSizeStart: 80.921 collection: 220 
  avg_survived_padded_avg: 30814576.000000  avg_promoted_padded_avg: 18633256.000000  avg_pretenured_padded_avg: 0.000000  tenuring_thresh: 15  target_size: 30932992

Desired survivor size 30932992 bytes, new threshold 15 (max 15)
PSAdaptiveSizePolicy::compute_eden_space_size: costs minor_time: 0.006205 major_cost: 0.020509 mutator_cost: 0.973286 throughput_goal: 0.990000 live_space: 357854016 free_space: 1334312960 old_eden_size: 1244135424 desired_eden_size: 1300758528
AdaptiveSizePolicy::survivor space sizes: collection: 220 (29360128, 27787264) -> (29360128, 30932992) 
AdaptiveSizeStop: collection: 220 
 1335090K->122791K(1455104K), 0.0057809 secs]
2018-08-15T23:21:28.333+0530: 80.921: Total time for which application threads were stopped: 0.0059016 seconds, Stopping threads took: 0.0000166 seconds
2018-08-15T23:21:28.983+0530: 81.572: Application time: 0.6502125 seconds
2018-08-15T23:21:28.983+0530: 81.572: Total time for which application threads were stopped: 0.0001059 seconds, Stopping threads took: 0.0000422 seconds
2018-08-15T23:21:29.223+0530: 81.812: Application time: 0.2398851 seconds
2018-08-15T23:21:29.223+0530: 81.812: [GC (Allocation Failure) AdaptiveSizePolicy::update_averages:  survived: 24036544  promoted: 16384  overflow: false
AdaptiveSizeStart: 81.820 collection: 221 
  avg_survived_padded_avg: 32765590.000000  avg_promoted_padded_avg: 17243788.000000  avg_pretenured_padded_avg: 0.000000  tenuring_thresh: 15  target_size: 33030144

Desired survivor size 33030144 bytes, new threshold 15 (max 15)
PSAdaptiveSizePolicy::compute_eden_space_size: costs minor_time: 0.006857 major_cost: 0.020509 mutator_cost: 0.972635 throughput_goal: 0.990000 live_space: 358832576 free_space: 1390936064 old_eden_size: 1300758528 desired_eden_size: 1304952832
AdaptiveSizePolicy::survivor space sizes: collection: 221 (30932992, 29360128) -> (30932992, 33030144) 
AdaptiveSizeStop: collection: 221 
 1336231K->124517K(1511424K), 0.0080075 secs]
2018-08-15T23:21:29.231+0530: 81.820: Total time for which application threads were stopped: 0.0081591 seconds, Stopping threads took: 0.0000176 seconds
2018-08-15T23:21:29.983+0530: 82.572: Application time: 0.7520003 seconds
2018-08-15T23:21:29.983+0530: 82.572: Total time for which application threads were stopped: 0.0000921 seconds, Stopping threads took: 0.0000407 seconds
2018-08-15T23:21:30.175+0530: 82.764: Application time: 0.1917483 seconds
2018-08-15T23:21:30.175+0530: 82.764: [GC (Allocation Failure) AdaptiveSizePolicy::update_averages:  survived: 23042264  promoted: 8192  overflow: false
AdaptiveSizeStart: 82.770 collection: 222 
  avg_survived_padded_avg: 33890740.000000  avg_promoted_padded_avg: 15947440.000000  avg_pretenured_padded_avg: 0.000000  tenuring_thresh: 15  target_size: 34078720

Desired survivor size 34078720 bytes, new threshold 15 (max 15)
PSAdaptiveSizePolicy::compute_eden_space_size limits: desired_eden_size: 1364157056 old_eden_size: 1304952832 eden_limit: 1328545792 cur_eden: 1298661376 max_eden_size: 1328545792 avg_young_live: 16011152
PSAdaptiveSizePolicy::compute_eden_space_size: costs minor_time: 0.006904 major_cost: 0.020509 mutator_cost: 0.972587 throughput_goal: 0.990000 live_space: 359613760 free_space: 1395130368 old_eden_size: 1304952832 desired_eden_size: 1328545792
AdaptiveSizePolicy::survivor space sizes: collection: 222 (33030144, 30932992) -> (33030144, 34078720) 
AdaptiveSizeStop: collection: 222 
 1392741K->123554K(1513472K), 0.0068012 secs]
2018-08-15T23:21:30.182+0530: 82.770: Total time for which application threads were stopped: 0.0069198 seconds, Stopping threads took: 0.0000206 seconds
2018-08-15T23:21:30.984+0530: 83.572: Application time: 0.8015694 seconds
2018-08-15T23:21:30.984+0530: 83.572: Total time for which application threads were stopped: 0.0001078 seconds, Stopping threads took: 0.0000380 seconds
2018-08-15T23:21:30.990+0530: 83.579: Application time: 0.0063803 seconds
2018-08-15T23:21:30.990+0530: 83.579: Total time for which application threads were stopped: 0.0000968 seconds, Stopping threads took: 0.0000602 seconds
2018-08-15T23:21:31.124+0530: 83.713: Application time: 0.1339301 seconds
2018-08-15T23:21:31.124+0530: 83.713: [GC (Allocation Failure) AdaptiveSizePolicy::update_averages:  survived: 21237592  promoted: 0  overflow: false
AdaptiveSizeStart: 83.717 collection: 223 
  avg_survived_padded_avg: 34025896.000000  avg_promoted_padded_avg: 15804217.000000  avg_pretenured_padded_avg: 0.000000  tenuring_thresh: 15  target_size: 34078720

Desired survivor size 34078720 bytes, new threshold 15 (max 15)
PSAdaptiveSizePolicy::compute_eden_space_size limits: desired_eden_size: 1360627369 old_eden_size: 1328545792 eden_limit: 1325400064 cur_eden: 1298661376 max_eden_size: 1325400064 avg_young_live: 16533795
PSAdaptiveSizePolicy::compute_eden_space_size: costs minor_time: 0.006416 major_cost: 0.020509 mutator_cost: 0.973075 throughput_goal: 0.990000 live_space: 360136448 free_space: 1418723328 old_eden_size: 1328545792 desired_eden_size: 1325400064
AdaptiveSizePolicy::survivor space sizes: collection: 223 (34078720, 33030144) -> (34078720, 34078720) 
AdaptiveSizeStop: collection: 223 
 1391778K->121792K(1539584K), 0.0047513 secs]
2018-08-15T23:21:31.129+0530: 83.717: Total time for which application threads were stopped: 0.0048773 seconds, Stopping threads took: 0.0000179 seconds
2018-08-15T23:21:31.984+0530: 84.572: Application time: 0.8547382 seconds
2018-08-15T23:21:31.984+0530: 84.572: Total time for which application threads were stopped: 0.0000973 seconds, Stopping threads took: 0.0000368 seconds
2018-08-15T23:21:32.081+0530: 84.670: Application time: 0.0973528 seconds
2018-08-15T23:21:32.081+0530: 84.670: [GC (Allocation Failure) AdaptiveSizePolicy::update_averages:  survived: 24232640  promoted: 16384  overflow: false
AdaptiveSizeStart: 84.675 collection: 224 
  avg_survived_padded_avg: 35115656.000000  avg_promoted_padded_avg: 14569042.000000  avg_pretenured_padded_avg: 0.000000  tenuring_thresh: 15  target_size: 35127296

Desired survivor size 35127296 bytes, new threshold 15 (max 15)
PSAdaptiveSizePolicy::compute_eden_space_size limits: desired_eden_size: 1385628157 old_eden_size: 1325400064 eden_limit: 1324351488 cur_eden: 1324351488 max_eden_size: 1324351488 avg_young_live: 17303680
PSAdaptiveSizePolicy::compute_eden_space_size: costs minor_time: 0.006160 major_cost: 0.020509 mutator_cost: 0.973331 throughput_goal: 0.990000 live_space: 360906304 free_space: 1415577600 old_eden_size: 1325400064 desired_eden_size: 1324351488
AdaptiveSizePolicy::survivor space sizes: collection: 224 (34078720, 34078720) -> (24641536, 35127296) 
AdaptiveSizeStop: collection: 224 
 1415104K->124733K(1530368K), 0.0052215 secs]
2018-08-15T23:21:32.086+0530: 84.675: Total time for which application threads were stopped: 0.0053407 seconds, Stopping threads took: 0.0000161 seconds
2018-08-15T23:21:32.984+0530: 85.572: Application time: 0.8974543 seconds
2018-08-15T23:21:32.984+0530: 85.573: Total time for which application threads were stopped: 0.0001053 seconds, Stopping threads took: 0.0000510 seconds
2018-08-15T23:21:33.042+0530: 85.631: Application time: 0.0581628 seconds
2018-08-15T23:21:33.042+0530: 85.631: [GC (Allocation Failure) AdaptiveSizePolicy::update_averages:  survived: 25118576  promoted: 8192  overflow: false
AdaptiveSizeStart: 85.637 collection: 225 
  avg_survived_padded_avg: 36217328.000000  avg_promoted_padded_avg: 13424415.000000  avg_pretenured_padded_avg: 0.000000  tenuring_thresh: 15  target_size: 36700160

Desired survivor size 36700160 bytes, new threshold 15 (max 15)
PSAdaptiveSizePolicy::compute_eden_space_size limits: desired_eden_size: 1385628413 old_eden_size: 1324351488 eden_limit: 1332740096 cur_eden: 1324351488 max_eden_size: 1332740096 avg_young_live: 18085170
PSAdaptiveSizePolicy::compute_eden_space_size: costs minor_time: 0.006160 major_cost: 0.020509 mutator_cost: 0.973331 throughput_goal: 0.990000 live_space: 361687808 free_space: 1414529024 old_eden_size: 1324351488 desired_eden_size: 1332740096
AdaptiveSizePolicy::survivor space sizes: collection: 225 (35127296, 24641536) -> (35127296, 36700160) 
AdaptiveSizeStop: collection: 225 
 1418045K->125606K(1535488K), 0.0060007 secs]
2018-08-15T23:21:33.048+0530: 85.637: Total time for which application threads were stopped: 0.0061254 seconds, Stopping threads took: 0.0000175 seconds
2018-08-15T23:21:33.984+0530: 86.572: Application time: 0.9353041 seconds
2018-08-15T23:21:33.984+0530: 86.572: Total time for which application threads were stopped: 0.0001095 seconds, Stopping threads took: 0.0000461 seconds
2018-08-15T23:21:33.994+0530: 86.583: Application time: 0.0104273 seconds
2018-08-15T23:21:33.994+0530: 86.583: [GC (Allocation Failure) AdaptiveSizePolicy::update_averages:  survived: 27020888  promoted: 8192  overflow: false
AdaptiveSizeStart: 86.589 collection: 226 
  avg_survived_padded_avg: 37702552.000000  avg_promoted_padded_avg: 12363106.000000  avg_pretenured_padded_avg: 0.000000  tenuring_thresh: 15  target_size: 37748736

Desired survivor size 37748736 bytes, new threshold 15 (max 15)
PSAdaptiveSizePolicy::compute_eden_space_size limits: desired_eden_size: 1380626378 old_eden_size: 1332740096 eden_limit: 1320681472 cur_eden: 1319108608 max_eden_size: 1320681472 avg_young_live: 18978742
PSAdaptiveSizePolicy::compute_eden_space_size: costs minor_time: 0.006224 major_cost: 0.020509 mutator_cost: 0.973268 throughput_goal: 0.990000 live_space: 362581376 free_space: 1422917632 old_eden_size: 1332740096 desired_eden_size: 1320681472
AdaptiveSizePolicy::survivor space sizes: collection: 226 (36700160, 35127296) -> (27262976, 37748736) 
AdaptiveSizeStop: collection: 226 
 1413798K->127471K(1527808K), 0.0061682 secs]
2018-08-15T23:21:34.000+0530: 86.589: Total time for which application threads were stopped: 0.0062879 seconds, Stopping threads took: 0.0000136 seconds
2018-08-15T23:21:34.949+0530: 87.537: Application time: 0.9481882 seconds
2018-08-15T23:21:34.949+0530: 87.537: [GC (Allocation Failure) AdaptiveSizePolicy::update_averages:  survived: 21247896  promoted: 5271064  overflow: false
AdaptiveSizeStart: 87.543 collection: 227 
  avg_survived_padded_avg: 36662756.000000  avg_promoted_padded_avg: 12822596.000000  avg_pretenured_padded_avg: 0.000000  tenuring_thresh: 15  target_size: 36700160

Desired survivor size 36700160 bytes, new threshold 15 (max 15)
PSAdaptiveSizePolicy::compute_eden_space_size limits: desired_eden_size: 1380509530 old_eden_size: 1320681472 eden_limit: 1327497216 cur_eden: 1319108608 max_eden_size: 1327497216 avg_young_live: 19205658
PSAdaptiveSizePolicy::compute_eden_space_size: costs minor_time: 0.006208 major_cost: 0.020509 mutator_cost: 0.973283 throughput_goal: 0.990000 live_space: 362808320 free_space: 1410859008 old_eden_size: 1320681472 desired_eden_size: 1327497216
AdaptiveSizePolicy::survivor space sizes: collection: 227 (37748736, 27262976) -> (37748736, 36700160) 
AdaptiveSizeStop: collection: 227 
 1415663K->126981K(1537024K), 0.0059362 secs]
2018-08-15T23:21:34.955+0530: 87.543: Total time for which application threads were stopped: 0.0060453 seconds, Stopping threads took: 0.0000164 seconds
2018-08-15T23:21:34.984+0530: 87.572: Application time: 0.0292999 seconds
2018-08-15T23:21:34.984+0530: 87.573: Total time for which application threads were stopped: 0.0000850 seconds, Stopping threads took: 0.0000385 seconds
2018-08-15T23:21:35.818+0530: 88.406: Application time: 0.8338783 seconds
2018-08-15T23:21:35.818+0530: 88.407: [GC (Allocation Failure) AdaptiveSizePolicy::update_averages:  survived: 29637984  promoted: 7890208  overflow: false
AdaptiveSizeStart: 88.414 collection: 228 
  avg_survived_padded_avg: 38770708.000000  avg_promoted_padded_avg: 14088351.000000  avg_pretenured_padded_avg: 0.000000  tenuring_thresh: 15  target_size: 38797312

Desired survivor size 38797312 bytes, new threshold 15 (max 15)
PSAdaptiveSizePolicy::compute_eden_space_size limits: desired_eden_size: 1384111707 old_eden_size: 1327497216 eden_limit: 1318060032 cur_eden: 1318060032 max_eden_size: 1318060032 avg_young_live: 20248890
PSAdaptiveSizePolicy::compute_eden_space_size: costs minor_time: 0.006853 major_cost: 0.020509 mutator_cost: 0.972638 throughput_goal: 0.990000 live_space: 363851520 free_space: 1417674752 old_eden_size: 1327497216 desired_eden_size: 1318060032
AdaptiveSizePolicy::survivor space sizes: collection: 228 (36700160, 37748736) -> (29884416, 38797312) 
AdaptiveSizeStop: collection: 228 
 1414149K->142880K(1529344K), 0.0077149 secs]
2018-08-15T23:21:35.826+0530: 88.414: Total time for which application threads were stopped: 0.0078701 seconds, Stopping threads took: 0.0000174 seconds
2018-08-15T23:21:35.985+0530: 88.573: Application time: 0.1586276 seconds
2018-08-15T23:21:35.985+0530: 88.573: Total time for which application threads were stopped: 0.0001138 seconds, Stopping threads took: 0.0000606 seconds
2018-08-15T23:21:36.771+0530: 89.359: Application time: 0.7860028 seconds
2018-08-15T23:21:36.771+0530: 89.359: [GC (Allocation Failure) AdaptiveSizePolicy::update_averages:  survived: 32200472  promoted: 8192  overflow: false
AdaptiveSizeStart: 89.366 collection: 229 
  avg_survived_padded_avg: 41334944.000000  avg_promoted_padded_avg: 13225385.000000  avg_pretenured_padded_avg: 0.000000  tenuring_thresh: 15  target_size: 41418752

Desired survivor size 41418752 bytes, new threshold 15 (max 15)
PSAdaptiveSizePolicy::compute_eden_space_size limits: desired_eden_size: 1384746160 old_eden_size: 1318060032 eden_limit: 1323827200 cur_eden: 1318060032 max_eden_size: 1323827200 avg_young_live: 21444050
PSAdaptiveSizePolicy::compute_eden_space_size: costs minor_time: 0.006941 major_cost: 0.020509 mutator_cost: 0.972550 throughput_goal: 0.990000 live_space: 365046720 free_space: 1408237568 old_eden_size: 1318060032 desired_eden_size: 1323827200
AdaptiveSizePolicy::survivor space sizes: collection: 229 (38797312, 29884416) -> (38797312, 41418752) 
AdaptiveSizeStop: collection: 229 
 1430048K->145390K(1529856K), 0.0069212 secs]
2018-08-15T23:21:36.778+0530: 89.366: Total time for which application threads were stopped: 0.0070455 seconds, Stopping threads took: 0.0000170 seconds
2018-08-15T23:21:36.985+0530: 89.574: Application time: 0.2074747 seconds
2018-08-15T23:21:36.985+0530: 89.574: Total time for which application threads were stopped: 0.0001238 seconds, Stopping threads took: 0.0000508 seconds
2018-08-15T23:21:37.721+0530: 90.310: Application time: 0.7362178 seconds
2018-08-15T23:21:37.722+0530: 90.310: [GC (Allocation Failure) AdaptiveSizePolicy::update_averages:  survived: 33465560  promoted: 8192  overflow: false
AdaptiveSizeStart: 90.317 collection: 230 
  avg_survived_padded_avg: 43788712.000000  avg_promoted_padded_avg: 12394212.000000  avg_pretenured_padded_avg: 0.000000  tenuring_thresh: 15  target_size: 44040192

Desired survivor size 44040192 bytes, new threshold 15 (max 15)
PSAdaptiveSizePolicy::compute_eden_space_size limits: desired_eden_size: 1377377707 old_eden_size: 1323827200 eden_limit: 1312292864 cur_eden: 1309671424 max_eden_size: 1312292864 avg_young_live: 22646202
PSAdaptiveSizePolicy::compute_eden_space_size: costs minor_time: 0.007141 major_cost: 0.020509 mutator_cost: 0.972350 throughput_goal: 0.990000 live_space: 366248832 free_space: 1414004736 old_eden_size: 1323827200 desired_eden_size: 1312292864
AdaptiveSizePolicy::survivor space sizes: collection: 230 (41418752, 38797312) -> (33554432, 44040192) 
AdaptiveSizeStop: collection: 230 
 1424366K->146634K(1524736K), 0.0074241 secs]
2018-08-15T23:21:37.729+0530: 90.317: Total time for which application threads were stopped: 0.0075410 seconds, Stopping threads took: 0.0000172 seconds
2018-08-15T23:21:37.984+0530: 90.573: Application time: 0.2551388 seconds
2018-08-15T23:21:37.984+0530: 90.573: Total time for which application threads were stopped: 0.0000791 seconds, Stopping threads took: 0.0000325 seconds
2018-08-15T23:21:38.670+0530: 91.258: Application time: 0.6853771 seconds
2018-08-15T23:21:38.670+0530: 91.258: [GC (Allocation Failure) AdaptiveSizePolicy::update_averages:  survived: 35292728  promoted: 0  overflow: false
AdaptiveSizeStart: 91.267 collection: 231 
  avg_survived_padded_avg: 46349080.000000  avg_promoted_padded_avg: 12229878.000000  avg_pretenured_padded_avg: 0.000000  tenuring_thresh: 15  target_size: 46661632

Desired survivor size 46661632 bytes, new threshold 15 (max 15)
PSAdaptiveSizePolicy::compute_eden_space_size limits: desired_eden_size: 1380815512 old_eden_size: 1312292864 eden_limit: 1314914304 cur_eden: 1309671424 max_eden_size: 1314914304 avg_young_live: 23910856
PSAdaptiveSizePolicy::compute_eden_space_size: costs minor_time: 0.007639 major_cost: 0.020509 mutator_cost: 0.971852 throughput_goal: 0.990000 live_space: 367513472 free_space: 1402470400 old_eden_size: 1312292864 desired_eden_size: 1314914304
AdaptiveSizePolicy::survivor space sizes: collection: 231 (44040192, 33554432) -> (44040192, 46661632) 
AdaptiveSizeStop: collection: 231 
 1425610K->148418K(1524736K), 0.0087437 secs]
2018-08-15T23:21:38.678+0530: 91.267: Total time for which application threads were stopped: 0.0088683 seconds, Stopping threads took: 0.0000184 seconds
2018-08-15T23:21:38.984+0530: 91.573: Application time: 0.3058144 seconds
2018-08-15T23:21:38.984+0530: 91.573: Total time for which application threads were stopped: 0.0000871 seconds, Stopping threads took: 0.0000331 seconds
2018-08-15T23:21:39.612+0530: 92.201: Application time: 0.6277733 seconds
2018-08-15T23:21:39.612+0530: 92.201: [GC (Allocation Failure) AdaptiveSizePolicy::update_averages:  survived: 34373384  promoted: 16384  overflow: false
AdaptiveSizeStart: 92.207 collection: 232 
  avg_survived_padded_avg: 47972260.000000  avg_promoted_padded_avg: 11403437.000000  avg_pretenured_padded_avg: 0.000000  tenuring_thresh: 15  target_size: 48234496

Desired survivor size 48234496 bytes, new threshold 15 (max 15)
PSAdaptiveSizePolicy::compute_eden_space_size limits: desired_eden_size: 1368865698 old_eden_size: 1314914304 eden_limit: 1301807104 cur_eden: 1299185664 max_eden_size: 1301807104 avg_young_live: 24957108
PSAdaptiveSizePolicy::compute_eden_space_size: costs minor_time: 0.007507 major_cost: 0.020509 mutator_cost: 0.971984 throughput_goal: 0.990000 live_space: 368559744 free_space: 1405091840 old_eden_size: 1314914304 desired_eden_size: 1301807104
AdaptiveSizePolicy::survivor space sizes: collection: 232 (46661632, 44040192) -> (34603008, 48234496) 
AdaptiveSizeStop: collection: 232 
 1417154K->147536K(1515520K), 0.0067491 secs]
2018-08-15T23:21:39.619+0530: 92.208: Total time for which application threads were stopped: 0.0068643 seconds, Stopping threads took: 0.0000174 seconds
2018-08-15T23:21:39.985+0530: 92.573: Application time: 0.3657434 seconds
2018-08-15T23:21:39.985+0530: 92.573: Total time for which application threads were stopped: 0.0001113 seconds, Stopping threads took: 0.0000486 seconds
2018-08-15T23:21:40.529+0530: 93.118: Application time: 0.5443449 seconds
2018-08-15T23:21:40.529+0530: 93.118: [GC (Allocation Failure) AdaptiveSizePolicy::update_averages:  survived: 37855440  promoted: 16384  overflow: false
AdaptiveSizeStart: 93.125 collection: 233 
  avg_survived_padded_avg: 50439408.000000  avg_promoted_padded_avg: 10620148.000000  avg_pretenured_padded_avg: 0.000000  tenuring_thresh: 15  target_size: 50855936

Desired survivor size 50855936 bytes, new threshold 15 (max 15)
PSAdaptiveSizePolicy::compute_eden_space_size limits: desired_eden_size: 1369413553 old_eden_size: 1301807104 eden_limit: 1309671424 cur_eden: 1299185664 max_eden_size: 1309671424 avg_young_live: 26246940
PSAdaptiveSizePolicy::compute_eden_space_size: costs minor_time: 0.007588 major_cost: 0.020509 mutator_cost: 0.971903 throughput_goal: 0.990000 live_space: 369849600 free_space: 1391984640 old_eden_size: 1301807104 desired_eden_size: 1309671424
AdaptiveSizePolicy::survivor space sizes: collection: 233 (48234496, 34603008) -> (48234496, 50855936) 
AdaptiveSizeStop: collection: 233 
 1416272K->150953K(1520640K), 0.0072478 secs]
2018-08-15T23:21:40.537+0530: 93.125: Total time for which application threads were stopped: 0.0073584 seconds, Stopping threads took: 0.0000174 seconds
2018-08-15T23:21:40.985+0530: 93.573: Application time: 0.4479140 seconds
2018-08-15T23:21:40.985+0530: 93.573: Total time for which application threads were stopped: 0.0001037 seconds, Stopping threads took: 0.0000342 seconds
2018-08-15T23:21:40.986+0530: 93.574: Application time: 0.0012503 seconds
2018-08-15T23:21:40.986+0530: 93.574: Total time for which application threads were stopped: 0.0000785 seconds, Stopping threads took: 0.0000314 seconds
2018-08-15T23:21:41.465+0530: 94.053: Application time: 0.4788835 seconds
2018-08-15T23:21:41.465+0530: 94.053: [GC (Allocation Failure) AdaptiveSizePolicy::update_averages:  survived: 40513960  promoted: 8192  overflow: false
AdaptiveSizeStart: 94.062 collection: 234 
  avg_survived_padded_avg: 53295616.000000  avg_promoted_padded_avg: 9881043.000000  avg_pretenured_padded_avg: 0.000000  tenuring_thresh: 15  target_size: 53477376

Desired survivor size 53477376 bytes, new threshold 15 (max 15)
PSAdaptiveSizePolicy::compute_eden_space_size limits: desired_eden_size: 1362533000 old_eden_size: 1309671424 eden_limit: 1293418496 cur_eden: 1290797056 max_eden_size: 1293418496 avg_young_live: 27673642
PSAdaptiveSizePolicy::compute_eden_space_size: costs minor_time: 0.007879 major_cost: 0.020509 mutator_cost: 0.971613 throughput_goal: 0.990000 live_space: 371276288 free_space: 1399848960 old_eden_size: 1309671424 desired_eden_size: 1293418496
AdaptiveSizePolicy::survivor space sizes: collection: 234 (50855936, 48234496) -> (40894464, 53477376) 
AdaptiveSizeStop: collection: 234 
 1411497K->153557K(1513472K), 0.0082606 secs]
2018-08-15T23:21:41.473+0530: 94.062: Total time for which application threads were stopped: 0.0083750 seconds, Stopping threads took: 0.0000175 seconds
2018-08-15T23:21:41.985+0530: 94.573: Application time: 0.5112651 seconds
2018-08-15T23:21:41.985+0530: 94.573: Total time for which application threads were stopped: 0.0001008 seconds, Stopping threads took: 0.0000381 seconds
2018-08-15T23:21:42.401+0530: 94.989: Application time: 0.4163107 seconds
2018-08-15T23:21:42.401+0530: 94.989: [GC (Allocation Failure) AdaptiveSizePolicy::update_averages:  survived: 40763936  promoted: 8192  overflow: false
AdaptiveSizeStart: 94.998 collection: 235 
  avg_survived_padded_avg: 55573816.000000  avg_promoted_padded_avg: 9183637.000000  avg_pretenured_padded_avg: 0.000000  tenuring_thresh: 15  target_size: 55574528

Desired survivor size 55574528 bytes, new threshold 15 (max 15)
PSAdaptiveSizePolicy::compute_eden_space_size limits: desired_eden_size: 1364514416 old_eden_size: 1293418496 eden_limit: 1298137088 cur_eden: 1290797056 max_eden_size: 1298137088 avg_young_live: 28982672
PSAdaptiveSizePolicy::compute_eden_space_size: costs minor_time: 0.008183 major_cost: 0.020509 mutator_cost: 0.971308 throughput_goal: 0.990000 live_space: 372585280 free_space: 1383596032 old_eden_size: 1293418496 desired_eden_size: 1298137088
AdaptiveSizePolicy::survivor space sizes: collection: 235 (53477376, 40894464) -> (53477376, 55574528) 
AdaptiveSizeStop: collection: 235 
 1414101K->153809K(1516544K), 0.0085768 secs]
2018-08-15T23:21:42.410+0530: 94.998: Total time for which application threads were stopped: 0.0086944 seconds, Stopping threads took: 0.0000174 seconds
2018-08-15T23:21:42.984+0530: 95.573: Application time: 0.5747990 seconds
2018-08-15T23:21:42.985+0530: 95.573: Total time for which application threads were stopped: 0.0001001 seconds, Stopping threads took: 0.0000398 seconds
2018-08-15T23:21:43.329+0530: 95.917: Application time: 0.3442025 seconds
2018-08-15T23:21:43.329+0530: 95.917: [GC (Allocation Failure) AdaptiveSizePolicy::update_averages:  survived: 42839936  promoted: 8192  overflow: false
AdaptiveSizeStart: 95.929 collection: 236 
  avg_survived_padded_avg: 58039176.000000  avg_promoted_padded_avg: 8526983.000000  avg_pretenured_padded_avg: 0.000000  tenuring_thresh: 15  target_size: 58195968

Desired survivor size 58195968 bytes, new threshold 15 (max 15)
PSAdaptiveSizePolicy::compute_eden_space_size limits: desired_eden_size: 1361463581 old_eden_size: 1298137088 eden_limit: 1283457024 cur_eden: 1281359872 max_eden_size: 1283457024 avg_young_live: 30368400
PSAdaptiveSizePolicy::compute_eden_space_size: costs minor_time: 0.009320 major_cost: 0.020509 mutator_cost: 0.970171 throughput_goal: 0.990000 live_space: 373971008 free_space: 1388314624 old_eden_size: 1298137088 desired_eden_size: 1283457024
AdaptiveSizePolicy::survivor space sizes: collection: 236 (55574528, 53477376) -> (42991616, 58195968) 
AdaptiveSizeStop: collection: 236 
 1405137K->155845K(1506304K), 0.0119222 secs]
2018-08-15T23:21:43.341+0530: 95.929: Total time for which application threads were stopped: 0.0120531 seconds, Stopping threads took: 0.0000161 seconds
2018-08-15T23:21:43.989+0530: 96.578: Application time: 0.6485259 seconds
2018-08-15T23:21:43.989+0530: 96.578: Total time for which application threads were stopped: 0.0001625 seconds, Stopping threads took: 0.0000963 seconds
2018-08-15T23:21:44.266+0530: 96.855: Application time: 0.2767626 seconds
2018-08-15T23:21:44.266+0530: 96.855: [GC (Allocation Failure) AdaptiveSizePolicy::update_averages:  survived: 41942152  promoted: 16384  overflow: false
AdaptiveSizeStart: 96.865 collection: 237 
  avg_survived_padded_avg: 59551948.000000  avg_promoted_padded_avg: 7908513.000000  avg_pretenured_padded_avg: 0.000000  tenuring_thresh: 15  target_size: 59768832

Desired survivor size 59768832 bytes, new threshold 15 (max 15)
PSAdaptiveSizePolicy::compute_eden_space_size limits: desired_eden_size: 1363192340 old_eden_size: 1283457024 eden_limit: 1291321344 cur_eden: 1281359872 max_eden_size: 1291321344 avg_young_live: 31525776
PSAdaptiveSizePolicy::compute_eden_space_size: costs minor_time: 0.009615 major_cost: 0.020509 mutator_cost: 0.969876 throughput_goal: 0.990000 live_space: 375128384 free_space: 1373634560 old_eden_size: 1283457024 desired_eden_size: 1291321344
AdaptiveSizePolicy::survivor space sizes: collection: 237 (58195968, 42991616) -> (58195968, 59768832) 
AdaptiveSizeStop: collection: 237 
 1407173K->154984K(1512960K), 0.0098922 secs]
2018-08-15T23:21:44.276+0530: 96.865: Total time for which application threads were stopped: 0.0100150 seconds, Stopping threads took: 0.0000168 seconds
2018-08-15T23:21:44.985+0530: 97.573: Application time: 0.7084610 seconds
2018-08-15T23:21:44.985+0530: 97.573: Total time for which application threads were stopped: 0.0000854 seconds, Stopping threads took: 0.0000351 seconds
2018-08-15T23:21:45.179+0530: 97.767: Application time: 0.1941064 seconds
2018-08-15T23:21:45.179+0530: 97.767: [GC (Allocation Failure) AdaptiveSizePolicy::update_averages:  survived: 40223064  promoted: 8192  overflow: false
AdaptiveSizeStart: 97.775 collection: 238 
  avg_survived_padded_avg: 59965128.000000  avg_promoted_padded_avg: 7330024.000000  avg_pretenured_padded_avg: 0.000000  tenuring_thresh: 15  target_size: 60293120

Desired survivor size 60293120 bytes, new threshold 15 (max 15)
PSAdaptiveSizePolicy::compute_eden_space_size limits: desired_eden_size: 1352355443 old_eden_size: 1291321344 eden_limit: 1274544128 cur_eden: 1272971264 max_eden_size: 1274544128 avg_young_live: 32395506
PSAdaptiveSizePolicy::compute_eden_space_size: costs minor_time: 0.009281 major_cost: 0.020509 mutator_cost: 0.970210 throughput_goal: 0.990000 live_space: 375998144 free_space: 1381498880 old_eden_size: 1291321344 desired_eden_size: 1274544128
AdaptiveSizePolicy::survivor space sizes: collection: 238 (59768832, 58195968) -> (40370176, 60293120) 
AdaptiveSizeStop: collection: 238 
 1398120K->153313K(1495552K), 0.0075948 secs]
2018-08-15T23:21:45.187+0530: 97.775: Total time for which application threads were stopped: 0.0077109 seconds, Stopping threads took: 0.0000180 seconds
2018-08-15T23:21:45.985+0530: 98.573: Application time: 0.7981562 seconds
2018-08-15T23:21:45.985+0530: 98.573: Total time for which application threads were stopped: 0.0001016 seconds, Stopping threads took: 0.0000395 seconds
2018-08-15T23:21:46.107+0530: 98.696: Application time: 0.1223898 seconds
2018-08-15T23:21:46.107+0530: 98.696: [GC (Allocation Failure) AdaptiveSizePolicy::update_averages:  survived: 42828792  promoted: 8192  overflow: false
AdaptiveSizeStart: 98.705 collection: 239 
  avg_survived_padded_avg: 61066508.000000  avg_promoted_padded_avg: 6788229.500000  avg_pretenured_padded_avg: 0.000000  tenuring_thresh: 15  target_size: 61341696

Desired survivor size 61341696 bytes, new threshold 15 (max 15)
PSAdaptiveSizePolicy::compute_eden_space_size limits: desired_eden_size: 1353750870 old_eden_size: 1274544128 eden_limit: 1291845632 cur_eden: 1272971264 max_eden_size: 1291845632 avg_young_live: 33438836
PSAdaptiveSizePolicy::compute_eden_space_size: costs minor_time: 0.009520 major_cost: 0.020509 mutator_cost: 0.969971 throughput_goal: 0.990000 live_space: 377041472 free_space: 1364721664 old_eden_size: 1274544128 desired_eden_size: 1291845632
AdaptiveSizePolicy::survivor space sizes: collection: 239 (60293120, 40370176) -> (60293120, 61341696) 
AdaptiveSizeStop: collection: 239 
 1396449K->155866K(1511936K), 0.0096070 secs]
2018-08-15T23:21:46.117+0530: 98.706: Total time for which application threads were stopped: 0.0097993 seconds, Stopping threads took: 0.0000245 seconds
2018-08-15T23:21:46.985+0530: 99.574: Application time: 0.8680201 seconds
2018-08-15T23:21:46.985+0530: 99.574: Total time for which application threads were stopped: 0.0000954 seconds, Stopping threads took: 0.0000354 seconds
2018-08-15T23:21:47.035+0530: 99.623: Application time: 0.0495964 seconds
2018-08-15T23:21:47.035+0530: 99.623: [GC (Allocation Failure) AdaptiveSizePolicy::update_averages:  survived: 43780560  promoted: 8192  overflow: false
AdaptiveSizeStart: 99.632 collection: 240 
  avg_survived_padded_avg: 62128396.000000  avg_promoted_padded_avg: 6281575.500000  avg_pretenured_padded_avg: 0.000000  tenuring_thresh: 15  target_size: 62390272

Desired survivor size 62390272 bytes, new threshold 15 (max 15)
PSAdaptiveSizePolicy::compute_eden_space_size limits: desired_eden_size: 1350114654 old_eden_size: 1291845632 eden_limit: 1270874112 cur_eden: 1269825536 max_eden_size: 1270874112 avg_young_live: 34473008
PSAdaptiveSizePolicy::compute_eden_space_size: costs minor_time: 0.009464 major_cost: 0.020509 mutator_cost: 0.970027 throughput_goal: 0.990000 live_space: 378075648 free_space: 1382023168 old_eden_size: 1291845632 desired_eden_size: 1270874112
AdaptiveSizePolicy::survivor space sizes: collection: 240 (61341696, 60293120) -> (44040192, 62390272) 
AdaptiveSizeStop: collection: 240 
 1395930K->156803K(1496064K), 0.0086721 secs]
2018-08-15T23:21:47.044+0530: 99.632: Total time for which application threads were stopped: 0.0088335 seconds, Stopping threads took: 0.0000328 seconds
2018-08-15T23:21:47.956+0530: 100.544: Application time: 0.9123461 seconds
2018-08-15T23:21:47.956+0530: 100.544: [GC (Allocation Failure) AdaptiveSizePolicy::update_averages:  survived: 45694352  promoted: 16384  overflow: false
AdaptiveSizeStart: 100.553 collection: 241 
  avg_survived_padded_avg: 63513152.000000  avg_promoted_padded_avg: 5807059.500000  avg_pretenured_padded_avg: 0.000000  tenuring_thresh: 15  target_size: 63963136

Desired survivor size 63963136 bytes, new threshold 15 (max 15)
PSAdaptiveSizePolicy::compute_eden_space_size limits: desired_eden_size: 1349945555 old_eden_size: 1270874112 eden_limit: 1286078464 cur_eden: 1269825536 max_eden_size: 1286078464 avg_young_live: 35595144
PSAdaptiveSizePolicy::compute_eden_space_size: costs minor_time: 0.009435 major_cost: 0.020509 mutator_cost: 0.970056 throughput_goal: 0.990000 live_space: 379197760 free_space: 1361051648 old_eden_size: 1270874112 desired_eden_size: 1286078464
AdaptiveSizePolicy::survivor space sizes: collection: 241 (62390272, 44040192) -> (62390272, 63963136) 
AdaptiveSizeStop: collection: 241 
 1396867K->158688K(1508864K), 0.0086671 secs]
2018-08-15T23:21:47.965+0530: 100.553: Total time for which application threads were stopped: 0.0087940 seconds, Stopping threads took: 0.0000175 seconds
2018-08-15T23:21:47.986+0530: 100.574: Application time: 0.0208093 seconds
2018-08-15T23:21:47.986+0530: 100.574: Total time for which application threads were stopped: 0.0001078 seconds, Stopping threads took: 0.0000461 seconds
2018-08-15T23:21:48.874+0530: 101.462: Application time: 0.8878598 seconds
2018-08-15T23:21:48.874+0530: 101.462: [GC (Allocation Failure) AdaptiveSizePolicy::update_averages:  survived: 44850912  promoted: 0  overflow: false
AdaptiveSizeStart: 101.470 collection: 242 
  avg_survived_padded_avg: 64144548.000000  avg_promoted_padded_avg: 5754753.500000  avg_pretenured_padded_avg: 0.000000  tenuring_thresh: 15  target_size: 64487424

Desired survivor size 64487424 bytes, new threshold 15 (max 15)
PSAdaptiveSizePolicy::compute_eden_space_size limits: desired_eden_size: 1343963858 old_eden_size: 1286078464 eden_limit: 1266155520 cur_eden: 1264582656 max_eden_size: 1266155520 avg_young_live: 36520720
PSAdaptiveSizePolicy::compute_eden_space_size: costs minor_time: 0.009364 major_cost: 0.020509 mutator_cost: 0.970127 throughput_goal: 0.990000 live_space: 380123328 free_space: 1376256000 old_eden_size: 1286078464 desired_eden_size: 1266155520
AdaptiveSizePolicy::survivor space sizes: collection: 242 (63963136, 62390272) -> (45088768, 64487424) 
AdaptiveSizeStop: collection: 242 
 1393632K->157864K(1491968K), 0.0084530 secs]
2018-08-15T23:21:48.882+0530: 101.471: Total time for which application threads were stopped: 0.0085862 seconds, Stopping threads took: 0.0000181 seconds
2018-08-15T23:21:48.993+0530: 101.582: Application time: 0.1111926 seconds
2018-08-15T23:21:48.993+0530: 101.582: Total time for which application threads were stopped: 0.0000829 seconds, Stopping threads took: 0.0000363 seconds
2018-08-15T23:21:49.778+0530: 102.367: Application time: 0.7847380 seconds
2018-08-15T23:21:49.778+0530: 102.367: [GC (Allocation Failure) AdaptiveSizePolicy::update_averages:  survived: 24513032  promoted: 21035096  overflow: false
AdaptiveSizeStart: 102.375 collection: 243 
  avg_survived_padded_avg: 63424772.000000  avg_promoted_padded_avg: 12835160.000000  avg_pretenured_padded_avg: 0.000000  tenuring_thresh: 15  target_size: 63438848

Desired survivor size 63438848 bytes, new threshold 15 (max 15)
PSAdaptiveSizePolicy::compute_eden_space_size limits: desired_eden_size: 1344475773 old_eden_size: 1266155520 eden_limit: 1282932736 cur_eden: 1264582656 max_eden_size: 1282932736 avg_young_live: 35319952
PSAdaptiveSizePolicy::compute_eden_space_size: costs minor_time: 0.009453 major_cost: 0.020509 mutator_cost: 0.970038 throughput_goal: 0.990000 live_space: 378922560 free_space: 1356333056 old_eden_size: 1266155520 desired_eden_size: 1282932736
AdaptiveSizePolicy::survivor space sizes: collection: 243 (64487424, 45088768) -> (64487424, 63438848) 
AdaptiveSizeStop: collection: 243 
 1392808K->158545K(1510912K), 0.0088551 secs]
2018-08-15T23:21:49.787+0530: 102.376: Total time for which application threads were stopped: 0.0089709 seconds, Stopping threads took: 0.0000171 seconds
2018-08-15T23:21:49.985+0530: 102.574: Application time: 0.1981862 seconds
2018-08-15T23:21:49.985+0530: 102.574: Total time for which application threads were stopped: 0.0000969 seconds, Stopping threads took: 0.0000371 seconds
2018-08-15T23:21:50.698+0530: 103.286: Application time: 0.7124327 seconds
2018-08-15T23:21:50.698+0530: 103.286: [GC (Allocation Failure) AdaptiveSizePolicy::update_averages:  survived: 27291856  promoted: 8192  overflow: false
AdaptiveSizeStart: 103.293 collection: 244 
  avg_survived_padded_avg: 61980228.000000  avg_promoted_padded_avg: 12232592.000000  avg_pretenured_padded_avg: 0.000000  tenuring_thresh: 15  target_size: 62390272

Desired survivor size 62390272 bytes, new threshold 15 (max 15)
PSAdaptiveSizePolicy::compute_eden_space_size limits: desired_eden_size: 1341382281 old_eden_size: 1282932736 eden_limit: 1264582656 cur_eden: 1264582656 max_eden_size: 1264582656 avg_young_live: 34517144
PSAdaptiveSizePolicy::compute_eden_space_size: costs minor_time: 0.008927 major_cost: 0.020509 mutator_cost: 0.970564 throughput_goal: 0.990000 live_space: 378119808 free_space: 1373110272 old_eden_size: 1282932736 desired_eden_size: 1264582656
AdaptiveSizePolicy::survivor space sizes: collection: 244 (63438848, 61341696) -> (27787264, 62390272) 
AdaptiveSizeStop: collection: 244 
 1393489K->161267K(1475072K), 0.0068367 secs]
2018-08-15T23:21:50.705+0530: 103.293: Total time for which application threads were stopped: 0.0070121 seconds, Stopping threads took: 0.0000158 seconds
2018-08-15T23:21:50.987+0530: 103.576: Application time: 0.2822382 seconds
2018-08-15T23:21:50.987+0530: 103.576: Total time for which application threads were stopped: 0.0000839 seconds, Stopping threads took: 0.0000394 seconds
2018-08-15T23:21:50.988+0530: 103.577: Application time: 0.0011875 seconds
2018-08-15T23:21:50.988+0530: 103.577: Total time for which application threads were stopped: 0.0000739 seconds, Stopping threads took: 0.0000276 seconds
2018-08-15T23:21:51.615+0530: 104.204: Application time: 0.6266098 seconds
2018-08-15T23:21:51.615+0530: 104.204: [GC (Allocation Failure) AdaptiveSizePolicy::update_averages:  survived: 28156072  promoted: 8192  overflow: false
AdaptiveSizeStart: 104.210 collection: 245 
  avg_survived_padded_avg: 60316352.000000  avg_promoted_padded_avg: 11622269.000000  avg_pretenured_padded_avg: 0.000000  tenuring_thresh: 15  target_size: 60817408

Desired survivor size 60817408 bytes, new threshold 15 (max 15)
PSAdaptiveSizePolicy::compute_eden_space_size limits: desired_eden_size: 1338426631 old_eden_size: 1264582656 eden_limit: 1302331392 cur_eden: 1264582656 max_eden_size: 1302331392 avg_young_live: 33881036
PSAdaptiveSizePolicy::compute_eden_space_size: costs minor_time: 0.008442 major_cost: 0.020509 mutator_cost: 0.971049 throughput_goal: 0.990000 live_space: 377483648 free_space: 1354760192 old_eden_size: 1264582656 desired_eden_size: 1302331392
AdaptiveSizePolicy::survivor space sizes: collection: 245 (62390272, 27787264) -> (62390272, 60817408) 
AdaptiveSizeStop: collection: 245 
 1396211K->162119K(1510400K), 0.0065016 secs]
2018-08-15T23:21:51.622+0530: 104.210: Total time for which application threads were stopped: 0.0066178 seconds, Stopping threads took: 0.0000171 seconds
2018-08-15T23:21:51.986+0530: 104.574: Application time: 0.3638285 seconds
2018-08-15T23:21:51.986+0530: 104.574: Total time for which application threads were stopped: 0.0001138 seconds, Stopping threads took: 0.0000438 seconds
2018-08-15T23:21:52.538+0530: 105.126: Application time: 0.5522901 seconds
2018-08-15T23:21:52.538+0530: 105.126: [GC (Allocation Failure) AdaptiveSizePolicy::update_averages:  survived: 29810736  promoted: 8192  overflow: false
AdaptiveSizeStart: 105.132 collection: 246 
  avg_survived_padded_avg: 58365716.000000  avg_promoted_padded_avg: 11011767.000000  avg_pretenured_padded_avg: 0.000000  tenuring_thresh: 15  target_size: 58720256

Desired survivor size 58720256 bytes, new threshold 15 (max 15)
PSAdaptiveSizePolicy::compute_eden_space_size limits: desired_eden_size: 1336786912 old_eden_size: 1302331392 eden_limit: 1269301248 cur_eden: 1266155520 max_eden_size: 1269301248 avg_young_live: 33474008
PSAdaptiveSizePolicy::compute_eden_space_size: costs minor_time: 0.007933 major_cost: 0.020509 mutator_cost: 0.971558 throughput_goal: 0.990000 live_space: 377076672 free_space: 1392508928 old_eden_size: 1302331392 desired_eden_size: 1269301248
AdaptiveSizePolicy::survivor space sizes: collection: 246 (60817408, 59768832) -> (60817408, 58720256) 
AdaptiveSizeStop: collection: 246 
 1398599K->163743K(1508864K), 0.0059851 secs]
2018-08-15T23:21:52.544+0530: 105.132: Total time for which application threads were stopped: 0.0061090 seconds, Stopping threads took: 0.0000183 seconds
2018-08-15T23:21:52.986+0530: 105.574: Application time: 0.4415194 seconds
2018-08-15T23:21:52.986+0530: 105.574: Total time for which application threads were stopped: 0.0000952 seconds, Stopping threads took: 0.0000385 seconds
2018-08-15T23:21:53.455+0530: 106.044: Application time: 0.4697771 seconds
2018-08-15T23:21:53.455+0530: 106.044: [GC (Allocation Failure) AdaptiveSizePolicy::update_averages:  survived: 28945688  promoted: 16384  overflow: false
AdaptiveSizeStart: 106.050 collection: 247 
  avg_survived_padded_avg: 56647212.000000  avg_promoted_padded_avg: 10405830.000000  avg_pretenured_padded_avg: 0.000000  tenuring_thresh: 15  target_size: 57147392

Desired survivor size 57147392 bytes, new threshold 15 (max 15)
PSAdaptiveSizePolicy::compute_eden_space_size limits: desired_eden_size: 1334129042 old_eden_size: 1269301248 eden_limit: 1272971264 cur_eden: 1266155520 max_eden_size: 1272971264 avg_young_live: 33021176
PSAdaptiveSizePolicy::compute_eden_space_size: costs minor_time: 0.007525 major_cost: 0.020509 mutator_cost: 0.971966 throughput_goal: 0.990000 live_space: 376623808 free_space: 1359478784 old_eden_size: 1269301248 desired_eden_size: 1272971264
AdaptiveSizePolicy::survivor space sizes: collection: 247 (58720256, 60817408) -> (58720256, 57147392) 
AdaptiveSizeStop: collection: 247 
 1400223K->162914K(1511424K), 0.0058605 secs]
2018-08-15T23:21:53.461+0530: 106.050: Total time for which application threads were stopped: 0.0059586 seconds, Stopping threads took: 0.0000185 seconds
2018-08-15T23:21:53.986+0530: 106.574: Application time: 0.5241933 seconds
2018-08-15T23:21:53.986+0530: 106.574: Total time for which application threads were stopped: 0.0000976 seconds, Stopping threads took: 0.0000365 seconds
2018-08-15T23:21:54.362+0530: 106.950: Application time: 0.3758638 seconds
2018-08-15T23:21:54.362+0530: 106.950: [GC (Allocation Failure) AdaptiveSizePolicy::update_averages:  survived: 21853872  promoted: 5279256  overflow: false
AdaptiveSizeStart: 106.955 collection: 248 
  avg_survived_padded_avg: 56183816.000000  avg_promoted_padded_avg: 10869906.000000  avg_pretenured_padded_avg: 0.000000  tenuring_thresh: 15  target_size: 56623104

Desired survivor size 56623104 bytes, new threshold 15 (max 15)
PSAdaptiveSizePolicy::compute_eden_space_size limits: desired_eden_size: 1336296342 old_eden_size: 1272971264 eden_limit: 1276641280 cur_eden: 1270874112 max_eden_size: 1276641280 avg_young_live: 31904446
PSAdaptiveSizePolicy::compute_eden_space_size: costs minor_time: 0.007104 major_cost: 0.020509 mutator_cost: 0.972387 throughput_goal: 0.990000 live_space: 375507072 free_space: 1363148800 old_eden_size: 1272971264 desired_eden_size: 1276641280
AdaptiveSizePolicy::survivor space sizes: collection: 248 (57147392, 58720256) -> (57147392, 56623104) 
AdaptiveSizeStop: collection: 248 
 1404002K->161144K(1509888K), 0.0053627 secs]
2018-08-15T23:21:54.367+0530: 106.956: Total time for which application threads were stopped: 0.0055060 seconds, Stopping threads took: 0.0000171 seconds
2018-08-15T23:21:54.986+0530: 107.575: Application time: 0.6190252 seconds
2018-08-15T23:21:54.986+0530: 107.575: Total time for which application threads were stopped: 0.0001317 seconds, Stopping threads took: 0.0000451 seconds
2018-08-15T23:21:55.287+0530: 107.875: Application time: 0.3004974 seconds
2018-08-15T23:21:55.287+0530: 107.875: [GC (Allocation Failure) AdaptiveSizePolicy::update_averages:  survived: 24610400  promoted: 8192  overflow: false
AdaptiveSizeStart: 107.880 collection: 249 
  avg_survived_padded_avg: 54996552.000000  avg_promoted_padded_avg: 10327862.000000  avg_pretenured_padded_avg: 0.000000  tenuring_thresh: 15  target_size: 55050240

Desired survivor size 55050240 bytes, new threshold 15 (max 15)
PSAdaptiveSizePolicy::compute_eden_space_size limits: desired_eden_size: 1333464197 old_eden_size: 1276641280 eden_limit: 1278738432 cur_eden: 1270874112 max_eden_size: 1278738432 avg_young_live: 31175042
PSAdaptiveSizePolicy::compute_eden_space_size: costs minor_time: 0.006696 major_cost: 0.020509 mutator_cost: 0.972795 throughput_goal: 0.990000 live_space: 374777664 free_space: 1366818816 old_eden_size: 1276641280 desired_eden_size: 1278738432
AdaptiveSizePolicy::survivor space sizes: collection: 249 (55574528, 57147392) -> (55574528, 55050240) 
AdaptiveSizeStop: collection: 249 
 1402232K->163844K(1515520K), 0.0051370 secs]
2018-08-15T23:21:55.292+0530: 107.880: Total time for which application threads were stopped: 0.0052624 seconds, Stopping threads took: 0.0000186 seconds
2018-08-15T23:21:55.986+0530: 108.574: Application time: 0.6939804 seconds
2018-08-15T23:21:55.986+0530: 108.575: Total time for which application threads were stopped: 0.0000981 seconds, Stopping threads took: 0.0000380 seconds
2018-08-15T23:21:56.202+0530: 108.790: Application time: 0.2156609 seconds
2018-08-15T23:21:56.202+0530: 108.790: [GC (Allocation Failure) AdaptiveSizePolicy::update_averages:  survived: 26079968  promoted: 8192  overflow: false
AdaptiveSizeStart: 108.795 collection: 250 
  avg_survived_padded_avg: 53481184.000000  avg_promoted_padded_avg: 9785609.000000  avg_pretenured_padded_avg: 0.000000  tenuring_thresh: 15  target_size: 54001664

Desired survivor size 54001664 bytes, new threshold 15 (max 15)
PSAdaptiveSizePolicy::compute_eden_space_size limits: desired_eden_size: 1339193139 old_eden_size: 1278738432 eden_limit: 1281884160 cur_eden: 1278214144 max_eden_size: 1281884160 avg_young_live: 30665534
PSAdaptiveSizePolicy::compute_eden_space_size: costs minor_time: 0.006418 major_cost: 0.020509 mutator_cost: 0.973074 throughput_goal: 0.990000 live_space: 374268160 free_space: 1368915968 old_eden_size: 1278738432 desired_eden_size: 1281884160
AdaptiveSizePolicy::survivor space sizes: collection: 250 (55050240, 55574528) -> (55050240, 54001664) 
AdaptiveSizeStop: collection: 250 
 1412100K->165287K(1515008K), 0.0051953 secs]
2018-08-15T23:21:56.207+0530: 108.796: Total time for which application threads were stopped: 0.0053238 seconds, Stopping threads took: 0.0000207 seconds
2018-08-15T23:21:56.986+0530: 109.575: Application time: 0.7793972 seconds
2018-08-15T23:21:56.987+0530: 109.575: Total time for which application threads were stopped: 0.0001046 seconds, Stopping threads took: 0.0000553 seconds
2018-08-15T23:21:57.118+0530: 109.707: Application time: 0.1315403 seconds
2018-08-15T23:21:57.118+0530: 109.707: [GC (Allocation Failure) AdaptiveSizePolicy::update_averages:  survived: 24416336  promoted: 8192  overflow: false
AdaptiveSizeStart: 109.712 collection: 251 
  avg_survived_padded_avg: 52262540.000000  avg_promoted_padded_avg: 9248611.000000  avg_pretenured_padded_avg: 0.000000  tenuring_thresh: 15  target_size: 52428800

Desired survivor size 52428800 bytes, new threshold 15 (max 15)
PSAdaptiveSizePolicy::compute_eden_space_size limits: desired_eden_size: 1338251495 old_eden_size: 1281884160 eden_limit: 1283457024 cur_eden: 1278214144 max_eden_size: 1283457024 avg_young_live: 30040616
PSAdaptiveSizePolicy::compute_eden_space_size: costs minor_time: 0.006288 major_cost: 0.020509 mutator_cost: 0.973203 throughput_goal: 0.990000 live_space: 373643264 free_space: 1372061696 old_eden_size: 1281884160 desired_eden_size: 1283457024
AdaptiveSizePolicy::survivor space sizes: collection: 251 (52428800, 55050240) -> (52428800, 52428800) 
AdaptiveSizeStop: collection: 251 
 1413543K->163670K(1517568K), 0.0054913 secs]
2018-08-15T23:21:57.124+0530: 109.712: Total time for which application threads were stopped: 0.0056083 seconds, Stopping threads took: 0.0000180 seconds
2018-08-15T23:21:57.987+0530: 110.575: Application time: 0.8628261 seconds
2018-08-15T23:21:57.987+0530: 110.575: Total time for which application threads were stopped: 0.0000966 seconds, Stopping threads took: 0.0000348 seconds
2018-08-15T23:21:58.023+0530: 110.611: Application time: 0.0361836 seconds
2018-08-15T23:21:58.023+0530: 110.611: [GC (Allocation Failure) AdaptiveSizePolicy::update_averages:  survived: 21149808  promoted: 24576  overflow: false
AdaptiveSizeStart: 110.615 collection: 252 
  avg_survived_padded_avg: 51552288.000000  avg_promoted_padded_avg: 8718453.000000  avg_pretenured_padded_avg: 0.000000  tenuring_thresh: 15  target_size: 51904512

Desired survivor size 51904512 bytes, new threshold 15 (max 15)
PSAdaptiveSizePolicy::compute_eden_space_size limits: desired_eden_size: 1340305368 old_eden_size: 1283457024 eden_limit: 1287651328 cur_eden: 1283457024 max_eden_size: 1287651328 avg_young_live: 29151534
PSAdaptiveSizePolicy::compute_eden_space_size: costs minor_time: 0.005828 major_cost: 0.020509 mutator_cost: 0.973663 throughput_goal: 0.990000 live_space: 372754176 free_space: 1373634560 old_eden_size: 1283457024 desired_eden_size: 1287651328
AdaptiveSizePolicy::survivor space sizes: collection: 252 (52428800, 52428800) -> (52428800, 51904512) 
AdaptiveSizeStop: collection: 252 
 1415820K->160504K(1517568K), 0.0041009 secs]
2018-08-15T23:21:58.027+0530: 110.616: Total time for which application threads were stopped: 0.0042600 seconds, Stopping threads took: 0.0000226 seconds
2018-08-15T23:21:58.898+0530: 111.487: Application time: 0.8712586 seconds
2018-08-15T23:21:58.898+0530: 111.487: [GC (Allocation Failure) AdaptiveSizePolicy::update_averages:  survived: 37584280  promoted: 8192  overflow: false
AdaptiveSizeStart: 111.495 collection: 253 
  avg_survived_padded_avg: 52431876.000000  avg_promoted_padded_avg: 8204871.000000  avg_pretenured_padded_avg: 0.000000  tenuring_thresh: 15  target_size: 52953088

Desired survivor size 52953088 bytes, new threshold 15 (max 15)
PSAdaptiveSizePolicy::compute_eden_space_size limits: desired_eden_size: 1346128252 old_eden_size: 1287651328 eden_limit: 1288175616 cur_eden: 1283457024 max_eden_size: 1288175616 avg_young_live: 29994808
PSAdaptiveSizePolicy::compute_eden_space_size: costs minor_time: 0.006617 major_cost: 0.020509 mutator_cost: 0.972874 throughput_goal: 0.990000 live_space: 373597440 free_space: 1377828864 old_eden_size: 1287651328 desired_eden_size: 1288175616
AdaptiveSizePolicy::survivor space sizes: collection: 253 (51904512, 52428800) -> (51904512, 52953088) 
AdaptiveSizeStop: collection: 253 
 1413880K->176562K(1520128K), 0.0079782 secs]
2018-08-15T23:21:58.906+0530: 111.495: Total time for which application threads were stopped: 0.0081015 seconds, Stopping threads took: 0.0000176 seconds
2018-08-15T23:21:58.987+0530: 111.575: Application time: 0.0804667 seconds
2018-08-15T23:21:58.987+0530: 111.575: Total time for which application threads were stopped: 0.0001008 seconds, Stopping threads took: 0.0000412 seconds
2018-08-15T23:21:59.833+0530: 112.421: Application time: 0.8460161 seconds
2018-08-15T23:21:59.833+0530: 112.422: [GC (Allocation Failure) AdaptiveSizePolicy::update_averages:  survived: 40439640  promoted: 8192  overflow: false
AdaptiveSizeStart: 112.429 collection: 254 
  avg_survived_padded_avg: 54052348.000000  avg_promoted_padded_avg: 7706902.500000  avg_pretenured_padded_avg: 0.000000  tenuring_thresh: 15  target_size: 54525952

Desired survivor size 54525952 bytes, new threshold 15 (max 15)
PSAdaptiveSizePolicy::compute_eden_space_size limits: desired_eden_size: 1352265795 old_eden_size: 1288175616 eden_limit: 1287651328 cur_eden: 1286602752 max_eden_size: 1287651328 avg_young_live: 31039292
PSAdaptiveSizePolicy::compute_eden_space_size: costs minor_time: 0.007023 major_cost: 0.020509 mutator_cost: 0.972469 throughput_goal: 0.990000 live_space: 374641920 free_space: 1378353152 old_eden_size: 1288175616 desired_eden_size: 1287651328
AdaptiveSizePolicy::survivor space sizes: collection: 254 (52953088, 51904512) -> (40894464, 54525952) 
AdaptiveSizeStop: collection: 254 
 1433010K->179358K(1509376K), 0.0077543 secs]
2018-08-15T23:21:59.841+0530: 112.429: Total time for which application threads were stopped: 0.0078687 seconds, Stopping threads took: 0.0000171 seconds
2018-08-15T23:21:59.986+0530: 112.575: Application time: 0.1454544 seconds
2018-08-15T23:21:59.986+0530: 112.575: Total time for which application threads were stopped: 0.0000977 seconds, Stopping threads took: 0.0000487 seconds
2018-08-15T23:22:00.768+0530: 113.356: Application time: 0.7810559 seconds
2018-08-15T23:22:00.768+0530: 113.356: [GC (Allocation Failure) AdaptiveSizePolicy::update_averages:  survived: 41152256  promoted: 16384  overflow: false
AdaptiveSizeStart: 113.365 collection: 255 
  avg_survived_padded_avg: 55492476.000000  avg_promoted_padded_avg: 7225169.000000  avg_pretenured_padded_avg: 0.000000  tenuring_thresh: 15  target_size: 55574528

Desired survivor size 55574528 bytes, new threshold 15 (max 15)
PSAdaptiveSizePolicy::compute_eden_space_size limits: desired_eden_size: 1355649151 old_eden_size: 1287651328 eden_limit: 1297088512 cur_eden: 1286602752 max_eden_size: 1297088512 avg_young_live: 32050588
PSAdaptiveSizePolicy::compute_eden_space_size: costs minor_time: 0.007517 major_cost: 0.020509 mutator_cost: 0.971974 throughput_goal: 0.990000 live_space: 375653248 free_space: 1377828864 old_eden_size: 1287651328 desired_eden_size: 1297088512
AdaptiveSizePolicy::survivor space sizes: collection: 255 (54525952, 40894464) -> (54525952, 55574528) 
AdaptiveSizeStop: collection: 255 
 1435806K->180070K(1517568K), 0.0085094 secs]
2018-08-15T23:22:00.776+0530: 113.365: Total time for which application threads were stopped: 0.0086606 seconds, Stopping threads took: 0.0000163 seconds
2018-08-15T23:22:00.987+0530: 113.575: Application time: 0.2105272 seconds
2018-08-15T23:22:00.987+0530: 113.575: Total time for which application threads were stopped: 0.0000827 seconds, Stopping threads took: 0.0000378 seconds
2018-08-15T23:22:00.988+0530: 113.576: Application time: 0.0010157 seconds
2018-08-15T23:22:00.988+0530: 113.576: Total time for which application threads were stopped: 0.0000633 seconds, Stopping threads took: 0.0000312 seconds
2018-08-15T23:22:01.691+0530: 114.279: Application time: 0.7029892 seconds
2018-08-15T23:22:01.691+0530: 114.279: [GC (Allocation Failure) AdaptiveSizePolicy::update_averages:  survived: 42427840  promoted: 0  overflow: false
AdaptiveSizeStart: 114.287 collection: 256 
  avg_survived_padded_avg: 56987544.000000  avg_promoted_padded_avg: 7127758.000000  avg_pretenured_padded_avg: 0.000000  tenuring_thresh: 15  target_size: 57147392

Desired survivor size 57147392 bytes, new threshold 15 (max 15)
PSAdaptiveSizePolicy::compute_eden_space_size limits: desired_eden_size: 1352109069 old_eden_size: 1297088512 eden_limit: 1282408448 cur_eden: 1281359872 max_eden_size: 1282408448 avg_young_live: 33088314
PSAdaptiveSizePolicy::compute_eden_space_size: costs minor_time: 0.007817 major_cost: 0.020509 mutator_cost: 0.971675 throughput_goal: 0.990000 live_space: 376690944 free_space: 1387266048 old_eden_size: 1297088512 desired_eden_size: 1282408448
AdaptiveSizePolicy::survivor space sizes: collection: 256 (55574528, 54525952) -> (42467328, 57147392) 
AdaptiveSizeStop: collection: 256 
 1431398K->181316K(1505792K), 0.0081080 secs]
2018-08-15T23:22:01.699+0530: 114.288: Total time for which application threads were stopped: 0.0082263 seconds, Stopping threads took: 0.0000168 seconds
2018-08-15T23:22:01.987+0530: 114.575: Application time: 0.2875386 seconds
2018-08-15T23:22:01.987+0530: 114.575: Total time for which application threads were stopped: 0.0001136 seconds, Stopping threads took: 0.0000452 seconds
2018-08-15T23:22:02.606+0530: 115.195: Application time: 0.6197004 seconds
2018-08-15T23:22:02.607+0530: 115.195: [GC (Allocation Failure) AdaptiveSizePolicy::update_averages:  survived: 42168568  promoted: 16384  overflow: false
AdaptiveSizeStart: 115.203 collection: 257 
  avg_survived_padded_avg: 57957016.000000  avg_promoted_padded_avg: 6648906.000000  avg_pretenured_padded_avg: 0.000000  tenuring_thresh: 15  target_size: 58195968

Desired survivor size 58195968 bytes, new threshold 15 (max 15)
PSAdaptiveSizePolicy::compute_eden_space_size limits: desired_eden_size: 1353692092 old_eden_size: 1282408448 eden_limit: 1292894208 cur_eden: 1281359872 max_eden_size: 1292894208 avg_young_live: 33996340
PSAdaptiveSizePolicy::compute_eden_space_size: costs minor_time: 0.008060 major_cost: 0.020509 mutator_cost: 0.971431 throughput_goal: 0.990000 live_space: 377598976 free_space: 1372585984 old_eden_size: 1282408448 desired_eden_size: 1292894208
AdaptiveSizePolicy::survivor space sizes: collection: 257 (57147392, 42467328) -> (57147392, 58195968) 
AdaptiveSizeStop: collection: 257 
 1431094K->181079K(1515008K), 0.0081078 secs]
2018-08-15T23:22:02.615+0530: 115.203: Total time for which application threads were stopped: 0.0082736 seconds, Stopping threads took: 0.0000163 seconds
2018-08-15T23:22:02.987+0530: 115.575: Application time: 0.3721980 seconds
2018-08-15T23:22:02.987+0530: 115.575: Total time for which application threads were stopped: 0.0000824 seconds, Stopping threads took: 0.0000348 seconds
2018-08-15T23:22:03.514+0530: 116.103: Application time: 0.5273086 seconds
2018-08-15T23:22:03.514+0530: 116.103: [GC (Allocation Failure) AdaptiveSizePolicy::update_averages:  survived: 45055160  promoted: 16384  overflow: false
AdaptiveSizeStart: 116.112 collection: 258 
  avg_survived_padded_avg: 59652448.000000  avg_promoted_padded_avg: 6194711.000000  avg_pretenured_padded_avg: 0.000000  tenuring_thresh: 15  target_size: 59768832

Desired survivor size 59768832 bytes, new threshold 15 (max 15)
PSAdaptiveSizePolicy::compute_eden_space_size limits: desired_eden_size: 1351359905 old_eden_size: 1292894208 eden_limit: 1277165568 cur_eden: 1276116992 max_eden_size: 1277165568 avg_young_live: 35102224
PSAdaptiveSizePolicy::compute_eden_space_size: costs minor_time: 0.008569 major_cost: 0.020509 mutator_cost: 0.970922 throughput_goal: 0.990000 live_space: 378704832 free_space: 1383071744 old_eden_size: 1292894208 desired_eden_size: 1277165568
AdaptiveSizePolicy::survivor space sizes: collection: 258 (58195968, 57147392) -> (45088768, 59768832) 
AdaptiveSizeStop: collection: 258 
 1427287K->183913K(1503232K), 0.0092373 secs]
2018-08-15T23:22:03.524+0530: 116.112: Total time for which application threads were stopped: 0.0093550 seconds, Stopping threads took: 0.0000168 seconds
2018-08-15T23:22:03.987+0530: 116.576: Application time: 0.4634370 seconds
2018-08-15T23:22:03.987+0530: 116.576: Total time for which application threads were stopped: 0.0000770 seconds, Stopping threads took: 0.0000315 seconds
2018-08-15T23:22:04.434+0530: 117.023: Application time: 0.4469525 seconds
2018-08-15T23:22:04.434+0530: 117.023: [GC (Allocation Failure) AdaptiveSizePolicy::update_averages:  survived: 47132864  promoted: 8192  overflow: false
AdaptiveSizeStart: 117.032 collection: 259 
  avg_survived_padded_avg: 61648520.000000  avg_promoted_padded_avg: 5766421.500000  avg_pretenured_padded_avg: 0.000000  tenuring_thresh: 15  target_size: 61865984

Desired survivor size 61865984 bytes, new threshold 15 (max 15)
PSAdaptiveSizePolicy::compute_eden_space_size limits: desired_eden_size: 1353090598 old_eden_size: 1277165568 eden_limit: 1287651328 cur_eden: 1276116992 max_eden_size: 1287651328 avg_young_live: 36305288
PSAdaptiveSizePolicy::compute_eden_space_size: costs minor_time: 0.008851 major_cost: 0.020509 mutator_cost: 0.970640 throughput_goal: 0.990000 live_space: 379907904 free_space: 1367343104 old_eden_size: 1277165568 desired_eden_size: 1287651328
AdaptiveSizePolicy::survivor space sizes: collection: 259 (59768832, 45088768) -> (59768832, 61865984) 
AdaptiveSizeStop: collection: 259 
 1430121K->185950K(1510400K), 0.0089757 secs]
2018-08-15T23:22:04.443+0530: 117.032: Total time for which application threads were stopped: 0.0090950 seconds, Stopping threads took: 0.0000177 seconds
2018-08-15T23:22:04.988+0530: 117.576: Application time: 0.5442789 seconds
2018-08-15T23:22:04.988+0530: 117.576: Total time for which application threads were stopped: 0.0001343 seconds, Stopping threads took: 0.0000717 seconds
2018-08-15T23:22:05.363+0530: 117.951: Application time: 0.3751249 seconds
2018-08-15T23:22:05.363+0530: 117.951: [GC (Allocation Failure) AdaptiveSizePolicy::update_averages:  survived: 48916224  promoted: 8192  overflow: false
AdaptiveSizeStart: 117.960 collection: 260 
  avg_survived_padded_avg: 63780032.000000  avg_promoted_padded_avg: 5361925.000000  avg_pretenured_padded_avg: 0.000000  tenuring_thresh: 15  target_size: 63963136

Desired survivor size 63963136 bytes, new threshold 15 (max 15)
PSAdaptiveSizePolicy::compute_eden_space_size limits: desired_eden_size: 1346751555 old_eden_size: 1287651328 eden_limit: 1270874112 cur_eden: 1268776960 max_eden_size: 1270874112 avg_young_live: 37566384
PSAdaptiveSizePolicy::compute_eden_space_size: costs minor_time: 0.009098 major_cost: 0.020509 mutator_cost: 0.970394 throughput_goal: 0.990000 live_space: 381169024 free_space: 1377828864 old_eden_size: 1287651328 desired_eden_size: 1270874112
AdaptiveSizePolicy::survivor space sizes: collection: 260 (61865984, 59768832) -> (49283072, 63963136) 
AdaptiveSizeStop: collection: 260 
 1424990K->187700K(1500160K), 0.0091956 secs]
2018-08-15T23:22:05.372+0530: 117.961: Total time for which application threads were stopped: 0.0093514 seconds, Stopping threads took: 0.0000164 seconds
2018-08-15T23:22:05.987+0530: 118.576: Application time: 0.6151174 seconds
2018-08-15T23:22:05.987+0530: 118.576: Total time for which application threads were stopped: 0.0000995 seconds, Stopping threads took: 0.0000374 seconds
2018-08-15T23:22:06.281+0530: 118.869: Application time: 0.2934912 seconds
2018-08-15T23:22:06.281+0530: 118.869: [GC (Allocation Failure) AdaptiveSizePolicy::update_averages:  survived: 48255784  promoted: 8192  overflow: false
AdaptiveSizeStart: 118.878 collection: 261 
  avg_survived_padded_avg: 65113548.000000  avg_promoted_padded_avg: 4980746.000000  avg_pretenured_padded_avg: 0.000000  tenuring_thresh: 15  target_size: 65536000

Desired survivor size 65536000 bytes, new threshold 15 (max 15)
PSAdaptiveSizePolicy::compute_eden_space_size limits: desired_eden_size: 1347858177 old_eden_size: 1270874112 eden_limit: 1279262720 cur_eden: 1268776960 max_eden_size: 1279262720 avg_young_live: 38635320
PSAdaptiveSizePolicy::compute_eden_space_size: costs minor_time: 0.009285 major_cost: 0.020509 mutator_cost: 0.970206 throughput_goal: 0.990000 live_space: 382237952 free_space: 1361051648 old_eden_size: 1270874112 desired_eden_size: 1279262720
AdaptiveSizePolicy::survivor space sizes: collection: 261 (63963136, 49283072) -> (63963136, 65536000) 
AdaptiveSizeStop: collection: 261 
 1426740K->187063K(1507328K), 0.0091168 secs]
2018-08-15T23:22:06.290+0530: 118.879: Total time for which application threads were stopped: 0.0092414 seconds, Stopping threads took: 0.0000174 seconds
2018-08-15T23:22:06.987+0530: 119.576: Application time: 0.6971305 seconds
2018-08-15T23:22:06.987+0530: 119.576: Total time for which application threads were stopped: 0.0001454 seconds, Stopping threads took: 0.0000999 seconds
2018-08-15T23:22:07.168+0530: 119.756: Application time: 0.1803943 seconds
2018-08-15T23:22:07.168+0530: 119.756: [GC (Allocation Failure) AdaptiveSizePolicy::update_averages:  survived: 46245008  promoted: 24576  overflow: false
AdaptiveSizeStart: 119.766 collection: 262 
  avg_survived_padded_avg: 65281136.000000  avg_promoted_padded_avg: 4619479.500000  avg_pretenured_padded_avg: 0.000000  tenuring_thresh: 15  target_size: 65536000

Desired survivor size 65536000 bytes, new threshold 15 (max 15)
PSAdaptiveSizePolicy::compute_eden_space_size limits: desired_eden_size: 1342258497 old_eden_size: 1279262720 eden_limit: 1263009792 cur_eden: 1261436928 max_eden_size: 1263009792 avg_young_live: 39396288
PSAdaptiveSizePolicy::compute_eden_space_size: costs minor_time: 0.009643 major_cost: 0.020509 mutator_cost: 0.969848 throughput_goal: 0.990000 live_space: 382998912 free_space: 1369440256 old_eden_size: 1279262720 desired_eden_size: 1263009792
AdaptiveSizePolicy::survivor space sizes: collection: 262 (65536000, 63963136) -> (65536000, 65536000) 
AdaptiveSizeStop: collection: 262 
 1418935K->185123K(1508864K), 0.0095717 secs]
2018-08-15T23:22:07.177+0530: 119.766: Total time for which application threads were stopped: 0.0097136 seconds, Stopping threads took: 0.0000175 seconds
2018-08-15T23:22:07.988+0530: 120.576: Application time: 0.8103797 seconds
2018-08-15T23:22:07.988+0530: 120.576: Total time for which application threads were stopped: 0.0001072 seconds, Stopping threads took: 0.0000452 seconds
2018-08-15T23:22:08.079+0530: 120.668: Application time: 0.0911694 seconds
2018-08-15T23:22:08.079+0530: 120.668: [GC (Allocation Failure) AdaptiveSizePolicy::update_averages:  survived: 48991968  promoted: 8192  overflow: false
AdaptiveSizeStart: 120.678 collection: 263 
  avg_survived_padded_avg: 66242896.000000  avg_promoted_padded_avg: 4283690.000000  avg_pretenured_padded_avg: 0.000000  tenuring_thresh: 15  target_size: 66584576

Desired survivor size 66584576 bytes, new threshold 15 (max 15)
PSAdaptiveSizePolicy::compute_eden_space_size limits: desired_eden_size: 1344419229 old_eden_size: 1263009792 eden_limit: 1261436928 cur_eden: 1261436928 max_eden_size: 1261436928 avg_young_live: 40355856
PSAdaptiveSizePolicy::compute_eden_space_size: costs minor_time: 0.010027 major_cost: 0.020509 mutator_cost: 0.969464 throughput_goal: 0.990000 live_space: 383958464 free_space: 1353187328 old_eden_size: 1263009792 desired_eden_size: 1261436928
AdaptiveSizePolicy::survivor space sizes: collection: 263 (65536000, 65536000) -> (65536000, 66584576) 
AdaptiveSizeStop: collection: 263 
 1416995K->187814K(1506816K), 0.0102676 secs]
2018-08-15T23:22:08.090+0530: 120.678: Total time for which application threads were stopped: 0.0104161 seconds, Stopping threads took: 0.0000174 seconds
2018-08-15T23:22:08.993+0530: 121.582: Application time: 0.9037498 seconds
2018-08-15T23:22:08.993+0530: 121.582: Total time for which application threads were stopped: 0.0001263 seconds, Stopping threads took: 0.0000644 seconds
2018-08-15T23:22:08.995+0530: 121.583: Application time: 0.0012359 seconds
2018-08-15T23:22:08.995+0530: 121.583: [GC (Allocation Failure) AdaptiveSizePolicy::update_averages:  survived: 49910608  promoted: 8192  overflow: false
AdaptiveSizeStart: 121.592 collection: 264 
  avg_survived_padded_avg: 67189304.000000  avg_promoted_padded_avg: 3968946.000000  avg_pretenured_padded_avg: 0.000000  tenuring_thresh: 15  target_size: 67633152

Desired survivor size 67633152 bytes, new threshold 15 (max 15)
PSAdaptiveSizePolicy::compute_eden_space_size limits: desired_eden_size: 1342022572 old_eden_size: 1261436928 eden_limit: 1260388352 cur_eden: 1259339776 max_eden_size: 1260388352 avg_young_live: 41311332
PSAdaptiveSizePolicy::compute_eden_space_size: costs minor_time: 0.010004 major_cost: 0.020509 mutator_cost: 0.969487 throughput_goal: 0.990000 live_space: 384913984 free_space: 1351614464 old_eden_size: 1261436928 desired_eden_size: 1260388352
AdaptiveSizePolicy::survivor space sizes: collection: 264 (66584576, 65536000) -> (50331648, 67633152) 
AdaptiveSizeStop: collection: 264 
 1417638K->188719K(1491968K), 0.0091425 secs]
2018-08-15T23:22:09.004+0530: 121.592: Total time for which application threads were stopped: 0.0092525 seconds, Stopping threads took: 0.0000088 seconds
2018-08-15T23:22:09.909+0530: 122.497: Application time: 0.9049009 seconds
2018-08-15T23:22:09.909+0530: 122.497: [GC (Allocation Failure) AdaptiveSizePolicy::update_averages:  survived: 51824744  promoted: 8192  overflow: false
AdaptiveSizeStart: 122.507 collection: 265 
  avg_survived_padded_avg: 68491344.000000  avg_promoted_padded_avg: 3674395.500000  avg_pretenured_padded_avg: 0.000000  tenuring_thresh: 15  target_size: 68681728

Desired survivor size 68681728 bytes, new threshold 15 (max 15)
PSAdaptiveSizePolicy::compute_eden_space_size limits: desired_eden_size: 1342783239 old_eden_size: 1260388352 eden_limit: 1274544128 cur_eden: 1259339776 max_eden_size: 1274544128 avg_young_live: 42362672
PSAdaptiveSizePolicy::compute_eden_space_size: costs minor_time: 0.010142 major_cost: 0.020509 mutator_cost: 0.969349 throughput_goal: 0.990000 live_space: 385965312 free_space: 1350565888 old_eden_size: 1260388352 desired_eden_size: 1274544128
AdaptiveSizePolicy::survivor space sizes: collection: 265 (67633152, 50331648) -> (67633152, 68681728) 
AdaptiveSizeStop: collection: 265 
 1418543K->190596K(1504768K), 0.0097131 secs]
2018-08-15T23:22:09.919+0530: 122.507: Total time for which application threads were stopped: 0.0098272 seconds, Stopping threads took: 0.0000172 seconds
2018-08-15T23:22:09.988+0530: 122.577: Application time: 0.0694156 seconds
2018-08-15T23:22:09.988+0530: 122.577: Total time for which application threads were stopped: 0.0001023 seconds, Stopping threads took: 0.0000409 seconds
2018-08-15T23:22:10.822+0530: 123.410: Application time: 0.8337047 seconds
2018-08-15T23:22:10.822+0530: 123.410: [GC (Allocation Failure) AdaptiveSizePolicy::update_averages:  survived: 50948288  promoted: 8192  overflow: false
AdaptiveSizeStart: 123.420 collection: 266 
  avg_survived_padded_avg: 69055040.000000  avg_promoted_padded_avg: 3399147.750000  avg_pretenured_padded_avg: 0.000000  tenuring_thresh: 15  target_size: 69206016

Desired survivor size 69206016 bytes, new threshold 15 (max 15)
PSAdaptiveSizePolicy::compute_eden_space_size limits: desired_eden_size: 1339215166 old_eden_size: 1274544128 eden_limit: 1256194048 cur_eden: 1255145472 max_eden_size: 1256194048 avg_young_live: 43221232
PSAdaptiveSizePolicy::compute_eden_space_size: costs minor_time: 0.010320 major_cost: 0.020509 mutator_cost: 0.969171 throughput_goal: 0.990000 live_space: 386823872 free_space: 1364721664 old_eden_size: 1274544128 desired_eden_size: 1256194048
AdaptiveSizePolicy::survivor space sizes: collection: 266 (68681728, 67633152) -> (51380224, 69206016) 
AdaptiveSizeStop: collection: 266 
 1416324K->189748K(1488896K), 0.0099826 secs]
2018-08-15T23:22:10.832+0530: 123.420: Total time for which application threads were stopped: 0.0100834 seconds, Stopping threads took: 0.0000177 seconds
2018-08-15T23:22:10.988+0530: 123.576: Application time: 0.1559832 seconds
2018-08-15T23:22:10.988+0530: 123.577: Total time for which application threads were stopped: 0.0000897 seconds, Stopping threads took: 0.0000377 seconds
2018-08-15T23:22:10.989+0530: 123.577: Application time: 0.0009941 seconds
2018-08-15T23:22:10.989+0530: 123.578: Total time for which application threads were stopped: 0.0000938 seconds, Stopping threads took: 0.0000407 seconds
2018-08-15T23:22:11.715+0530: 124.304: Application time: 0.7263250 seconds
2018-08-15T23:22:11.716+0530: 124.304: [GC (Allocation Failure) AdaptiveSizePolicy::update_averages:  survived: 51586496  promoted: 8192  overflow: false
AdaptiveSizeStart: 124.313 collection: 267 
  avg_survived_padded_avg: 69566704.000000  avg_promoted_padded_avg: 3142287.500000  avg_pretenured_padded_avg: 0.000000  tenuring_thresh: 15  target_size: 69730304

Desired survivor size 69730304 bytes, new threshold 15 (max 15)
PSAdaptiveSizePolicy::compute_eden_space_size limits: desired_eden_size: 1339143904 old_eden_size: 1256194048 eden_limit: 1271922688 cur_eden: 1255145472 max_eden_size: 1271922688 avg_young_live: 44057756
PSAdaptiveSizePolicy::compute_eden_space_size: costs minor_time: 0.010307 major_cost: 0.020509 mutator_cost: 0.969184 throughput_goal: 0.990000 live_space: 387660416 free_space: 1346371584 old_eden_size: 1256194048 desired_eden_size: 1271922688
AdaptiveSizePolicy::survivor space sizes: collection: 267 (69206016, 51380224) -> (69206016, 69730304) 
AdaptiveSizeStop: collection: 267 
 1415476K->190380K(1504256K), 0.0092303 secs]
2018-08-15T23:22:11.725+0530: 124.313: Total time for which application threads were stopped: 0.0093498 seconds, Stopping threads took: 0.0000176 seconds
2018-08-15T23:22:11.988+0530: 124.577: Application time: 0.2634926 seconds
2018-08-15T23:22:11.988+0530: 124.577: Total time for which application threads were stopped: 0.0001024 seconds, Stopping threads took: 0.0000382 seconds
2018-08-15T23:22:12.627+0530: 125.215: Application time: 0.6385489 seconds
2018-08-15T23:22:12.627+0530: 125.215: [GC (Allocation Failure) AdaptiveSizePolicy::update_averages:  survived: 25291800  promoted: 28908920  overflow: false
AdaptiveSizeStart: 125.225 collection: 268 
  avg_survived_padded_avg: 70206112.000000  avg_promoted_padded_avg: 13448136.000000  avg_pretenured_padded_avg: 0.000000  tenuring_thresh: 15  target_size: 70254592

Desired survivor size 70254592 bytes, new threshold 15 (max 15)
PSAdaptiveSizePolicy::compute_eden_space_size limits: desired_eden_size: 1337188401 old_eden_size: 1271922688 eden_limit: 1253572608 cur_eden: 1253048320 max_eden_size: 1253572608 avg_young_live: 42181160
PSAdaptiveSizePolicy::compute_eden_space_size: costs minor_time: 0.010366 major_cost: 0.020509 mutator_cost: 0.969125 throughput_goal: 0.990000 live_space: 385783808 free_space: 1362100224 old_eden_size: 1271922688 desired_eden_size: 1253572608
AdaptiveSizePolicy::survivor space sizes: collection: 268 (69730304, 69206016) -> (25690112, 70254592) 
AdaptiveSizeStop: collection: 268 
 1414060K->192933K(1461760K), 0.0096731 secs]
2018-08-15T23:22:12.637+0530: 125.225: Total time for which application threads were stopped: 0.0098059 seconds, Stopping threads took: 0.0000179 seconds
2018-08-15T23:22:12.988+0530: 125.577: Application time: 0.3515997 seconds
2018-08-15T23:22:12.989+0530: 125.577: Total time for which application threads were stopped: 0.0001459 seconds, Stopping threads took: 0.0000546 seconds
2018-08-15T23:22:13.537+0530: 126.125: Application time: 0.5484321 seconds
2018-08-15T23:22:13.537+0530: 126.125: [GC (Allocation Failure) AdaptiveSizePolicy::update_averages:  survived: 26242920  promoted: 8192  overflow: false
AdaptiveSizeStart: 126.132 collection: 269 
  avg_survived_padded_avg: 70113200.000000  avg_promoted_padded_avg: 12951072.000000  avg_pretenured_padded_avg: 0.000000  tenuring_thresh: 15  target_size: 70254592

Desired survivor size 70254592 bytes, new threshold 15 (max 15)
PSAdaptiveSizePolicy::compute_eden_space_size limits: desired_eden_size: 1332135926 old_eden_size: 1253572608 eden_limit: 1296564224 cur_eden: 1253048320 max_eden_size: 1296564224 avg_young_live: 40587336
PSAdaptiveSizePolicy::compute_eden_space_size: costs minor_time: 0.009456 major_cost: 0.020509 mutator_cost: 0.970035 throughput_goal: 0.990000 live_space: 384189952 free_space: 1343750144 old_eden_size: 1253572608 desired_eden_size: 1296564224
AdaptiveSizePolicy::survivor space sizes: collection: 269 (70254592, 25690112) -> (70254592, 70254592) 
AdaptiveSizeStop: collection: 269 
 1416613K->193869K(1504256K), 0.0061588 secs]
2018-08-15T23:22:13.543+0530: 126.132: Total time for which application threads were stopped: 0.0062747 seconds, Stopping threads took: 0.0000175 seconds
2018-08-15T23:22:13.988+0530: 126.577: Application time: 0.4451315 seconds
2018-08-15T23:22:13.988+0530: 126.577: Total time for which application threads were stopped: 0.0000965 seconds, Stopping threads took: 0.0000329 seconds
2018-08-15T23:22:14.441+0530: 127.029: Application time: 0.4523116 seconds
2018-08-15T23:22:14.441+0530: 127.029: [GC (Allocation Failure) AdaptiveSizePolicy::update_averages:  survived: 28113488  promoted: 16384  overflow: false
AdaptiveSizeStart: 127.036 collection: 270 
  avg_survived_padded_avg: 69281248.000000  avg_promoted_padded_avg: 12417628.000000  avg_pretenured_padded_avg: 0.000000  tenuring_thresh: 15  target_size: 69730304

Desired survivor size 69730304 bytes, new threshold 15 (max 15)
PSAdaptiveSizePolicy::compute_eden_space_size limits: desired_eden_size: 1327464598 old_eden_size: 1296564224 eden_limit: 1251999744 cur_eden: 1251999744 max_eden_size: 1251999744 avg_young_live: 39339948
PSAdaptiveSizePolicy::compute_eden_space_size: costs minor_time: 0.008837 major_cost: 0.020509 mutator_cost: 0.970655 throughput_goal: 0.990000 live_space: 382942592 free_space: 1386741760 old_eden_size: 1296564224 desired_eden_size: 1251999744
AdaptiveSizePolicy::survivor space sizes: collection: 270 (70254592, 69206016) -> (28311552, 69730304) 
AdaptiveSizeStop: collection: 270 
 1416525K->195712K(1463296K), 0.0063782 secs]
2018-08-15T23:22:14.447+0530: 127.036: Total time for which application threads were stopped: 0.0065041 seconds, Stopping threads took: 0.0000174 seconds
2018-08-15T23:22:14.988+0530: 127.577: Application time: 0.5410150 seconds
2018-08-15T23:22:14.988+0530: 127.577: Total time for which application threads were stopped: 0.0000783 seconds, Stopping threads took: 0.0000323 seconds
2018-08-15T23:22:15.344+0530: 127.933: Application time: 0.3561233 seconds
2018-08-15T23:22:15.345+0530: 127.933: [GC (Allocation Failure) AdaptiveSizePolicy::update_averages:  survived: 27248464  promoted: 8192  overflow: false
AdaptiveSizeStart: 127.939 collection: 271 
  avg_survived_padded_avg: 68342744.000000  avg_promoted_padded_avg: 11862919.000000  avg_pretenured_padded_avg: 0.000000  tenuring_thresh: 15  target_size: 68681728

Desired survivor size 68681728 bytes, new threshold 15 (max 15)
PSAdaptiveSizePolicy::compute_eden_space_size limits: desired_eden_size: 1323552512 old_eden_size: 1251999744 eden_limit: 1294467072 cur_eden: 1251999744 max_eden_size: 1294467072 avg_young_live: 38130800
PSAdaptiveSizePolicy::compute_eden_space_size: costs minor_time: 0.008196 major_cost: 0.020509 mutator_cost: 0.971296 throughput_goal: 0.990000 live_space: 381733440 free_space: 1342177280 old_eden_size: 1251999744 desired_eden_size: 1294467072
AdaptiveSizePolicy::survivor space sizes: collection: 271 (69730304, 28311552) -> (69730304, 68681728) 
AdaptiveSizeStop: collection: 271 
 1418368K->194875K(1504768K), 0.0057352 secs]
2018-08-15T23:22:15.350+0530: 127.939: Total time for which application threads were stopped: 0.0058650 seconds, Stopping threads took: 0.0000170 seconds
2018-08-15T23:22:15.989+0530: 128.577: Application time: 0.6383816 seconds
2018-08-15T23:22:15.989+0530: 128.577: Total time for which application threads were stopped: 0.0000865 seconds, Stopping threads took: 0.0000411 seconds
2018-08-15T23:22:16.227+0530: 128.816: Application time: 0.2384138 seconds
2018-08-15T23:22:16.227+0530: 128.816: [GC (Allocation Failure) AdaptiveSizePolicy::update_averages:  survived: 25074504  promoted: 8192  overflow: false
AdaptiveSizeStart: 128.822 collection: 272 
  avg_survived_padded_avg: 67541184.000000  avg_promoted_padded_avg: 11295057.000000  avg_pretenured_padded_avg: 0.000000  tenuring_thresh: 15  target_size: 67633152

Desired survivor size 67633152 bytes, new threshold 15 (max 15)
PSAdaptiveSizePolicy::compute_eden_space_size limits: desired_eden_size: 1322649351 old_eden_size: 1294467072 eden_limit: 1254096896 cur_eden: 1253048320 max_eden_size: 1254096896 avg_young_live: 36825172
PSAdaptiveSizePolicy::compute_eden_space_size: costs minor_time: 0.007886 major_cost: 0.020509 mutator_cost: 0.971605 throughput_goal: 0.990000 live_space: 380427840 free_space: 1384644608 old_eden_size: 1294467072 desired_eden_size: 1254096896
AdaptiveSizePolicy::survivor space sizes: collection: 272 (68681728, 67633152) -> (68681728, 67633152) 
AdaptiveSizeStop: collection: 272 
 1418555K->192760K(1503744K), 0.0062237 secs]
2018-08-15T23:22:16.234+0530: 128.822: Total time for which application threads were stopped: 0.0063377 seconds, Stopping threads took: 0.0000170 seconds
2018-08-15T23:22:16.989+0530: 129.577: Application time: 0.7554194 seconds
2018-08-15T23:22:16.989+0530: 129.578: Total time for which application threads were stopped: 0.0000933 seconds, Stopping threads took: 0.0000454 seconds
2018-08-15T23:22:17.134+0530: 129.723: Application time: 0.1453138 seconds
2018-08-15T23:22:17.134+0530: 129.723: [GC (Allocation Failure) AdaptiveSizePolicy::update_averages:  survived: 22577624  promoted: 5271064  overflow: false
AdaptiveSizeStart: 129.729 collection: 273 
  avg_survived_padded_avg: 66891724.000000  avg_promoted_padded_avg: 11557783.000000  avg_pretenured_padded_avg: 0.000000  tenuring_thresh: 15  target_size: 67108864

Desired survivor size 67108864 bytes, new threshold 15 (max 15)
PSAdaptiveSizePolicy::compute_eden_space_size limits: desired_eden_size: 1321472866 old_eden_size: 1254096896 eden_limit: 1256194048 cur_eden: 1253048320 max_eden_size: 1256194048 avg_young_live: 35400420
PSAdaptiveSizePolicy::compute_eden_space_size: costs minor_time: 0.007703 major_cost: 0.020509 mutator_cost: 0.971789 throughput_goal: 0.990000 live_space: 379003072 free_space: 1344274432 old_eden_size: 1254096896 desired_eden_size: 1256194048
AdaptiveSizePolicy::survivor space sizes: collection: 273 (67633152, 68681728) -> (67633152, 67108864) 
AdaptiveSizeStop: collection: 273 
 1416440K->195470K(1504256K), 0.0065628 secs]
2018-08-15T23:22:17.141+0530: 129.730: Total time for which application threads were stopped: 0.0066594 seconds, Stopping threads took: 0.0000174 seconds
2018-08-15T23:22:17.989+0530: 130.577: Application time: 0.8478135 seconds
2018-08-15T23:22:17.989+0530: 130.577: Total time for which application threads were stopped: 0.0001059 seconds, Stopping threads took: 0.0000408 seconds
2018-08-15T23:22:18.038+0530: 130.626: Application time: 0.0487560 seconds
2018-08-15T23:22:18.038+0530: 130.626: [GC (Allocation Failure) AdaptiveSizePolicy::update_averages:  survived: 23485536  promoted: 8192  overflow: false
AdaptiveSizeStart: 130.631 collection: 274 
  avg_survived_padded_avg: 65768172.000000  avg_promoted_padded_avg: 11045186.000000  avg_pretenured_padded_avg: 0.000000  tenuring_thresh: 15  target_size: 66060288

Desired survivor size 66060288 bytes, new threshold 15 (max 15)
PSAdaptiveSizePolicy::compute_eden_space_size limits: desired_eden_size: 1319161055 old_eden_size: 1256194048 eden_limit: 1257766912 cur_eden: 1254621184 max_eden_size: 1257766912 avg_young_live: 34208932
PSAdaptiveSizePolicy::compute_eden_space_size: costs minor_time: 0.007094 major_cost: 0.020509 mutator_cost: 0.972398 throughput_goal: 0.990000 live_space: 377811584 free_space: 1346371584 old_eden_size: 1256194048 desired_eden_size: 1257766912
AdaptiveSizePolicy::survivor space sizes: collection: 274 (67108864, 67633152) -> (67108864, 66060288) 
AdaptiveSizeStop: collection: 274 
 1420686K->196364K(1503744K), 0.0048313 secs]
2018-08-15T23:22:18.043+0530: 130.631: Total time for which application threads were stopped: 0.0049652 seconds, Stopping threads took: 0.0000177 seconds
2018-08-15T23:22:18.942+0530: 131.530: Application time: 0.8992035 seconds
2018-08-15T23:22:18.942+0530: 131.530: [GC (Allocation Failure) AdaptiveSizePolicy::update_averages:  survived: 25247912  promoted: 8192  overflow: false
AdaptiveSizeStart: 131.537 collection: 275 
  avg_survived_padded_avg: 64135668.000000  avg_promoted_padded_avg: 10519613.000000  avg_pretenured_padded_avg: 0.000000  tenuring_thresh: 15  target_size: 64487424

Desired survivor size 64487424 bytes, new threshold 15 (max 15)
PSAdaptiveSizePolicy::compute_eden_space_size limits: desired_eden_size: 1318563412 old_eden_size: 1257766912 eden_limit: 1259339776 cur_eden: 1254621184 max_eden_size: 1259339776 avg_young_live: 33312832
PSAdaptiveSizePolicy::compute_eden_space_size: costs minor_time: 0.007006 major_cost: 0.020509 mutator_cost: 0.972486 throughput_goal: 0.990000 live_space: 376915456 free_space: 1347944448 old_eden_size: 1257766912 desired_eden_size: 1259339776
AdaptiveSizePolicy::survivor space sizes: collection: 275 (64487424, 67108864) -> (64487424, 64487424) 
AdaptiveSizeStop: collection: 275 
 1421580K->198093K(1505792K), 0.0061843 secs]
2018-08-15T23:22:18.948+0530: 131.537: Total time for which application threads were stopped: 0.0063038 seconds, Stopping threads took: 0.0000190 seconds
2018-08-15T23:22:18.989+0530: 131.578: Application time: 0.0409947 seconds
2018-08-15T23:22:18.989+0530: 131.578: Total time for which application threads were stopped: 0.0001386 seconds, Stopping threads took: 0.0000647 seconds
2018-08-15T23:22:19.849+0530: 132.437: Application time: 0.8593177 seconds
2018-08-15T23:22:19.849+0530: 132.437: [GC (Allocation Failure) AdaptiveSizePolicy::update_averages:  survived: 24490720  promoted: 8192  overflow: false
AdaptiveSizeStart: 132.442 collection: 276 
  avg_survived_padded_avg: 62553184.000000  avg_promoted_padded_avg: 9988784.000000  avg_pretenured_padded_avg: 0.000000  tenuring_thresh: 15  target_size: 62914560

Desired survivor size 62914560 bytes, new threshold 15 (max 15)
PSAdaptiveSizePolicy::compute_eden_space_size limits: desired_eden_size: 1321024566 old_eden_size: 1259339776 eden_limit: 1263534080 cur_eden: 1259339776 max_eden_size: 1263534080 avg_young_live: 32430620
PSAdaptiveSizePolicy::compute_eden_space_size: costs minor_time: 0.006641 major_cost: 0.020509 mutator_cost: 0.972850 throughput_goal: 0.990000 live_space: 376033280 free_space: 1349517312 old_eden_size: 1259339776 desired_eden_size: 1263534080
AdaptiveSizePolicy::survivor space sizes: collection: 276 (64487424, 64487424) -> (64487424, 62914560) 
AdaptiveSizeStop: collection: 276 
 1427917K->197362K(1505792K), 0.0051186 secs]
2018-08-15T23:22:19.854+0530: 132.442: Total time for which application threads were stopped: 0.0052478 seconds, Stopping threads took: 0.0000182 seconds
2018-08-15T23:22:19.994+0530: 132.583: Application time: 0.1404253 seconds
2018-08-15T23:22:19.994+0530: 132.583: Total time for which application threads were stopped: 0.0001083 seconds, Stopping threads took: 0.0000420 seconds
2018-08-15T23:22:20.739+0530: 133.328: Application time: 0.7448555 seconds
2018-08-15T23:22:20.739+0530: 133.328: [GC (Allocation Failure) AdaptiveSizePolicy::update_averages:  survived: 26338968  promoted: 8192  overflow: false
AdaptiveSizeStart: 133.333 collection: 277 
  avg_survived_padded_avg: 60576540.000000  avg_promoted_padded_avg: 9459008.000000  avg_pretenured_padded_avg: 0.000000  tenuring_thresh: 15  target_size: 60817408

Desired survivor size 60817408 bytes, new threshold 15 (max 15)
PSAdaptiveSizePolicy::compute_eden_space_size limits: desired_eden_size: 1318967253 old_eden_size: 1263534080 eden_limit: 1265106944 cur_eden: 1259339776 max_eden_size: 1265106944 avg_young_live: 31821454
PSAdaptiveSizePolicy::compute_eden_space_size: costs minor_time: 0.006351 major_cost: 0.020509 mutator_cost: 0.973140 throughput_goal: 0.990000 live_space: 375424064 free_space: 1353711616 old_eden_size: 1263534080 desired_eden_size: 1265106944
AdaptiveSizePolicy::survivor space sizes: collection: 277 (60293120, 64487424) -> (60293120, 60817408) 
AdaptiveSizeStop: collection: 277 
 1425280K->199175K(1507328K), 0.0049711 secs]
2018-08-15T23:22:20.744+0530: 133.333: Total time for which application threads were stopped: 0.0050958 seconds, Stopping threads took: 0.0000155 seconds
2018-08-15T23:22:20.990+0530: 133.578: Application time: 0.2450662 seconds
2018-08-15T23:22:20.990+0530: 133.578: Total time for which application threads were stopped: 0.0001130 seconds, Stopping threads took: 0.0000453 seconds
2018-08-15T23:22:20.991+0530: 133.579: Application time: 0.0010524 seconds
2018-08-15T23:22:20.991+0530: 133.579: Total time for which application threads were stopped: 0.0000582 seconds, Stopping threads took: 0.0000281 seconds
2018-08-15T23:22:21.600+0530: 134.189: Application time: 0.6097122 seconds
2018-08-15T23:22:21.601+0530: 134.189: [GC (Allocation Failure) AdaptiveSizePolicy::update_averages:  survived: 29625848  promoted: 8192  overflow: false
AdaptiveSizeStart: 134.197 collection: 278 
  avg_survived_padded_avg: 58074316.000000  avg_promoted_padded_avg: 8935381.000000  avg_pretenured_padded_avg: 0.000000  tenuring_thresh: 15  target_size: 58195968

Desired survivor size 58195968 bytes, new threshold 15 (max 15)
PSAdaptiveSizePolicy::compute_eden_space_size limits: desired_eden_size: 1329098342 old_eden_size: 1265106944 eden_limit: 1271398400 cur_eden: 1265106944 max_eden_size: 1271398400 avg_young_live: 31601892
PSAdaptiveSizePolicy::compute_eden_space_size: costs minor_time: 0.006935 major_cost: 0.020509 mutator_cost: 0.972556 throughput_goal: 0.990000 live_space: 375204544 free_space: 1355284480 old_eden_size: 1265106944 desired_eden_size: 1271398400
AdaptiveSizePolicy::survivor space sizes: collection: 278 (60817408, 60293120) -> (60817408, 58195968) 
AdaptiveSizeStop: collection: 278 
 1434631K->202393K(1507840K), 0.0076033 secs]
2018-08-15T23:22:21.608+0530: 134.197: Total time for which application threads were stopped: 0.0077611 seconds, Stopping threads took: 0.0000168 seconds
2018-08-15T23:22:21.990+0530: 134.578: Application time: 0.3814743 seconds
2018-08-15T23:22:21.990+0530: 134.578: Total time for which application threads were stopped: 0.0001709 seconds, Stopping threads took: 0.0000618 seconds
2018-08-15T23:22:22.519+0530: 135.108: Application time: 0.5295409 seconds
2018-08-15T23:22:22.519+0530: 135.108: [GC (Allocation Failure) AdaptiveSizePolicy::update_averages:  survived: 32373416  promoted: 8192  overflow: false
AdaptiveSizeStart: 135.115 collection: 279 
  avg_survived_padded_avg: 55712508.000000  avg_promoted_padded_avg: 8421971.000000  avg_pretenured_padded_avg: 0.000000  tenuring_thresh: 15  target_size: 56098816

Desired survivor size 56098816 bytes, new threshold 15 (max 15)
PSAdaptiveSizePolicy::compute_eden_space_size limits: desired_eden_size: 1330353699 old_eden_size: 1271398400 eden_limit: 1273495552 cur_eden: 1265106944 max_eden_size: 1273495552 avg_young_live: 31679044
PSAdaptiveSizePolicy::compute_eden_space_size: costs minor_time: 0.007118 major_cost: 0.020509 mutator_cost: 0.972373 throughput_goal: 0.990000 live_space: 375281664 free_space: 1361575936 old_eden_size: 1271398400 desired_eden_size: 1273495552
AdaptiveSizePolicy::survivor space sizes: collection: 279 (56098816, 60817408) -> (56098816, 56098816) 
AdaptiveSizeStop: collection: 279 
 1437849K->205084K(1511424K), 0.0071494 secs]
2018-08-15T23:22:22.527+0530: 135.115: Total time for which application threads were stopped: 0.0072887 seconds, Stopping threads took: 0.0000185 seconds
2018-08-15T23:22:22.990+0530: 135.578: Application time: 0.4631176 seconds
2018-08-15T23:22:22.990+0530: 135.578: Total time for which application threads were stopped: 0.0001167 seconds, Stopping threads took: 0.0000713 seconds
2018-08-15T23:22:23.440+0530: 136.029: Application time: 0.4504054 seconds
2018-08-15T23:22:23.440+0530: 136.029: [GC (Allocation Failure) AdaptiveSizePolicy::update_averages:  survived: 33465528  promoted: 0  overflow: false
AdaptiveSizeStart: 136.036 collection: 280 
  avg_survived_padded_avg: 53970136.000000  avg_promoted_padded_avg: 8294715.000000  avg_pretenured_padded_avg: 0.000000  tenuring_thresh: 15  target_size: 54001664

Desired survivor size 54001664 bytes, new threshold 15 (max 15)
PSAdaptiveSizePolicy::compute_eden_space_size limits: desired_eden_size: 1339793301 old_eden_size: 1273495552 eden_limit: 1280311296 cur_eden: 1273495552 max_eden_size: 1280311296 avg_young_live: 31857692
PSAdaptiveSizePolicy::compute_eden_space_size: costs minor_time: 0.007213 major_cost: 0.020509 mutator_cost: 0.972278 throughput_goal: 0.990000 live_space: 375460352 free_space: 1363673088 old_eden_size: 1273495552 desired_eden_size: 1280311296
AdaptiveSizePolicy::survivor space sizes: collection: 280 (56098816, 56098816) -> (56098816, 54001664) 
AdaptiveSizeStop: collection: 280 
 1448732K->206150K(1511424K), 0.0069802 secs]
2018-08-15T23:22:23.447+0530: 136.036: Total time for which application threads were stopped: 0.0071194 seconds, Stopping threads took: 0.0000179 seconds
2018-08-15T23:22:23.990+0530: 136.578: Application time: 0.5424011 seconds
2018-08-15T23:22:23.990+0530: 136.578: Total time for which application threads were stopped: 0.0001359 seconds, Stopping threads took: 0.0000526 seconds
2018-08-15T23:22:24.360+0530: 136.949: Application time: 0.3702207 seconds
2018-08-15T23:22:24.360+0530: 136.949: [GC (Allocation Failure) AdaptiveSizePolicy::update_averages:  survived: 35044048  promoted: 8192  overflow: false
AdaptiveSizeStart: 136.957 collection: 281 
  avg_survived_padded_avg: 52937816.000000  avg_promoted_padded_avg: 7773082.000000  avg_pretenured_padded_avg: 0.000000  tenuring_thresh: 15  target_size: 52953088

Desired survivor size 52953088 bytes, new threshold 15 (max 15)
PSAdaptiveSizePolicy::compute_eden_space_size limits: desired_eden_size: 1342080987 old_eden_size: 1280311296 eden_limit: 1282408448 cur_eden: 1273495552 max_eden_size: 1282408448 avg_young_live: 32176328
PSAdaptiveSizePolicy::compute_eden_space_size: costs minor_time: 0.007554 major_cost: 0.020509 mutator_cost: 0.971938 throughput_goal: 0.990000 live_space: 375778944 free_space: 1370488832 old_eden_size: 1280311296 desired_eden_size: 1282408448
AdaptiveSizePolicy::survivor space sizes: collection: 281 (54001664, 56098816) -> (54001664, 52953088) 
AdaptiveSizeStop: collection: 281 
 1449798K->207700K(1517056K), 0.0079599 secs]
2018-08-15T23:22:24.368+0530: 136.957: Total time for which application threads were stopped: 0.0080831 seconds, Stopping threads took: 0.0000172 seconds
2018-08-15T23:22:24.990+0530: 137.579: Application time: 0.6218183 seconds
2018-08-15T23:22:24.990+0530: 137.579: Total time for which application threads were stopped: 0.0001081 seconds, Stopping threads took: 0.0000350 seconds
2018-08-15T23:22:25.283+0530: 137.872: Application time: 0.2928419 seconds
2018-08-15T23:22:25.283+0530: 137.872: [GC (Allocation Failure) AdaptiveSizePolicy::update_averages:  survived: 33831920  promoted: 8192  overflow: false
AdaptiveSizeStart: 137.879 collection: 282 
  avg_survived_padded_avg: 51474216.000000  avg_promoted_padded_avg: 7272910.000000  avg_pretenured_padded_avg: 0.000000  tenuring_thresh: 15  target_size: 51904512

Desired survivor size 51904512 bytes, new threshold 15 (max 15)
PSAdaptiveSizePolicy::compute_eden_space_size limits: desired_eden_size: 1350320619 old_eden_size: 1282408448 eden_limit: 1285554176 cur_eden: 1281359872 max_eden_size: 1285554176 avg_young_live: 32341886
PSAdaptiveSizePolicy::compute_eden_space_size: costs minor_time: 0.007546 major_cost: 0.020509 mutator_cost: 0.971945 throughput_goal: 0.990000 live_space: 375944512 free_space: 1372585984 old_eden_size: 1282408448 desired_eden_size: 1285554176
AdaptiveSizePolicy::survivor space sizes: collection: 282 (52953088, 54001664) -> (52953088, 51904512) 
AdaptiveSizeStop: collection: 282 
 1459028K->206524K(1516032K), 0.0070289 secs]
2018-08-15T23:22:25.290+0530: 137.879: Total time for which application threads were stopped: 0.0072455 seconds, Stopping threads took: 0.0000171 seconds
2018-08-15T23:22:25.991+0530: 138.579: Application time: 0.7003416 seconds
2018-08-15T23:22:25.991+0530: 138.579: Total time for which application threads were stopped: 0.0000794 seconds, Stopping threads took: 0.0000338 seconds
2018-08-15T23:22:26.189+0530: 138.777: Application time: 0.1977745 seconds
2018-08-15T23:22:26.189+0530: 138.777: [GC (Allocation Failure) AdaptiveSizePolicy::update_averages:  survived: 37714336  promoted: 8192  overflow: false
AdaptiveSizeStart: 138.786 collection: 283 
  avg_survived_padded_avg: 51548768.000000  avg_promoted_padded_avg: 6795123.500000  avg_pretenured_padded_avg: 0.000000  tenuring_thresh: 15  target_size: 51904512

Desired survivor size 51904512 bytes, new threshold 15 (max 15)
PSAdaptiveSizePolicy::compute_eden_space_size limits: desired_eden_size: 1354576842 old_eden_size: 1285554176 eden_limit: 1287651328 cur_eden: 1281359872 max_eden_size: 1287651328 avg_young_live: 32879130
PSAdaptiveSizePolicy::compute_eden_space_size: costs minor_time: 0.008198 major_cost: 0.020509 mutator_cost: 0.971293 throughput_goal: 0.990000 live_space: 376481792 free_space: 1375731712 old_eden_size: 1285554176 desired_eden_size: 1287651328
AdaptiveSizePolicy::survivor space sizes: collection: 283 (51904512, 52953088) -> (51904512, 51904512) 
AdaptiveSizeStop: collection: 283 
 1457852K->210324K(1519104K), 0.0093125 secs]
2018-08-15T23:22:26.198+0530: 138.786: Total time for which application threads were stopped: 0.0094561 seconds, Stopping threads took: 0.0000181 seconds
2018-08-15T23:22:26.992+0530: 139.580: Application time: 0.7940397 seconds
2018-08-15T23:22:26.992+0530: 139.581: Total time for which application threads were stopped: 0.0000867 seconds, Stopping threads took: 0.0000398 seconds
2018-08-15T23:22:27.110+0530: 139.698: Application time: 0.1175328 seconds
2018-08-15T23:22:27.110+0530: 139.698: [GC (Allocation Failure) AdaptiveSizePolicy::update_averages:  survived: 39183856  promoted: 16384  overflow: false
AdaptiveSizeStart: 139.712 collection: 284 
  avg_survived_padded_avg: 52014536.000000  avg_promoted_padded_avg: 6338855.000000  avg_pretenured_padded_avg: 0.000000  tenuring_thresh: 15  target_size: 52428800

Desired survivor size 52428800 bytes, new threshold 15 (max 15)
PSAdaptiveSizePolicy::compute_eden_space_size limits: desired_eden_size: 1369285628 old_eden_size: 1287651328 eden_limit: 1288699904 cur_eden: 1285554176 max_eden_size: 1288699904 avg_young_live: 33509602
PSAdaptiveSizePolicy::compute_eden_space_size: costs minor_time: 0.009887 major_cost: 0.020509 mutator_cost: 0.969605 throughput_goal: 0.990000 live_space: 377112256 free_space: 1377828864 old_eden_size: 1287651328 desired_eden_size: 1288699904
AdaptiveSizePolicy::survivor space sizes: collection: 284 (51904512, 51904512) -> (51904512, 52428800) 
AdaptiveSizeStop: collection: 284 
 1465218K->211775K(1519104K), 0.0139304 secs]
2018-08-15T23:22:27.124+0530: 139.712: Total time for which application threads were stopped: 0.0140465 seconds, Stopping threads took: 0.0000173 seconds
2018-08-15T23:22:27.991+0530: 140.579: Application time: 0.8669452 seconds
2018-08-15T23:22:27.991+0530: 140.579: Total time for which application threads were stopped: 0.0000950 seconds, Stopping threads took: 0.0000407 seconds
2018-08-15T23:22:28.043+0530: 140.632: Application time: 0.0524887 seconds
2018-08-15T23:22:28.043+0530: 140.632: [GC (Allocation Failure) AdaptiveSizePolicy::update_averages:  survived: 41131608  promoted: 8192  overflow: false
AdaptiveSizeStart: 140.640 collection: 285 
  avg_survived_padded_avg: 52984168.000000  avg_promoted_padded_avg: 5907445.000000  avg_pretenured_padded_avg: 0.000000  tenuring_thresh: 15  target_size: 53477376

Desired survivor size 53477376 bytes, new threshold 15 (max 15)
PSAdaptiveSizePolicy::compute_eden_space_size limits: desired_eden_size: 1368516525 old_eden_size: 1288699904 eden_limit: 1288175616 cur_eden: 1285554176 max_eden_size: 1288175616 avg_young_live: 34271800
PSAdaptiveSizePolicy::compute_eden_space_size: costs minor_time: 0.009753 major_cost: 0.020509 mutator_cost: 0.969739 throughput_goal: 0.990000 live_space: 377874432 free_space: 1378877440 old_eden_size: 1288699904 desired_eden_size: 1288175616
AdaptiveSizePolicy::survivor space sizes: collection: 285 (52428800, 51904512) -> (52428800, 53477376) 
AdaptiveSizeStop: collection: 285 
 1467199K->213685K(1519616K), 0.0087640 secs]
2018-08-15T23:22:28.052+0530: 140.641: Total time for which application threads were stopped: 0.0088896 seconds, Stopping threads took: 0.0000213 seconds
2018-08-15T23:22:28.972+0530: 141.561: Application time: 0.9201266 seconds
2018-08-15T23:22:28.972+0530: 141.561: [GC (Allocation Failure) AdaptiveSizePolicy::update_averages:  survived: 40373696  promoted: 8192  overflow: false
AdaptiveSizeStart: 141.571 collection: 286 
  avg_survived_padded_avg: 53370616.000000  avg_promoted_padded_avg: 5499010.500000  avg_pretenured_padded_avg: 0.000000  tenuring_thresh: 15  target_size: 53477376

Desired survivor size 53477376 bytes, new threshold 15 (max 15)
PSAdaptiveSizePolicy::compute_eden_space_size limits: desired_eden_size: 1370922801 old_eden_size: 1288175616 eden_limit: 1286602752 cur_eden: 1285554176 max_eden_size: 1286602752 avg_young_live: 34881988
PSAdaptiveSizePolicy::compute_eden_space_size: costs minor_time: 0.010176 major_cost: 0.020509 mutator_cost: 0.969315 throughput_goal: 0.990000 live_space: 378484608 free_space: 1378353152 old_eden_size: 1288175616 desired_eden_size: 1286602752
AdaptiveSizePolicy::survivor space sizes: collection: 286 (53477376, 52428800) -> (53477376, 53477376) 
AdaptiveSizeStop: collection: 286 
 1469109K->212953K(1520640K), 0.0107233 secs]
2018-08-15T23:22:28.983+0530: 141.572: Total time for which application threads were stopped: 0.0108905 seconds, Stopping threads took: 0.0000176 seconds
2018-08-15T23:22:28.991+0530: 141.579: Application time: 0.0078825 seconds
2018-08-15T23:22:28.991+0530: 141.580: Total time for which application threads were stopped: 0.0000899 seconds, Stopping threads took: 0.0000419 seconds
2018-08-15T23:22:29.879+0530: 142.468: Application time: 0.8883515 seconds
2018-08-15T23:22:29.880+0530: 142.468: [GC (Allocation Failure) AdaptiveSizePolicy::update_averages:  survived: 38547080  promoted: 8192  overflow: false
AdaptiveSizeStart: 142.475 collection: 287 
  avg_survived_padded_avg: 52877824.000000  avg_promoted_padded_avg: 5113270.500000  avg_pretenured_padded_avg: 0.000000  tenuring_thresh: 15  target_size: 52953088

Desired survivor size 52953088 bytes, new threshold 15 (max 15)
PSAdaptiveSizePolicy::compute_eden_space_size limits: desired_eden_size: 1368146794 old_eden_size: 1286602752 eden_limit: 1285554176 cur_eden: 1285554176 max_eden_size: 1285554176 avg_young_live: 35248496
PSAdaptiveSizePolicy::compute_eden_space_size: costs minor_time: 0.009689 major_cost: 0.020509 mutator_cost: 0.969803 throughput_goal: 0.990000 live_space: 378851136 free_space: 1376780288 old_eden_size: 1286602752 desired_eden_size: 1285554176
AdaptiveSizePolicy::survivor space sizes: collection: 287 (52428800, 53477376) -> (52428800, 52953088) 
AdaptiveSizeStop: collection: 287 
 1468377K->211177K(1519616K), 0.0075399 secs]
2018-08-15T23:22:29.887+0530: 142.476: Total time for which application threads were stopped: 0.0076734 seconds, Stopping threads took: 0.0000182 seconds
2018-08-15T23:22:29.991+0530: 142.579: Application time: 0.1035708 seconds
2018-08-15T23:22:29.991+0530: 142.579: Total time for which application threads were stopped: 0.0001149 seconds, Stopping threads took: 0.0000464 seconds
2018-08-15T23:22:30.809+0530: 143.398: Application time: 0.8184385 seconds
2018-08-15T23:22:30.809+0530: 143.398: [GC (Allocation Failure) AdaptiveSizePolicy::update_averages:  survived: 41260280  promoted: 8192  overflow: false
AdaptiveSizeStart: 143.406 collection: 288 
  avg_survived_padded_avg: 53339240.000000  avg_promoted_padded_avg: 4749770.000000  avg_pretenured_padded_avg: 0.000000  tenuring_thresh: 15  target_size: 53477376

Desired survivor size 53477376 bytes, new threshold 15 (max 15)
PSAdaptiveSizePolicy::compute_eden_space_size limits: desired_eden_size: 1366246963 old_eden_size: 1285554176 eden_limit: 1287127040 cur_eden: 1285554176 max_eden_size: 1287127040 avg_young_live: 35849676
PSAdaptiveSizePolicy::compute_eden_space_size: costs minor_time: 0.009364 major_cost: 0.020509 mutator_cost: 0.970127 throughput_goal: 0.990000 live_space: 379452288 free_space: 1375731712 old_eden_size: 1285554176 desired_eden_size: 1287127040
AdaptiveSizePolicy::survivor space sizes: collection: 288 (52953088, 52428800) -> (52953088, 53477376) 
AdaptiveSizeStop: collection: 288 
 1466601K->213834K(1520128K), 0.0078775 secs]
2018-08-15T23:22:30.817+0530: 143.406: Total time for which application threads were stopped: 0.0079870 seconds, Stopping threads took: 0.0000153 seconds
2018-08-15T23:22:30.991+0530: 143.579: Application time: 0.1735747 seconds
2018-08-15T23:22:30.991+0530: 143.579: Total time for which application threads were stopped: 0.0000826 seconds, Stopping threads took: 0.0000342 seconds
2018-08-15T23:22:30.992+0530: 143.580: Application time: 0.0010589 seconds
2018-08-15T23:22:30.992+0530: 143.581: Total time for which application threads were stopped: 0.0001332 seconds, Stopping threads took: 0.0000858 seconds
2018-08-15T23:22:31.741+0530: 144.329: Application time: 0.7484506 seconds
2018-08-15T23:22:31.741+0530: 144.329: [GC (Allocation Failure) AdaptiveSizePolicy::update_averages:  survived: 42244224  promoted: 8192  overflow: false
AdaptiveSizeStart: 144.337 collection: 289 
  avg_survived_padded_avg: 53956256.000000  avg_promoted_padded_avg: 4407919.000000  avg_pretenured_padded_avg: 0.000000  tenuring_thresh: 15  target_size: 54001664

Desired survivor size 54001664 bytes, new threshold 15 (max 15)
PSAdaptiveSizePolicy::compute_eden_space_size limits: desired_eden_size: 1365453744 old_eden_size: 1287127040 eden_limit: 1286078464 cur_eden: 1285554176 max_eden_size: 1286078464 avg_young_live: 36489132
PSAdaptiveSizePolicy::compute_eden_space_size: costs minor_time: 0.009230 major_cost: 0.020509 mutator_cost: 0.970261 throughput_goal: 0.990000 live_space: 380091776 free_space: 1377304576 old_eden_size: 1287127040 desired_eden_size: 1286078464
AdaptiveSizePolicy::survivor space sizes: collection: 289 (53477376, 52953088) -> (53477376, 54001664) 
AdaptiveSizeStop: collection: 289 
 1469258K->214803K(1519616K), 0.0082860 secs]
2018-08-15T23:22:31.749+0530: 144.337: Total time for which application threads were stopped: 0.0084031 seconds, Stopping threads took: 0.0000177 seconds
2018-08-15T23:22:31.991+0530: 144.579: Application time: 0.2420632 seconds
2018-08-15T23:22:31.991+0530: 144.580: Total time for which application threads were stopped: 0.0001297 seconds, Stopping threads took: 0.0000445 seconds
2018-08-15T23:22:32.670+0530: 145.259: Application time: 0.6790247 seconds
2018-08-15T23:22:32.670+0530: 145.259: [GC (Allocation Failure) AdaptiveSizePolicy::update_averages:  survived: 44310064  promoted: 0  overflow: false
AdaptiveSizeStart: 145.267 collection: 290 
  avg_survived_padded_avg: 55103276.000000  avg_promoted_padded_avg: 4362997.500000  avg_pretenured_padded_avg: 0.000000  tenuring_thresh: 15  target_size: 55574528

Desired survivor size 55574528 bytes, new threshold 15 (max 15)
PSAdaptiveSizePolicy::compute_eden_space_size limits: desired_eden_size: 1364324325 old_eden_size: 1286078464 eden_limit: 1285029888 cur_eden: 1284505600 max_eden_size: 1285029888 avg_young_live: 37271224
PSAdaptiveSizePolicy::compute_eden_space_size: costs minor_time: 0.009244 major_cost: 0.020509 mutator_cost: 0.970247 throughput_goal: 0.990000 live_space: 380873856 free_space: 1376256000 old_eden_size: 1286078464 desired_eden_size: 1285029888
AdaptiveSizePolicy::survivor space sizes: collection: 290 (54001664, 53477376) -> (44564480, 55574528) 
AdaptiveSizeStop: collection: 290 
 1469203K->216821K(1510912K), 0.0087062 secs]
2018-08-15T23:22:32.679+0530: 145.267: Total time for which application threads were stopped: 0.0088250 seconds, Stopping threads took: 0.0000176 seconds
2018-08-15T23:22:32.991+0530: 145.580: Application time: 0.3122210 seconds
2018-08-15T23:22:32.991+0530: 145.580: Total time for which application threads were stopped: 0.0000994 seconds, Stopping threads took: 0.0000517 seconds
2018-08-15T23:22:33.599+0530: 146.187: Application time: 0.6075945 seconds
2018-08-15T23:22:33.599+0530: 146.187: [GC (Allocation Failure) AdaptiveSizePolicy::update_averages:  survived: 43293688  promoted: 8192  overflow: false
AdaptiveSizeStart: 146.198 collection: 291 
  avg_survived_padded_avg: 55548376.000000  avg_promoted_padded_avg: 4034463.750000  avg_pretenured_padded_avg: 0.000000  tenuring_thresh: 15  target_size: 55574528

Desired survivor size 55574528 bytes, new threshold 15 (max 15)
PSAdaptiveSizePolicy::compute_eden_space_size limits: desired_eden_size: 1367518670 old_eden_size: 1285029888 eden_limit: 1292369920 cur_eden: 1284505600 max_eden_size: 1292369920 avg_young_live: 37873472
PSAdaptiveSizePolicy::compute_eden_space_size: costs minor_time: 0.009791 major_cost: 0.020509 mutator_cost: 0.969700 throughput_goal: 0.990000 live_space: 381476096 free_space: 1375207424 old_eden_size: 1285029888 desired_eden_size: 1292369920
AdaptiveSizePolicy::survivor space sizes: collection: 291 (55574528, 44564480) -> (55574528, 55574528) 
AdaptiveSizeStop: collection: 291 
 1471221K->215836K(1518592K), 0.0107156 secs]
2018-08-15T23:22:33.610+0530: 146.198: Total time for which application threads were stopped: 0.0108307 seconds, Stopping threads took: 0.0000174 seconds
2018-08-15T23:22:33.991+0530: 146.580: Application time: 0.3816274 seconds
2018-08-15T23:22:33.992+0530: 146.580: Total time for which application threads were stopped: 0.0001371 seconds, Stopping threads took: 0.0000756 seconds
2018-08-15T23:22:34.508+0530: 147.096: Application time: 0.5164815 seconds
2018-08-15T23:22:34.508+0530: 147.097: [GC (Allocation Failure) AdaptiveSizePolicy::update_averages:  survived: 43985240  promoted: 8192  overflow: false
AdaptiveSizeStart: 147.106 collection: 292 
  avg_survived_padded_avg: 56042232.000000  avg_promoted_padded_avg: 3728089.250000  avg_pretenured_padded_avg: 0.000000  tenuring_thresh: 15  target_size: 56098816

Desired survivor size 56098816 bytes, new threshold 15 (max 15)
PSAdaptiveSizePolicy::compute_eden_space_size limits: desired_eden_size: 1365180740 old_eden_size: 1292369920 eden_limit: 1281359872 cur_eden: 1281359872 max_eden_size: 1281359872 avg_young_live: 38484648
PSAdaptiveSizePolicy::compute_eden_space_size: costs minor_time: 0.009962 major_cost: 0.020509 mutator_cost: 0.969529 throughput_goal: 0.990000 live_space: 382087296 free_space: 1382547456 old_eden_size: 1292369920 desired_eden_size: 1281359872
AdaptiveSizePolicy::survivor space sizes: collection: 292 (55574528, 55574528) -> (44040192, 56098816) 
AdaptiveSizeStop: collection: 292 
 1467164K->216519K(1507328K), 0.0095745 secs]
2018-08-15T23:22:34.518+0530: 147.106: Total time for which application threads were stopped: 0.0097282 seconds, Stopping threads took: 0.0000175 seconds
2018-08-15T23:22:34.992+0530: 147.580: Application time: 0.4738544 seconds
2018-08-15T23:22:34.992+0530: 147.580: Total time for which application threads were stopped: 0.0001008 seconds, Stopping threads took: 0.0000539 seconds
2018-08-15T23:22:35.442+0530: 148.030: Application time: 0.4499664 seconds
2018-08-15T23:22:35.442+0530: 148.030: [GC (Allocation Failure) AdaptiveSizePolicy::update_averages:  survived: 25744960  promoted: 21026896  overflow: false
AdaptiveSizeStart: 148.042 collection: 293 
  avg_survived_padded_avg: 56452232.000000  avg_promoted_padded_avg: 11046393.000000  avg_pretenured_padded_avg: 0.000000  tenuring_thresh: 15  target_size: 56623104

Desired survivor size 56623104 bytes, new threshold 15 (max 15)
PSAdaptiveSizePolicy::compute_eden_space_size limits: desired_eden_size: 1368275279 old_eden_size: 1281359872 eden_limit: 1292369920 cur_eden: 1281359872 max_eden_size: 1292369920 avg_young_live: 37210680
PSAdaptiveSizePolicy::compute_eden_space_size: costs minor_time: 0.010519 major_cost: 0.020509 mutator_cost: 0.968972 throughput_goal: 0.990000 live_space: 380813312 free_space: 1371537408 old_eden_size: 1281359872 desired_eden_size: 1292369920
AdaptiveSizePolicy::survivor space sizes: collection: 293 (56098816, 44040192) -> (56098816, 56623104) 
AdaptiveSizeStop: collection: 293 
 1467847K->219241K(1517056K), 0.0114702 secs]
2018-08-15T23:22:35.453+0530: 148.042: Total time for which application threads were stopped: 0.0116404 seconds, Stopping threads took: 0.0000174 seconds
2018-08-15T23:22:35.992+0530: 148.580: Application time: 0.5384455 seconds
2018-08-15T23:22:35.992+0530: 148.580: Total time for which application threads were stopped: 0.0001074 seconds, Stopping threads took: 0.0000384 seconds
2018-08-15T23:22:36.367+0530: 148.955: Application time: 0.3749388 seconds
2018-08-15T23:22:36.367+0530: 148.955: [GC (Allocation Failure) AdaptiveSizePolicy::update_averages:  survived: 26988688  promoted: 16384  overflow: false
AdaptiveSizeStart: 148.961 collection: 294 
  avg_survived_padded_avg: 56265824.000000  avg_promoted_padded_avg: 10586649.000000  avg_pretenured_padded_avg: 0.000000  tenuring_thresh: 15  target_size: 56623104

Desired survivor size 56623104 bytes, new threshold 15 (max 15)
PSAdaptiveSizePolicy::compute_eden_space_size limits: desired_eden_size: 1360141991 old_eden_size: 1292369920 eden_limit: 1279787008 cur_eden: 1279262720 max_eden_size: 1279787008 avg_young_live: 36188480
PSAdaptiveSizePolicy::compute_eden_space_size: costs minor_time: 0.009480 major_cost: 0.020509 mutator_cost: 0.970011 throughput_goal: 0.990000 live_space: 379791104 free_space: 1382547456 old_eden_size: 1292369920 desired_eden_size: 1279787008
AdaptiveSizePolicy::survivor space sizes: collection: 294 (56623104, 56098816) -> (56623104, 56623104) 
AdaptiveSizeStop: collection: 294 
 1468521K->220471K(1517568K), 0.0059079 secs]
2018-08-15T23:22:36.373+0530: 148.961: Total time for which application threads were stopped: 0.0060113 seconds, Stopping threads took: 0.0000167 seconds
2018-08-15T23:22:36.992+0530: 149.580: Application time: 0.6190289 seconds
2018-08-15T23:22:36.992+0530: 149.580: Total time for which application threads were stopped: 0.0000976 seconds, Stopping threads took: 0.0000491 seconds
2018-08-15T23:22:37.296+0530: 149.884: Application time: 0.3035773 seconds
2018-08-15T23:22:37.296+0530: 149.884: [GC (Allocation Failure) AdaptiveSizePolicy::update_averages:  survived: 28989256  promoted: 8192  overflow: false
AdaptiveSizeStart: 149.891 collection: 295 
  avg_survived_padded_avg: 55481964.000000  avg_promoted_padded_avg: 10109947.000000  avg_pretenured_padded_avg: 0.000000  tenuring_thresh: 15  target_size: 55574528

Desired survivor size 55574528 bytes, new threshold 15 (max 15)
PSAdaptiveSizePolicy::compute_eden_space_size limits: desired_eden_size: 1356316244 old_eden_size: 1279787008 eden_limit: 1279262720 cur_eden: 1279262720 max_eden_size: 1279262720 avg_young_live: 35468556
PSAdaptiveSizePolicy::compute_eden_space_size: costs minor_time: 0.008838 major_cost: 0.020509 mutator_cost: 0.970653 throughput_goal: 0.990000 live_space: 379071168 free_space: 1369964544 old_eden_size: 1279787008 desired_eden_size: 1279262720
AdaptiveSizePolicy::survivor space sizes: collection: 295 (54525952, 56623104) -> (54525952, 55574528) 
AdaptiveSizeStop: collection: 295 
 1469751K->222433K(1515520K), 0.0065037 secs]
2018-08-15T23:22:37.302+0530: 149.891: Total time for which application threads were stopped: 0.0066286 seconds, Stopping threads took: 0.0000179 seconds
2018-08-15T23:22:37.992+0530: 150.580: Application time: 0.6897518 seconds
2018-08-15T23:22:37.992+0530: 150.580: Total time for which application threads were stopped: 0.0001073 seconds, Stopping threads took: 0.0000392 seconds
2018-08-15T23:22:38.220+0530: 150.809: Application time: 0.2283555 seconds
2018-08-15T23:22:38.220+0530: 150.809: [GC (Allocation Failure) AdaptiveSizePolicy::update_averages:  survived: 28123256  promoted: 8192  overflow: false
AdaptiveSizeStart: 150.816 collection: 296 
  avg_survived_padded_avg: 54729332.000000  avg_promoted_padded_avg: 9622801.000000  avg_pretenured_padded_avg: 0.000000  tenuring_thresh: 15  target_size: 55050240

Desired survivor size 55050240 bytes, new threshold 15 (max 15)
PSAdaptiveSizePolicy::compute_eden_space_size limits: desired_eden_size: 1353744062 old_eden_size: 1279262720 eden_limit: 1282408448 cur_eden: 1279262720 max_eden_size: 1282408448 avg_young_live: 34734024
PSAdaptiveSizePolicy::compute_eden_space_size: costs minor_time: 0.008422 major_cost: 0.020509 mutator_cost: 0.971069 throughput_goal: 0.990000 live_space: 378336640 free_space: 1369440256 old_eden_size: 1279262720 desired_eden_size: 1282408448
AdaptiveSizePolicy::survivor space sizes: collection: 296 (55574528, 54525952) -> (55574528, 55050240) 
AdaptiveSizeStop: collection: 296 
 1471713K->221595K(1516544K), 0.0067113 secs]
2018-08-15T23:22:38.227+0530: 150.816: Total time for which application threads were stopped: 0.0068244 seconds, Stopping threads took: 0.0000171 seconds
2018-08-15T23:22:38.992+0530: 151.581: Application time: 0.7649639 seconds
2018-08-15T23:22:38.992+0530: 151.581: Total time for which application threads were stopped: 0.0001039 seconds, Stopping threads took: 0.0000405 seconds
2018-08-15T23:22:39.121+0530: 151.709: Application time: 0.1284333 seconds
2018-08-15T23:22:39.121+0530: 151.709: [GC (Allocation Failure) AdaptiveSizePolicy::update_averages:  survived: 26361296  promoted: 8192  overflow: false
AdaptiveSizeStart: 151.715 collection: 297 
  avg_survived_padded_avg: 54153168.000000  avg_promoted_padded_avg: 9132067.000000  avg_pretenured_padded_avg: 0.000000  tenuring_thresh: 15  target_size: 54525952

Desired survivor size 54525952 bytes, new threshold 15 (max 15)
PSAdaptiveSizePolicy::compute_eden_space_size limits: desired_eden_size: 1350448681 old_eden_size: 1282408448 eden_limit: 1281884160 cur_eden: 1279262720 max_eden_size: 1281884160 avg_young_live: 33896748
PSAdaptiveSizePolicy::compute_eden_space_size: costs minor_time: 0.007906 major_cost: 0.020509 mutator_cost: 0.971585 throughput_goal: 0.990000 live_space: 377499392 free_space: 1372585984 old_eden_size: 1282408448 desired_eden_size: 1281884160
AdaptiveSizePolicy::survivor space sizes: collection: 297 (53477376, 55574528) -> (53477376, 54525952) 
AdaptiveSizeStop: collection: 297 
 1470875K->219883K(1517056K), 0.0057906 secs]
2018-08-15T23:22:39.127+0530: 151.715: Total time for which application threads were stopped: 0.0059173 seconds, Stopping threads took: 0.0000170 seconds
2018-08-15T23:22:39.992+0530: 152.581: Application time: 0.8655963 seconds
2018-08-15T23:22:39.992+0530: 152.581: Total time for which application threads were stopped: 0.0001042 seconds, Stopping threads took: 0.0000369 seconds
2018-08-15T23:22:40.046+0530: 152.635: Application time: 0.0538044 seconds
2018-08-15T23:22:40.046+0530: 152.635: [GC (Allocation Failure) AdaptiveSizePolicy::update_averages:  survived: 23733952  promoted: 5262872  overflow: false
AdaptiveSizeStart: 152.642 collection: 298 
  avg_survived_padded_avg: 53855212.000000  avg_promoted_padded_avg: 9740257.000000  avg_pretenured_padded_avg: 0.000000  tenuring_thresh: 15  target_size: 54001664

Desired survivor size 54001664 bytes, new threshold 15 (max 15)
PSAdaptiveSizePolicy::compute_eden_space_size limits: desired_eden_size: 1353929420 old_eden_size: 1281884160 eden_limit: 1284505600 cur_eden: 1281884160 max_eden_size: 1284505600 avg_young_live: 32880468
PSAdaptiveSizePolicy::compute_eden_space_size: costs minor_time: 0.008016 major_cost: 0.020509 mutator_cost: 0.971475 throughput_goal: 0.990000 live_space: 376483136 free_space: 1372061696 old_eden_size: 1281884160 desired_eden_size: 1284505600
AdaptiveSizePolicy::survivor space sizes: collection: 298 (54525952, 53477376) -> (54525952, 54001664) 
AdaptiveSizeStop: collection: 298 
 1471723K->222456K(1518080K), 0.0078329 secs]
2018-08-15T23:22:40.054+0530: 152.643: Total time for which application threads were stopped: 0.0079511 seconds, Stopping threads took: 0.0000176 seconds
2018-08-15T23:22:40.970+0530: 153.558: Application time: 0.9156169 seconds
2018-08-15T23:22:40.970+0530: 153.558: [GC (Allocation Failure) AdaptiveSizePolicy::update_averages:  survived: 24684712  promoted: 16384  overflow: false
AdaptiveSizeStart: 153.563 collection: 299 
  avg_survived_padded_avg: 53151024.000000  avg_promoted_padded_avg: 9288823.000000  avg_pretenured_padded_avg: 0.000000  tenuring_thresh: 15  target_size: 53477376

Desired survivor size 53477376 bytes, new threshold 15 (max 15)
PSAdaptiveSizePolicy::compute_eden_space_size limits: desired_eden_size: 1349979699 old_eden_size: 1284505600 eden_limit: 1283981312 cur_eden: 1281884160 max_eden_size: 1283981312 avg_young_live: 32060894
PSAdaptiveSizePolicy::compute_eden_space_size: costs minor_time: 0.007417 major_cost: 0.020509 mutator_cost: 0.972074 throughput_goal: 0.990000 live_space: 375663552 free_space: 1374683136 old_eden_size: 1284505600 desired_eden_size: 1283981312
AdaptiveSizePolicy::survivor space sizes: collection: 299 (52428800, 54525952) -> (52428800, 53477376) 
AdaptiveSizeStop: collection: 299 
 1474296K->223401K(1518080K), 0.0052468 secs]
2018-08-15T23:22:40.975+0530: 153.564: Total time for which application threads were stopped: 0.0053620 seconds, Stopping threads took: 0.0000179 seconds
2018-08-15T23:22:40.992+0530: 153.581: Application time: 0.0173125 seconds
2018-08-15T23:22:40.992+0530: 153.581: Total time for which application threads were stopped: 0.0000831 seconds, Stopping threads took: 0.0000352 seconds
2018-08-15T23:22:40.993+0530: 153.582: Application time: 0.0009281 seconds
2018-08-15T23:22:40.993+0530: 153.582: Total time for which application threads were stopped: 0.0000552 seconds, Stopping threads took: 0.0000261 seconds
2018-08-15T23:22:41.898+0530: 154.486: Application time: 0.9042267 seconds
2018-08-15T23:22:41.898+0530: 154.486: [GC (Allocation Failure) AdaptiveSizePolicy::update_averages:  survived: 26707616  promoted: 8192  overflow: false
AdaptiveSizeStart: 154.493 collection: 300 
  avg_survived_padded_avg: 51952072.000000  avg_promoted_padded_avg: 8831829.000000  avg_pretenured_padded_avg: 0.000000  tenuring_thresh: 15  target_size: 52428800

Desired survivor size 52428800 bytes, new threshold 15 (max 15)
PSAdaptiveSizePolicy::compute_eden_space_size limits: desired_eden_size: 1351364470 old_eden_size: 1283981312 eden_limit: 1286602752 cur_eden: 1283981312 max_eden_size: 1286602752 avg_young_live: 31525566
PSAdaptiveSizePolicy::compute_eden_space_size: costs minor_time: 0.007292 major_cost: 0.020509 mutator_cost: 0.972199 throughput_goal: 0.990000 live_space: 375128192 free_space: 1374158848 old_eden_size: 1283981312 desired_eden_size: 1286602752
AdaptiveSizePolicy::survivor space sizes: collection: 300 (53477376, 52428800) -> (53477376, 52428800) 
AdaptiveSizeStop: collection: 300 
 1477289K->225384K(1519104K), 0.0064978 secs]
2018-08-15T23:22:41.904+0530: 154.493: Total time for which application threads were stopped: 0.0066209 seconds, Stopping threads took: 0.0000186 seconds
2018-08-15T23:22:41.993+0530: 154.581: Application time: 0.0884930 seconds
2018-08-15T23:22:41.993+0530: 154.581: Total time for which application threads were stopped: 0.0001022 seconds, Stopping threads took: 0.0000424 seconds
2018-08-15T23:22:42.823+0530: 155.412: Application time: 0.8303532 seconds
2018-08-15T23:22:42.823+0530: 155.412: [GC (Allocation Failure) AdaptiveSizePolicy::update_averages:  survived: 25799720  promoted: 0  overflow: false
AdaptiveSizeStart: 155.417 collection: 301 
  avg_survived_padded_avg: 50882820.000000  avg_promoted_padded_avg: 8673986.000000  avg_pretenured_padded_avg: 0.000000  tenuring_thresh: 15  target_size: 51380224

Desired survivor size 51380224 bytes, new threshold 15 (max 15)
PSAdaptiveSizePolicy::compute_eden_space_size limits: desired_eden_size: 1348755728 old_eden_size: 1286602752 eden_limit: 1286602752 cur_eden: 1283981312 max_eden_size: 1286602752 avg_young_live: 30952982
PSAdaptiveSizePolicy::compute_eden_space_size: costs minor_time: 0.006914 major_cost: 0.020509 mutator_cost: 0.972577 throughput_goal: 0.990000 live_space: 374555648 free_space: 1376780288 old_eden_size: 1286602752 desired_eden_size: 1286602752
AdaptiveSizePolicy::survivor space sizes: collection: 301 (50331648, 53477376) -> (50331648, 51380224) 
AdaptiveSizeStop: collection: 301 
 1479272K->224498K(1518592K), 0.0054197 secs]
2018-08-15T23:22:42.829+0530: 155.417: Total time for which application threads were stopped: 0.0055310 seconds, Stopping threads took: 0.0000178 seconds
2018-08-15T23:22:42.993+0530: 155.581: Application time: 0.1639728 seconds
2018-08-15T23:22:42.993+0530: 155.581: Total time for which application threads were stopped: 0.0000974 seconds, Stopping threads took: 0.0000481 seconds
2018-08-15T23:22:43.662+0530: 156.251: Application time: 0.6696118 seconds
2018-08-15T23:22:43.663+0530: 156.251: [GC (Allocation Failure) AdaptiveSizePolicy::update_averages:  survived: 28642848  promoted: 8192  overflow: false
AdaptiveSizeStart: 156.260 collection: 302 
  avg_survived_padded_avg: 49282560.000000  avg_promoted_padded_avg: 8188752.000000  avg_pretenured_padded_avg: 0.000000  tenuring_thresh: 15  target_size: 49283072

Desired survivor size 49283072 bytes, new threshold 15 (max 15)
PSAdaptiveSizePolicy::compute_eden_space_size limits: desired_eden_size: 1356989652 old_eden_size: 1286602752 eden_limit: 1290797056 cur_eden: 1286602752 max_eden_size: 1290797056 avg_young_live: 30721968
PSAdaptiveSizePolicy::compute_eden_space_size: costs minor_time: 0.007718 major_cost: 0.020509 mutator_cost: 0.971773 throughput_goal: 0.990000 live_space: 374324608 free_space: 1376780288 old_eden_size: 1286602752 desired_eden_size: 1290797056
AdaptiveSizePolicy::survivor space sizes: collection: 302 (51380224, 50331648) -> (51380224, 49283072) 
AdaptiveSizeStop: collection: 302 
 1480946K->227282K(1519616K), 0.0085968 secs]
2018-08-15T23:22:43.671+0530: 156.260: Total time for which application threads were stopped: 0.0087166 seconds, Stopping threads took: 0.0000176 seconds
2018-08-15T23:22:43.995+0530: 156.583: Application time: 0.3234773 seconds
2018-08-15T23:22:43.995+0530: 156.583: Total time for which application threads were stopped: 0.0000936 seconds, Stopping threads took: 0.0000331 seconds
2018-08-15T23:22:44.597+0530: 157.186: Application time: 0.6025020 seconds
2018-08-15T23:22:44.597+0530: 157.186: [GC (Allocation Failure) AdaptiveSizePolicy::update_averages:  survived: 31562552  promoted: 8192  overflow: false
AdaptiveSizeStart: 157.192 collection: 303 
  avg_survived_padded_avg: 47737516.000000  avg_promoted_padded_avg: 7713907.000000  avg_pretenured_padded_avg: 0.000000  tenuring_thresh: 15  target_size: 48234496

Desired survivor size 48234496 bytes, new threshold 15 (max 15)
PSAdaptiveSizePolicy::compute_eden_space_size limits: desired_eden_size: 1355904668 old_eden_size: 1290797056 eden_limit: 1291845632 cur_eden: 1286602752 max_eden_size: 1291845632 avg_young_live: 30806028
PSAdaptiveSizePolicy::compute_eden_space_size: costs minor_time: 0.007555 major_cost: 0.020509 mutator_cost: 0.971936 throughput_goal: 0.990000 live_space: 374408640 free_space: 1380974592 old_eden_size: 1290797056 desired_eden_size: 1291845632
AdaptiveSizePolicy::survivor space sizes: collection: 303 (48234496, 51380224) -> (48234496, 48234496) 
AdaptiveSizeStop: collection: 303 
 1483730K->230142K(1521664K), 0.0066868 secs]
2018-08-15T23:22:44.604+0530: 157.193: Total time for which application threads were stopped: 0.0068092 seconds, Stopping threads took: 0.0000174 seconds
2018-08-15T23:22:44.993+0530: 157.582: Application time: 0.3889731 seconds
2018-08-15T23:22:44.993+0530: 157.582: Total time for which application threads were stopped: 0.0001151 seconds, Stopping threads took: 0.0000525 seconds
2018-08-15T23:22:45.114+0530: 157.703: Application time: 0.1211124 seconds
2018-08-15T23:22:45.114+0530: 157.703: Total time for which application threads were stopped: 0.0000718 seconds, Stopping threads took: 0.0000273 seconds
2018-08-15T23:22:45.114+0530: 157.703: Application time: 0.0000930 seconds
2018-08-15T23:22:45.114+0530: 157.703: Total time for which application threads were stopped: 0.0000378 seconds, Stopping threads took: 0.0000205 seconds
2018-08-15T23:22:45.115+0530: 157.703: Application time: 0.0004466 seconds
2018-08-15T23:22:45.115+0530: 157.703: Total time for which application threads were stopped: 0.0000432 seconds, Stopping threads took: 0.0000260 seconds
2018-08-15T23:22:45.116+0530: 157.704: Application time: 0.0008840 seconds
